******************************************************************************
                  TI ARM Linker PC v20.2.7                     
******************************************************************************
>> Linked Sat Aug 31 23:55:08 2024

OUTPUT FILE NAME:   <Project.out>
ENTRY POINT SYMBOL: "_c_int00_noargs"  address: 000039b9


MEMORY CONFIGURATION

         name            origin    length      used     unused   attr    fill
----------------------  --------  ---------  --------  --------  ----  --------
  FLASH                 00000000   00040000  00003c61  0003c39f  R  X
  SRAM                  20000000   00008000  00002bd7  00005429  RW X


SEGMENT ALLOCATION MAP

run origin  load origin   length   init length attrs members
----------  ----------- ---------- ----------- ----- -------
00000000    00000000    00003c68   00003c68    r-x
  00000000    00000000    0000026c   0000026c    r-- .intvecs
  0000026c    0000026c    000038bc   000038bc    r-x .text
  00003b28    00003b28    00000101   00000101    r-- .const
  00003c30    00003c30    00000038   00000038    r-- .cinit
20000000    20000000    00002bd8   00000000    rw-
  20000000    20000000    00002710   00000000    rw- .stack
  20002710    20002710    000004b7   00000000    rw- .bss
  20002bc8    20002bc8    00000010   00000000    rw- .data


SECTION ALLOCATION MAP

 output                                  attributes/
section   page    origin      length       input sections
--------  ----  ----------  ----------   ----------------
.intvecs   0    00000000    0000026c     
                  00000000    0000026c     tm4c123gh6pm_startup_ccs.obj (.intvecs)

.text      0    0000026c    000038bc     
                  0000026c    000015a4     Nguyen_Peter_1001495756.obj (.text)
                  00001810    00000a4e     rtsv7M4_T_le_v4SPD16_eabi.lib : _printfi.c.obj (.text:__TI_printfi)
                  0000225e    000002de     project.obj (.text)
                  0000253c    00000270     rtsv7M4_T_le_v4SPD16_eabi.lib : _printfi.c.obj (.text:_pconv_a)
                  000027ac    000001d0                                   : _printfi.c.obj (.text:_pconv_g)
                  0000297c    000001b6                                   : fd_add_t2.asm.obj (.text)
                  00002b32    00000002                                   : div0.asm.obj (.text)
                  00002b34    00000164     Uart0.obj (.text)
                  00002c98    0000013c     rtsv7M4_T_le_v4SPD16_eabi.lib : _printfi.c.obj (.text:_pconv_e)
                  00002dd4    00000136                                   : fd_div_t2.asm.obj (.text)
                  00002f0a    00000002     --HOLE-- [fill = 0]
                  00002f0c    00000124                                   : _printfi.c.obj (.text:fcvt)
                  00003030    00000110                                   : s_scalbn.c.obj (.text:scalbn)
                  00003140    000000fc                                   : fd_mul_t2.asm.obj (.text)
                  0000323c    000000b1                                   : _printfi.c.obj (.text:_ltostr)
                  000032ed    00000001     --HOLE-- [fill = 0]
                  000032ee    0000009c                                   : memcpy_t2.asm.obj (.text)
                  0000338a    00000096                                   : ull_div_t2.asm.obj (.text)
                  00003420    00000086                                   : fd_cmp_t2.asm.obj (.text:__aeabi_cdcmple)
                  000034a6    00000086                                   : fd_cmp_t2.asm.obj (.text:__aeabi_cdrcmple)
                  0000352c    00000084     eeprom.obj (.text)
                  000035b0    0000007a     rtsv7M4_T_le_v4SPD16_eabi.lib : memset_t2.asm.obj (.text)
                  0000362a    0000006e                                   : _printfi.c.obj (.text:_mcpy)
                  00003698    00000068                                   : copy_decompress_lzss.c.obj (.text:decompress:lzss:__TI_decompress_lzss)
                  00003700    00000064                                   : s_frexp.c.obj (.text:frexp)
                  00003764    00000056                                   : _printfi.c.obj (.text:_pconv_f)
                  000037ba    00000054                                   : _ltoa.c.obj (.text:__TI_ltoa)
                  0000380e    00000052                                   : _printfi.c.obj (.text:_ecpy)
                  00003860    0000004c                                   : atoi.c.obj (.text:atoi)
                  000038ac    00000048                                   : fd_toi_t2.asm.obj (.text)
                  000038f4    00000044                                   : autoinit.c.obj (.text:__TI_auto_init_nobinit_nopinit:__TI_auto_init_nobinit_nopinit)
                  00003938    00000040                                   : sprintf.c.obj (.text:sprintf)
                  00003978    0000003e                                   : _printfi.c.obj (.text:_fcpy)
                  000039b6    00000002     --HOLE-- [fill = 0]
                  000039b8    00000034                                   : boot_cortex_m.c.obj (.text:_c_int00_noargs:_c_int00_noargs)
                  000039ec    0000002e                                   : i_tofd_t2.asm.obj (.text)
                  00003a1a    00000024     wait.obj (.text)
                  00003a3e    00000020     rtsv7M4_T_le_v4SPD16_eabi.lib : u_tofd_t2.asm.obj (.text)
                  00003a5e    0000001c                                   : memccpy.c.obj (.text:memccpy)
                  00003a7a    0000001a                                   : s_copysign.c.obj (.text:copysign)
                  00003a94    00000018                                   : sprintf.c.obj (.text:_outs)
                  00003aac    00000016                                   : strchr.c.obj (.text:strchr)
                  00003ac2    00000014                                   : strlen.c.obj (.text:strlen)
                  00003ad6    00000012                                   : wcslen.c.obj (.text:wcslen)
                  00003ae8    0000000e                                   : copy_decompress_none.c.obj (.text:decompress:none:__TI_decompress_none)
                  00003af6    0000000c                                   : copy_zero_init.c.obj (.text:decompress:ZI:__TI_zero_init)
                  00003b02    0000000c     tm4c123gh6pm_startup_ccs.obj (.text)
                  00003b0e    0000000a     rtsv7M4_T_le_v4SPD16_eabi.lib : sprintf.c.obj (.text:_outc)
                  00003b18    00000008                                   : errno.c.obj (.text:__aeabi_errno_addr)
                  00003b20    00000004                                   : pre_init.c.obj (.text:_system_pre_init)
                  00003b24    00000004                                   : exit.c.obj (.text:abort:abort)

.const     0    00003b28    00000101     
                  00003b28    00000101     rtsv7M4_T_le_v4SPD16_eabi.lib : ctype.c.obj (.const:.string:_ctypes_)

.cinit     0    00003c30    00000038     
                  00003c30    00000010     (.cinit..data.load) [load image, compression = lzss]
                  00003c40    0000000c     (__TI_handler_table)
                  00003c4c    00000004     --HOLE-- [fill = 0]
                  00003c50    00000008     (.cinit..bss.load) [load image, compression = zero_init]
                  00003c58    00000010     (__TI_cinit_table)

.init_array 
*          0    00000000    00000000     UNINITIALIZED

.bss       0    20002710    000004b7     UNINITIALIZED
                  20002710    00000200     Nguyen_Peter_1001495756.obj (.bss:old_DMX_data$3)
                  20002910    00000200     (.common:DMX_data)
                  20002b10    00000050     (.common:bufferTX)
                  20002b60    00000014     Nguyen_Peter_1001495756.obj (.bss:delta_N$1)
                  20002b74    00000014     (.common:Addr)
                  20002b88    00000014     (.common:time_N)
                  20002b9c    0000000c     (.common:final_val)
                  20002ba8    0000000c     (.common:init_val)
                  20002bb4    0000000c     (.common:signal)
                  20002bc0    00000002     Nguyen_Peter_1001495756.obj (.bss)
                  20002bc2    00000002     (.common:Phase)
                  20002bc4    00000001     (.common:LED_Timeout)
                  20002bc5    00000001     (.common:poll_mode)
                  20002bc6    00000001     (.common:run)

.data      0    20002bc8    00000010     UNINITIALIZED
                  20002bc8    0000000a     Nguyen_Peter_1001495756.obj (.data)
                  20002bd2    00000002     --HOLE--
                  20002bd4    00000004     rtsv7M4_T_le_v4SPD16_eabi.lib : errno.c.obj (.data)

.stack     0    20000000    00002710     UNINITIALIZED
                  20000000    00000004     rtsv7M4_T_le_v4SPD16_eabi.lib : boot_cortex_m.c.obj (.stack)
                  20000004    0000270c     --HOLE--

__llvm_prf_cnts 
*          0    20000000    00000000     UNINITIALIZED

MODULE SUMMARY

       Module                         code    ro data   rw data
       ------                         ----    -------   -------
    .\
       Nguyen_Peter_1001495756.obj    5540    0         1217   
       project.obj                    734     0         0      
       tm4c123gh6pm_startup_ccs.obj   12      620       0      
       Uart0.obj                      356     0         0      
       eeprom.obj                     132     0         0      
       wait.obj                       36      0         0      
    +--+------------------------------+-------+---------+---------+
       Total:                         6810    620       1217   
                                                               
    C:\ti\ccs1280\ccs\tools\compiler\ti-cgt-arm_20.2.7.LTS\lib\rtsv7M4_T_le_v4SPD16_eabi.lib
       _printfi.c.obj                 4851    0         0      
       fd_add_t2.asm.obj              438     0         0      
       fd_div_t2.asm.obj              310     0         0      
       s_scalbn.c.obj                 272     0         0      
       fd_cmp_t2.asm.obj              268     0         0      
       ctype.c.obj                    0       257       0      
       fd_mul_t2.asm.obj              252     0         0      
       memcpy_t2.asm.obj              156     0         0      
       ull_div_t2.asm.obj             150     0         0      
       memset_t2.asm.obj              122     0         0      
       copy_decompress_lzss.c.obj     104     0         0      
       s_frexp.c.obj                  100     0         0      
       sprintf.c.obj                  98      0         0      
       _ltoa.c.obj                    84      0         0      
       atoi.c.obj                     76      0         0      
       fd_toi_t2.asm.obj              72      0         0      
       autoinit.c.obj                 68      0         0      
       boot_cortex_m.c.obj            52      0         0      
       i_tofd_t2.asm.obj              46      0         0      
       u_tofd_t2.asm.obj              32      0         0      
       memccpy.c.obj                  28      0         0      
       s_copysign.c.obj               26      0         0      
       strchr.c.obj                   22      0         0      
       strlen.c.obj                   20      0         0      
       wcslen.c.obj                   18      0         0      
       copy_decompress_none.c.obj     14      0         0      
       copy_zero_init.c.obj           12      0         0      
       errno.c.obj                    8       0         4      
       exit.c.obj                     4       0         0      
       pre_init.c.obj                 4       0         0      
       div0.asm.obj                   2       0         0      
    +--+------------------------------+-------+---------+---------+
       Total:                         7709    257       4      
                                                               
       Stack:                         0       0         10000  
       Linker Generated:              0       52        0      
    +--+------------------------------+-------+---------+---------+
       Grand Total:                   14519   929       11221  


LINKER GENERATED COPY TABLES

__TI_cinit_table @ 00003c58 records: 2, size/record: 8, table size: 16
	.data: load addr=00003c30, load size=00000010 bytes, run addr=20002bc8, run size=00000010 bytes, compression=lzss
	.bss: load addr=00003c50, load size=00000008 bytes, run addr=20002710, run size=000004b7 bytes, compression=zero_init


LINKER GENERATED HANDLER TABLE

__TI_handler_table @ 00003c40 records: 3, size/record: 4, table size: 12
	index: 0, handler: __TI_decompress_lzss
	index: 1, handler: __TI_decompress_none
	index: 2, handler: __TI_zero_init


GLOBAL SYMBOLS: SORTED ALPHABETICALLY BY Name 

address   name                          
-------   ----                          
20002b74  Addr                          
00003b25  C$$EXIT                       
00000fbd  Commands                      
20002910  DMX_data                      
20002bce  Device_Addr                   
20002bc4  LED_Timeout                   
20002bd0  Mode                          
20002bc2  Phase                         
00003b03  ResetISR                      
00001375  System_init                   
00000591  Timer0ISR                     
000005f5  Timer1ISR                     
00000705  Timer2ISR                     
000003eb  UART0ISR                      
00000bc5  UART1ISR                      
20002710  __STACK_END                   
00002710  __STACK_SIZE                  
20000200  __STACK_TOP                   
00003c58  __TI_CINIT_Base               
00003c68  __TI_CINIT_Limit              
00003c40  __TI_Handler_Table_Base       
00003c4c  __TI_Handler_Table_Limit      
000038f5  __TI_auto_init_nobinit_nopinit
00003699  __TI_decompress_lzss          
00003ae9  __TI_decompress_none          
000037bb  __TI_ltoa                     
ffffffff  __TI_pprof_out_hndl           
00001811  __TI_printfi                  
ffffffff  __TI_prof_data_size           
ffffffff  __TI_prof_data_start          
00000000  __TI_static_base__            
00003af7  __TI_zero_init                
00003421  __aeabi_cdcmpeq               
00003421  __aeabi_cdcmple               
000034a7  __aeabi_cdrcmple              
000038ad  __aeabi_d2iz                  
00002987  __aeabi_dadd                  
00002dd5  __aeabi_ddiv                  
00003141  __aeabi_dmul                  
0000297d  __aeabi_dsub                  
00003b19  __aeabi_errno_addr            
000039ed  __aeabi_i2d                   
00002b33  __aeabi_idiv0                 
00002b33  __aeabi_ldiv0                 
000035b1  __aeabi_memclr                
000035b1  __aeabi_memclr4               
000035b1  __aeabi_memclr8               
000032ef  __aeabi_memcpy                
000032ef  __aeabi_memcpy4               
000032ef  __aeabi_memcpy8               
000035b3  __aeabi_memset                
000035b3  __aeabi_memset4               
000035b3  __aeabi_memset8               
00003a3f  __aeabi_ui2d                  
0000338b  __aeabi_uldivmod              
ffffffff  __binit__                     
ffffffff  __c_args__                    
UNDEFED   __mpu_init                    
20000000  __stack                       
20000000  __start___llvm_prf_cnts       
20000000  __stop___llvm_prf_cnts        
000039b9  _c_int00_noargs               
00003b28  _ctypes_                      
UNDEFED   _system_post_cinit            
00003b21  _system_pre_init              
00003b25  abort                         
00003861  atoi                          
ffffffff  binit                         
00000dd5  blinkLED                      
20002b10  bufferTX                      
00003a7b  copysign                      
00003a7b  copysignl                     
0000026d  displayUart0                  
20002bd4  errno                         
20002b9c  final_val                     
00003701  frexp                         
00003701  frexpl                        
00000000  g_pfnVectors                  
00002467  getFieldString                
00002497  getFieldValue                 
00002c33  getcUart0                     
00000301  getsUart0                     
0000352d  initEeprom                    
00000e99  initHw                        
00000e05  initPWM                       
00000439  initTimer                     
00002b35  initUart0                     
00000d39  initUart1                     
20002ba8  init_val                      
000024d7  isCommand                     
00002c47  kbhitUart0                    
00003031  ldexp                         
00003031  ldexpl                        
00001465  main                          
20002bcc  max_addr                      
00003a5f  memccpy                       
000032ef  memcpy                        
000035b9  memset                        
0000225f  my_atoi                       
000022d3  my_strcmp                     
00002317  parse                         
20002bc5  poll_mode                     
00002beb  putcUart0                     
00002c07  putsUart0                     
20002bca  rd_index                      
00003575  readEeprom                    
20002bc6  run                           
00003031  scalbn                        
00003031  scalbnl                       
0000050d  send_break                    
00002bbd  setUart0BaudRate              
000003cb  setUart0ISR                   
20002bb4  signal                        
00003939  sprintf                       
000004cb  startTimer                    
00000549  start_DMXRX                   
0000053b  start_DMXTX                   
0000056b  start_Polling                 
00003aad  strchr                        
00003ac3  strlen                        
20002b88  time_N                        
20002bc8  valid                         
00003a1b  waitMicrosecond               
00003ad7  wcslen                        
20002bc9  wr_index                      
00003543  writeEeprom                   


GLOBAL SYMBOLS: SORTED BY Symbol Address 

address   name                          
-------   ----                          
00000000  __TI_static_base__            
00000000  g_pfnVectors                  
0000026d  displayUart0                  
00000301  getsUart0                     
000003cb  setUart0ISR                   
000003eb  UART0ISR                      
00000439  initTimer                     
000004cb  startTimer                    
0000050d  send_break                    
0000053b  start_DMXTX                   
00000549  start_DMXRX                   
0000056b  start_Polling                 
00000591  Timer0ISR                     
000005f5  Timer1ISR                     
00000705  Timer2ISR                     
00000bc5  UART1ISR                      
00000d39  initUart1                     
00000dd5  blinkLED                      
00000e05  initPWM                       
00000e99  initHw                        
00000fbd  Commands                      
00001375  System_init                   
00001465  main                          
00001811  __TI_printfi                  
0000225f  my_atoi                       
000022d3  my_strcmp                     
00002317  parse                         
00002467  getFieldString                
00002497  getFieldValue                 
000024d7  isCommand                     
00002710  __STACK_SIZE                  
0000297d  __aeabi_dsub                  
00002987  __aeabi_dadd                  
00002b33  __aeabi_idiv0                 
00002b33  __aeabi_ldiv0                 
00002b35  initUart0                     
00002bbd  setUart0BaudRate              
00002beb  putcUart0                     
00002c07  putsUart0                     
00002c33  getcUart0                     
00002c47  kbhitUart0                    
00002dd5  __aeabi_ddiv                  
00003031  ldexp                         
00003031  ldexpl                        
00003031  scalbn                        
00003031  scalbnl                       
00003141  __aeabi_dmul                  
000032ef  __aeabi_memcpy                
000032ef  __aeabi_memcpy4               
000032ef  __aeabi_memcpy8               
000032ef  memcpy                        
0000338b  __aeabi_uldivmod              
00003421  __aeabi_cdcmpeq               
00003421  __aeabi_cdcmple               
000034a7  __aeabi_cdrcmple              
0000352d  initEeprom                    
00003543  writeEeprom                   
00003575  readEeprom                    
000035b1  __aeabi_memclr                
000035b1  __aeabi_memclr4               
000035b1  __aeabi_memclr8               
000035b3  __aeabi_memset                
000035b3  __aeabi_memset4               
000035b3  __aeabi_memset8               
000035b9  memset                        
00003699  __TI_decompress_lzss          
00003701  frexp                         
00003701  frexpl                        
000037bb  __TI_ltoa                     
00003861  atoi                          
000038ad  __aeabi_d2iz                  
000038f5  __TI_auto_init_nobinit_nopinit
00003939  sprintf                       
000039b9  _c_int00_noargs               
000039ed  __aeabi_i2d                   
00003a1b  waitMicrosecond               
00003a3f  __aeabi_ui2d                  
00003a5f  memccpy                       
00003a7b  copysign                      
00003a7b  copysignl                     
00003aad  strchr                        
00003ac3  strlen                        
00003ad7  wcslen                        
00003ae9  __TI_decompress_none          
00003af7  __TI_zero_init                
00003b03  ResetISR                      
00003b19  __aeabi_errno_addr            
00003b21  _system_pre_init              
00003b25  C$$EXIT                       
00003b25  abort                         
00003b28  _ctypes_                      
00003c40  __TI_Handler_Table_Base       
00003c4c  __TI_Handler_Table_Limit      
00003c58  __TI_CINIT_Base               
00003c68  __TI_CINIT_Limit              
20000000  __stack                       
20000000  __start___llvm_prf_cnts       
20000000  __stop___llvm_prf_cnts        
20000200  __STACK_TOP                   
20002710  __STACK_END                   
20002910  DMX_data                      
20002b10  bufferTX                      
20002b74  Addr                          
20002b88  time_N                        
20002b9c  final_val                     
20002ba8  init_val                      
20002bb4  signal                        
20002bc2  Phase                         
20002bc4  LED_Timeout                   
20002bc5  poll_mode                     
20002bc6  run                           
20002bc8  valid                         
20002bc9  wr_index                      
20002bca  rd_index                      
20002bcc  max_addr                      
20002bce  Device_Addr                   
20002bd0  Mode                          
20002bd4  errno                         
ffffffff  __TI_pprof_out_hndl           
ffffffff  __TI_prof_data_size           
ffffffff  __TI_prof_data_start          
ffffffff  __binit__                     
ffffffff  __c_args__                    
ffffffff  binit                         
UNDEFED   __mpu_init                    
UNDEFED   _system_post_cinit            

[126 symbols]
