<?xml version="1.0" encoding="ISO-8859-1" ?>
<link_info>
   <banner>TI ARM Linker PC v20.2.1.LTS</banner>
   <copyright>Copyright (c) 1996-2018 Texas Instruments Incorporated</copyright>
   <link_time>0x605b837c</link_time>
   <link_errors>0x0</link_errors>
   <output_file>ACADS_CSE_Motor_Test.out</output_file>
   <entry_point>
      <name>_c_int00_noargs</name>
      <address>0x12e9</address>
   </entry_point>
   <input_file_list>
      <input_file id="fl-2">
         <path>.\</path>
         <kind>object</kind>
         <file>control.obj</file>
         <name>control.obj</name>
      </input_file>
      <input_file id="fl-3">
         <path>.\</path>
         <kind>object</kind>
         <file>main.obj</file>
         <name>main.obj</name>
      </input_file>
      <input_file id="fl-4">
         <path>.\</path>
         <kind>object</kind>
         <file>tm4c123gh6pm_startup_ccs.obj</file>
         <name>tm4c123gh6pm_startup_ccs.obj</name>
      </input_file>
      <input_file id="fl-9">
         <kind>object</kind>
         <file>&lt;internal&gt;</file>
         <name>&lt;internal&gt;</name>
      </input_file>
      <input_file id="fl-a">
         <path>C:\ti\TivaWare_C_Series-2.2.0.295\driverlib\ccs\Debug\</path>
         <kind>archive</kind>
         <file>driverlib.lib</file>
         <name>adc.obj</name>
      </input_file>
      <input_file id="fl-b">
         <path>C:\ti\TivaWare_C_Series-2.2.0.295\driverlib\ccs\Debug\</path>
         <kind>archive</kind>
         <file>driverlib.lib</file>
         <name>fpu.obj</name>
      </input_file>
      <input_file id="fl-c">
         <path>C:\ti\TivaWare_C_Series-2.2.0.295\driverlib\ccs\Debug\</path>
         <kind>archive</kind>
         <file>driverlib.lib</file>
         <name>gpio.obj</name>
      </input_file>
      <input_file id="fl-d">
         <path>C:\ti\TivaWare_C_Series-2.2.0.295\driverlib\ccs\Debug\</path>
         <kind>archive</kind>
         <file>driverlib.lib</file>
         <name>interrupt.obj</name>
      </input_file>
      <input_file id="fl-e">
         <path>C:\ti\TivaWare_C_Series-2.2.0.295\driverlib\ccs\Debug\</path>
         <kind>archive</kind>
         <file>driverlib.lib</file>
         <name>pwm.obj</name>
      </input_file>
      <input_file id="fl-f">
         <path>C:\ti\TivaWare_C_Series-2.2.0.295\driverlib\ccs\Debug\</path>
         <kind>archive</kind>
         <file>driverlib.lib</file>
         <name>qei.obj</name>
      </input_file>
      <input_file id="fl-10">
         <path>C:\ti\TivaWare_C_Series-2.2.0.295\driverlib\ccs\Debug\</path>
         <kind>archive</kind>
         <file>driverlib.lib</file>
         <name>sysctl.obj</name>
      </input_file>
      <input_file id="fl-11">
         <path>C:\ti\TivaWare_C_Series-2.2.0.295\driverlib\ccs\Debug\</path>
         <kind>archive</kind>
         <file>driverlib.lib</file>
         <name>cpu.obj</name>
      </input_file>
      <input_file id="fl-c7">
         <path>C:\ti\ccs1010\ccs\tools\compiler\ti-cgt-arm_20.2.1.LTS\lib\</path>
         <kind>archive</kind>
         <file>rtsv7M4_T_le_v4SPD16_eabi.lib</file>
         <name>fd_div_t2.asm.obj</name>
      </input_file>
      <input_file id="fl-c8">
         <path>C:\ti\ccs1010\ccs\tools\compiler\ti-cgt-arm_20.2.1.LTS\lib\</path>
         <kind>archive</kind>
         <file>rtsv7M4_T_le_v4SPD16_eabi.lib</file>
         <name>fd_mul_t2.asm.obj</name>
      </input_file>
      <input_file id="fl-c9">
         <path>C:\ti\ccs1010\ccs\tools\compiler\ti-cgt-arm_20.2.1.LTS\lib\</path>
         <kind>archive</kind>
         <file>rtsv7M4_T_le_v4SPD16_eabi.lib</file>
         <name>fd_tou_t2.asm.obj</name>
      </input_file>
      <input_file id="fl-ca">
         <path>C:\ti\ccs1010\ccs\tools\compiler\ti-cgt-arm_20.2.1.LTS\lib\</path>
         <kind>archive</kind>
         <file>rtsv7M4_T_le_v4SPD16_eabi.lib</file>
         <name>u_tofd_t2.asm.obj</name>
      </input_file>
      <input_file id="fl-cb">
         <path>C:\ti\ccs1010\ccs\tools\compiler\ti-cgt-arm_20.2.1.LTS\lib\</path>
         <kind>archive</kind>
         <file>rtsv7M4_T_le_v4SPD16_eabi.lib</file>
         <name>copy_zero_init.c.obj</name>
      </input_file>
      <input_file id="fl-cc">
         <path>C:\ti\ccs1010\ccs\tools\compiler\ti-cgt-arm_20.2.1.LTS\lib\</path>
         <kind>archive</kind>
         <file>rtsv7M4_T_le_v4SPD16_eabi.lib</file>
         <name>copy_decompress_none.c.obj</name>
      </input_file>
      <input_file id="fl-cd">
         <path>C:\ti\ccs1010\ccs\tools\compiler\ti-cgt-arm_20.2.1.LTS\lib\</path>
         <kind>archive</kind>
         <file>rtsv7M4_T_le_v4SPD16_eabi.lib</file>
         <name>copy_decompress_lzss.c.obj</name>
      </input_file>
      <input_file id="fl-ce">
         <path>C:\ti\ccs1010\ccs\tools\compiler\ti-cgt-arm_20.2.1.LTS\lib\</path>
         <kind>archive</kind>
         <file>rtsv7M4_T_le_v4SPD16_eabi.lib</file>
         <name>boot_cortex_m.c.obj</name>
      </input_file>
      <input_file id="fl-cf">
         <path>C:\ti\ccs1010\ccs\tools\compiler\ti-cgt-arm_20.2.1.LTS\lib\</path>
         <kind>archive</kind>
         <file>rtsv7M4_T_le_v4SPD16_eabi.lib</file>
         <name>memset_t2.asm.obj</name>
      </input_file>
      <input_file id="fl-d0">
         <path>C:\ti\ccs1010\ccs\tools\compiler\ti-cgt-arm_20.2.1.LTS\lib\</path>
         <kind>archive</kind>
         <file>rtsv7M4_T_le_v4SPD16_eabi.lib</file>
         <name>memcpy_t2.asm.obj</name>
      </input_file>
      <input_file id="fl-d1">
         <path>C:\ti\ccs1010\ccs\tools\compiler\ti-cgt-arm_20.2.1.LTS\lib\</path>
         <kind>archive</kind>
         <file>rtsv7M4_T_le_v4SPD16_eabi.lib</file>
         <name>autoinit.c.obj</name>
      </input_file>
      <input_file id="fl-d2">
         <path>C:\ti\ccs1010\ccs\tools\compiler\ti-cgt-arm_20.2.1.LTS\lib\</path>
         <kind>archive</kind>
         <file>rtsv7M4_T_le_v4SPD16_eabi.lib</file>
         <name>pre_init.c.obj</name>
      </input_file>
      <input_file id="fl-d3">
         <path>C:\ti\ccs1010\ccs\tools\compiler\ti-cgt-arm_20.2.1.LTS\lib\</path>
         <kind>archive</kind>
         <file>rtsv7M4_T_le_v4SPD16_eabi.lib</file>
         <name>cpy_tbl.c.obj</name>
      </input_file>
      <input_file id="fl-d4">
         <path>C:\ti\ccs1010\ccs\tools\compiler\ti-cgt-arm_20.2.1.LTS\lib\</path>
         <kind>archive</kind>
         <file>rtsv7M4_T_le_v4SPD16_eabi.lib</file>
         <name>exit.c.obj</name>
      </input_file>
      <input_file id="fl-d5">
         <path>C:\ti\ccs1010\ccs\tools\compiler\ti-cgt-arm_20.2.1.LTS\lib\</path>
         <kind>archive</kind>
         <file>rtsv7M4_T_le_v4SPD16_eabi.lib</file>
         <name>_lock.c.obj</name>
      </input_file>
      <input_file id="fl-d6">
         <path>C:\ti\ccs1010\ccs\tools\compiler\ti-cgt-arm_20.2.1.LTS\lib\</path>
         <kind>archive</kind>
         <file>rtsv7M4_T_le_v4SPD16_eabi.lib</file>
         <name>args_main.c.obj</name>
      </input_file>
   </input_file_list>
   <object_component_list>
      <object_component id="oc-12">
         <name>.intvecs</name>
         <load_address>0x0</load_address>
         <run_address>0x0</run_address>
         <size>0x26c</size>
         <input_file_ref idref="fl-4"/>
      </object_component>
      <object_component id="oc-33">
         <name>.text</name>
         <load_address>0x26c</load_address>
         <run_address>0x26c</run_address>
         <size>0x4c8</size>
         <input_file_ref idref="fl-2"/>
      </object_component>
      <object_component id="oc-2d">
         <name>.text</name>
         <load_address>0x734</load_address>
         <run_address>0x734</run_address>
         <size>0x304</size>
         <input_file_ref idref="fl-3"/>
      </object_component>
      <object_component id="oc-211">
         <name>.text:GPIOPadConfigSet</name>
         <load_address>0xa38</load_address>
         <run_address>0xa38</run_address>
         <size>0x16c</size>
         <input_file_ref idref="fl-c"/>
      </object_component>
      <object_component id="oc-a8">
         <name>.text</name>
         <load_address>0xba4</load_address>
         <run_address>0xba4</run_address>
         <size>0x136</size>
         <input_file_ref idref="fl-c7"/>
      </object_component>
      <object_component id="oc-a3">
         <name>.text</name>
         <load_address>0xcda</load_address>
         <run_address>0xcda</run_address>
         <size>0xfc</size>
         <input_file_ref idref="fl-c8"/>
      </object_component>
      <object_component id="oc-d7">
         <name>.text:SysCtlClockSet</name>
         <load_address>0xdd8</load_address>
         <run_address>0xdd8</run_address>
         <size>0xf4</size>
         <input_file_ref idref="fl-10"/>
      </object_component>
      <object_component id="oc-47">
         <name>.text</name>
         <load_address>0xecc</load_address>
         <run_address>0xecc</run_address>
         <size>0x9c</size>
         <input_file_ref idref="fl-d0"/>
      </object_component>
      <object_component id="oc-14a">
         <name>.text:ADCSequenceStepConfigure</name>
         <load_address>0xf68</load_address>
         <run_address>0xf68</run_address>
         <size>0x7a</size>
         <input_file_ref idref="fl-a"/>
      </object_component>
      <object_component id="oc-ea">
         <name>.text:IntEnable</name>
         <load_address>0xfe4</load_address>
         <run_address>0xfe4</run_address>
         <size>0x68</size>
         <input_file_ref idref="fl-d"/>
      </object_component>
      <object_component id="oc-15">
         <name>.text:decompress:lzss:__TI_decompress_lzss</name>
         <load_address>0x104c</load_address>
         <run_address>0x104c</run_address>
         <size>0x68</size>
         <input_file_ref idref="fl-cd"/>
      </object_component>
      <object_component id="oc-f0">
         <name>.text:GPIOIntTypeSet</name>
         <load_address>0x10b4</load_address>
         <run_address>0x10b4</run_address>
         <size>0x58</size>
         <input_file_ref idref="fl-c"/>
      </object_component>
      <object_component id="oc-230">
         <name>.text:_ADCIntNumberGet</name>
         <load_address>0x110c</load_address>
         <run_address>0x110c</run_address>
         <size>0x50</size>
         <input_file_ref idref="fl-a"/>
      </object_component>
      <object_component id="oc-144">
         <name>.text:ADCSequenceConfigure</name>
         <load_address>0x115c</load_address>
         <run_address>0x115c</run_address>
         <size>0x4e</size>
         <input_file_ref idref="fl-a"/>
      </object_component>
      <object_component id="oc-102">
         <name>.text:GPIOPinConfigure</name>
         <load_address>0x11ac</load_address>
         <run_address>0x11ac</run_address>
         <size>0x4c</size>
         <input_file_ref idref="fl-c"/>
      </object_component>
      <object_component id="oc-26d">
         <name>.text:__TI_auto_init_nobinit_nopinit:__TI_auto_init_nobinit_nopinit</name>
         <load_address>0x11f8</load_address>
         <run_address>0x11f8</run_address>
         <size>0x44</size>
         <input_file_ref idref="fl-d1"/>
      </object_component>
      <object_component id="oc-ad">
         <name>.text</name>
         <load_address>0x123c</load_address>
         <run_address>0x123c</run_address>
         <size>0x44</size>
         <input_file_ref idref="fl-c9"/>
      </object_component>
      <object_component id="oc-236">
         <name>.text:IntRegister</name>
         <load_address>0x1280</load_address>
         <run_address>0x1280</run_address>
         <size>0x34</size>
         <input_file_ref idref="fl-d"/>
      </object_component>
      <object_component id="oc-dd">
         <name>.text:SysCtlPeripheralEnable</name>
         <load_address>0x12b4</load_address>
         <run_address>0x12b4</run_address>
         <size>0x34</size>
         <input_file_ref idref="fl-10"/>
      </object_component>
      <object_component id="oc-65">
         <name>.text:_c_int00_noargs:_c_int00_noargs</name>
         <load_address>0x12e8</load_address>
         <run_address>0x12e8</run_address>
         <size>0x34</size>
         <input_file_ref idref="fl-ce"/>
      </object_component>
      <object_component id="oc-20b">
         <name>.text:GPIODirModeSet</name>
         <load_address>0x131c</load_address>
         <run_address>0x131c</run_address>
         <size>0x2c</size>
         <input_file_ref idref="fl-c"/>
      </object_component>
      <object_component id="oc-10e">
         <name>.text:PWMGenConfigure</name>
         <load_address>0x1348</load_address>
         <run_address>0x1348</run_address>
         <size>0x22</size>
         <input_file_ref idref="fl-e"/>
      </object_component>
      <object_component id="oc-9e">
         <name>.text</name>
         <load_address>0x136a</load_address>
         <run_address>0x136a</run_address>
         <size>0x20</size>
         <input_file_ref idref="fl-ca"/>
      </object_component>
      <object_component id="oc-180">
         <name>.text:ADCSequenceDataGet</name>
         <load_address>0x138a</load_address>
         <run_address>0x138a</run_address>
         <size>0x1e</size>
         <input_file_ref idref="fl-a"/>
      </object_component>
      <object_component id="oc-98">
         <name>.text:PWMPulseWidthSet</name>
         <load_address>0x13a8</load_address>
         <run_address>0x13a8</run_address>
         <size>0x1e</size>
         <input_file_ref idref="fl-e"/>
      </object_component>
      <object_component id="oc-53">
         <name>.text:decompress:ZI:__TI_zero_init_nomemset:__TI_zero_init_nomemset</name>
         <load_address>0x13c6</load_address>
         <run_address>0x13c6</run_address>
         <size>0x1c</size>
         <input_file_ref idref="fl-cb"/>
      </object_component>
      <object_component id="oc-150">
         <name>.text:ADCIntRegister</name>
         <load_address>0x13e2</load_address>
         <run_address>0x13e2</run_address>
         <size>0x18</size>
         <input_file_ref idref="fl-a"/>
      </object_component>
      <object_component id="oc-b2">
         <name>.text:ADCProcessorTrigger</name>
         <load_address>0x13fa</load_address>
         <run_address>0x13fa</run_address>
         <size>0x18</size>
         <input_file_ref idref="fl-a"/>
      </object_component>
      <object_component id="oc-138">
         <name>.text:GPIOPinTypeADC</name>
         <load_address>0x1412</load_address>
         <run_address>0x1412</run_address>
         <size>0x16</size>
         <input_file_ref idref="fl-c"/>
      </object_component>
      <object_component id="oc-e4">
         <name>.text:GPIOPinTypeGPIOInput</name>
         <load_address>0x1428</load_address>
         <run_address>0x1428</run_address>
         <size>0x16</size>
         <input_file_ref idref="fl-c"/>
      </object_component>
      <object_component id="oc-108">
         <name>.text:GPIOPinTypePWM</name>
         <load_address>0x143e</load_address>
         <run_address>0x143e</run_address>
         <size>0x16</size>
         <input_file_ref idref="fl-c"/>
      </object_component>
      <object_component id="oc-18c">
         <name>.text:GPIOPinTypeQEI</name>
         <load_address>0x1454</load_address>
         <run_address>0x1454</run_address>
         <size>0x16</size>
         <input_file_ref idref="fl-c"/>
      </object_component>
      <object_component id="oc-17a">
         <name>.text:PWMGenFaultClear</name>
         <load_address>0x146a</load_address>
         <run_address>0x146a</run_address>
         <size>0x16</size>
         <input_file_ref idref="fl-e"/>
      </object_component>
      <object_component id="oc-fc">
         <name>.text:SysCtlPWMClockSet</name>
         <load_address>0x1480</load_address>
         <run_address>0x1480</run_address>
         <size>0x14</size>
         <input_file_ref idref="fl-10"/>
      </object_component>
      <object_component id="oc-120">
         <name>.text:PWMOutputFault</name>
         <load_address>0x1494</load_address>
         <run_address>0x1494</run_address>
         <size>0x12</size>
         <input_file_ref idref="fl-e"/>
      </object_component>
      <object_component id="oc-126">
         <name>.text:PWMOutputFaultLevel</name>
         <load_address>0x14a6</load_address>
         <run_address>0x14a6</run_address>
         <size>0x12</size>
         <input_file_ref idref="fl-e"/>
      </object_component>
      <object_component id="oc-7a">
         <name>.text:PWMOutputState</name>
         <load_address>0x14b8</load_address>
         <run_address>0x14b8</run_address>
         <size>0x12</size>
         <input_file_ref idref="fl-e"/>
      </object_component>
      <object_component id="oc-156">
         <name>.text:ADCIntEnable</name>
         <load_address>0x14ca</load_address>
         <run_address>0x14ca</run_address>
         <size>0x10</size>
         <input_file_ref idref="fl-a"/>
      </object_component>
      <object_component id="oc-186">
         <name>.text:FPUEnable</name>
         <load_address>0x14dc</load_address>
         <run_address>0x14dc</run_address>
         <size>0x10</size>
         <input_file_ref idref="fl-b"/>
      </object_component>
      <object_component id="oc-114">
         <name>.text:PWMGenFaultConfigure</name>
         <load_address>0x14ec</load_address>
         <run_address>0x14ec</run_address>
         <size>0x10</size>
         <input_file_ref idref="fl-e"/>
      </object_component>
      <object_component id="oc-12c">
         <name>.text:PWMGenPeriodSet</name>
         <load_address>0x14fc</load_address>
         <run_address>0x14fc</run_address>
         <size>0x10</size>
         <input_file_ref idref="fl-e"/>
      </object_component>
      <object_component id="oc-16e">
         <name>.text:ADCComparatorRegionSet</name>
         <load_address>0x150c</load_address>
         <run_address>0x150c</run_address>
         <size>0xe</size>
         <input_file_ref idref="fl-a"/>
      </object_component>
      <object_component id="oc-13e">
         <name>.text:ADCSequenceDisable</name>
         <load_address>0x151a</load_address>
         <run_address>0x151a</run_address>
         <size>0xe</size>
         <input_file_ref idref="fl-a"/>
      </object_component>
      <object_component id="oc-15c">
         <name>.text:ADCSequenceEnable</name>
         <load_address>0x1528</load_address>
         <run_address>0x1528</run_address>
         <size>0xe</size>
         <input_file_ref idref="fl-a"/>
      </object_component>
      <object_component id="oc-8c">
         <name>.text:GPIOIntStatus</name>
         <load_address>0x1536</load_address>
         <run_address>0x1536</run_address>
         <size>0xe</size>
         <input_file_ref idref="fl-c"/>
      </object_component>
      <object_component id="oc-11a">
         <name>.text:PWMGenFaultTriggerSet</name>
         <load_address>0x1544</load_address>
         <run_address>0x1544</run_address>
         <size>0xe</size>
         <input_file_ref idref="fl-e"/>
      </object_component>
      <object_component id="oc-19e">
         <name>.text:QEIConfigure</name>
         <load_address>0x1552</load_address>
         <run_address>0x1552</run_address>
         <size>0xe</size>
         <input_file_ref idref="fl-f"/>
      </object_component>
      <object_component id="oc-1b">
         <name>.text:decompress:none:__TI_decompress_none</name>
         <load_address>0x1560</load_address>
         <run_address>0x1560</run_address>
         <size>0xe</size>
         <input_file_ref idref="fl-cc"/>
      </object_component>
      <object_component id="oc-f6">
         <name>.text:GPIOIntEnable</name>
         <load_address>0x156e</load_address>
         <run_address>0x156e</run_address>
         <size>0xc</size>
         <input_file_ref idref="fl-c"/>
      </object_component>
      <object_component id="oc-132">
         <name>.text:PWMGenEnable</name>
         <load_address>0x157a</load_address>
         <run_address>0x157a</run_address>
         <size>0xc</size>
         <input_file_ref idref="fl-e"/>
      </object_component>
      <object_component id="oc-27">
         <name>.text</name>
         <load_address>0x1586</load_address>
         <run_address>0x1586</run_address>
         <size>0xc</size>
         <input_file_ref idref="fl-4"/>
      </object_component>
      <object_component id="oc-168">
         <name>.text:ADCComparatorConfigure</name>
         <load_address>0x1592</load_address>
         <run_address>0x1592</run_address>
         <size>0xa</size>
         <input_file_ref idref="fl-a"/>
      </object_component>
      <object_component id="oc-162">
         <name>.text:ADCIntClear</name>
         <load_address>0x159c</load_address>
         <run_address>0x159c</run_address>
         <size>0xa</size>
         <input_file_ref idref="fl-a"/>
      </object_component>
      <object_component id="oc-192">
         <name>.text:QEIDisable</name>
         <load_address>0x15a6</load_address>
         <run_address>0x15a6</run_address>
         <size>0xa</size>
         <input_file_ref idref="fl-f"/>
      </object_component>
      <object_component id="oc-1a4">
         <name>.text:QEIEnable</name>
         <load_address>0x15b0</load_address>
         <run_address>0x15b0</run_address>
         <size>0xa</size>
         <input_file_ref idref="fl-f"/>
      </object_component>
      <object_component id="oc-198">
         <name>.text:QEIIntDisable</name>
         <load_address>0x15ba</load_address>
         <run_address>0x15ba</run_address>
         <size>0xa</size>
         <input_file_ref idref="fl-f"/>
      </object_component>
      <object_component id="oc-86">
         <name>.text:GPIOIntClear</name>
         <load_address>0x15c4</load_address>
         <run_address>0x15c4</run_address>
         <size>0x6</size>
         <input_file_ref idref="fl-c"/>
      </object_component>
      <object_component id="oc-92">
         <name>.text:GPIOPinRead</name>
         <load_address>0x15ca</load_address>
         <run_address>0x15ca</run_address>
         <size>0x6</size>
         <input_file_ref idref="fl-c"/>
      </object_component>
      <object_component id="oc-e3">
         <name>.text:SysCtlDelay</name>
         <load_address>0x15d0</load_address>
         <run_address>0x15d0</run_address>
         <size>0x6</size>
         <input_file_ref idref="fl-10"/>
      </object_component>
      <object_component id="oc-174">
         <name>.text:PWMFaultIntClearExt</name>
         <load_address>0x15d6</load_address>
         <run_address>0x15d6</run_address>
         <size>0x4</size>
         <input_file_ref idref="fl-e"/>
      </object_component>
      <object_component id="oc-80">
         <name>.text:PWMSyncTimeBase</name>
         <load_address>0x15da</load_address>
         <run_address>0x15da</run_address>
         <size>0x4</size>
         <input_file_ref idref="fl-e"/>
      </object_component>
      <object_component id="oc-b8">
         <name>.text:QEIPositionGet</name>
         <load_address>0x15de</load_address>
         <run_address>0x15de</run_address>
         <size>0x4</size>
         <input_file_ref idref="fl-f"/>
      </object_component>
      <object_component id="oc-1aa">
         <name>.text:QEIPositionSet</name>
         <load_address>0x15e2</load_address>
         <run_address>0x15e2</run_address>
         <size>0x4</size>
         <input_file_ref idref="fl-f"/>
      </object_component>
      <object_component id="oc-1d4">
         <name>.text:_system_pre_init</name>
         <load_address>0x15e6</load_address>
         <run_address>0x15e6</run_address>
         <size>0x4</size>
         <input_file_ref idref="fl-d2"/>
      </object_component>
      <object_component id="oc-261">
         <name>.text:abort:abort</name>
         <load_address>0x15ea</load_address>
         <run_address>0x15ea</run_address>
         <size>0x4</size>
         <input_file_ref idref="fl-d4"/>
      </object_component>
      <object_component id="oc-220">
         <name>.const:g_pui32GPIOBaseAddrs</name>
         <load_address>0x15f0</load_address>
         <run_address>0x15f0</run_address>
         <size>0x90</size>
         <input_file_ref idref="fl-c"/>
      </object_component>
      <object_component id="oc-218">
         <name>.const:g_pui32EnRegs</name>
         <load_address>0x1680</load_address>
         <run_address>0x1680</run_address>
         <size>0x14</size>
         <input_file_ref idref="fl-d"/>
      </object_component>
      <object_component id="oc-342">
         <name>.cinit..data.load</name>
         <load_address>0x1698</load_address>
         <run_address>0x1698</run_address>
         <size>0x12</size>
      </object_component>
      <object_component id="oc-33f">
         <name>__TI_handler_table</name>
         <load_address>0x16ac</load_address>
         <run_address>0x16ac</run_address>
         <size>0xc</size>
      </object_component>
      <object_component id="oc-343">
         <name>.cinit..bss.load</name>
         <load_address>0x16b8</load_address>
         <run_address>0x16b8</run_address>
         <size>0x8</size>
      </object_component>
      <object_component id="oc-341">
         <name>.cinit..vtable.load</name>
         <load_address>0x16c0</load_address>
         <run_address>0x16c0</run_address>
         <size>0x8</size>
      </object_component>
      <object_component id="oc-340">
         <name>__TI_cinit_table</name>
         <load_address>0x16c8</load_address>
         <run_address>0x16c8</run_address>
         <size>0x18</size>
      </object_component>
      <object_component id="oc-2c0">
         <name>.vtable</name>
         <uninitialized>true</uninitialized>
         <run_address>0x20000000</run_address>
         <size>0x26c</size>
         <input_file_ref idref="fl-d"/>
      </object_component>
      <object_component id="oc-c9">
         <name>.data</name>
         <load_address>0x200012ac</load_address>
         <run_address>0x200012ac</run_address>
         <size>0x8</size>
         <input_file_ref idref="fl-3"/>
      </object_component>
      <object_component id="oc-c2">
         <name>.data:Hall_Sequence</name>
         <load_address>0x200012a4</load_address>
         <run_address>0x200012a4</run_address>
         <size>0x8</size>
         <input_file_ref idref="fl-3"/>
      </object_component>
      <object_component id="oc-1b0">
         <name>.common:Battery_Data</name>
         <uninitialized>true</uninitialized>
         <run_address>0x20001270</run_address>
         <size>0x20</size>
      </object_component>
      <object_component id="oc-c6">
         <name>.common:Motor_Data</name>
         <uninitialized>true</uninitialized>
         <run_address>0x20001290</run_address>
         <size>0x10</size>
      </object_component>
      <object_component id="oc-c1">
         <name>.common:Halls</name>
         <uninitialized>true</uninitialized>
         <run_address>0x200012a1</run_address>
         <size>0x1</size>
      </object_component>
      <object_component id="oc-be">
         <name>.common:Hall_Int_Status</name>
         <uninitialized>true</uninitialized>
         <run_address>0x200012a0</run_address>
         <size>0x1</size>
      </object_component>
      <object_component id="oc-c5">
         <name>.common:Prev_Hall_Sequence</name>
         <uninitialized>true</uninitialized>
         <run_address>0x200012a2</run_address>
         <size>0x1</size>
      </object_component>
      <object_component id="oc-24">
         <name>.stack</name>
         <uninitialized>true</uninitialized>
         <run_address>0x20000270</run_address>
         <size>0x4</size>
         <input_file_ref idref="fl-ce"/>
      </object_component>
      <object_component id="oc-345">
         <name>.stack</name>
         <uninitialized>true</uninitialized>
         <run_address>0x20000270</run_address>
         <size>0x0</size>
      </object_component>
      <object_component id="oc-c7">
         <name>.debug_info</name>
         <load_address>0x0</load_address>
         <run_address>0x0</run_address>
         <size>0xb73</size>
         <input_file_ref idref="fl-2"/>
      </object_component>
      <object_component id="oc-34">
         <name>.debug_info</name>
         <load_address>0xb73</load_address>
         <run_address>0xb73</run_address>
         <size>0xc76</size>
         <input_file_ref idref="fl-2"/>
      </object_component>
      <object_component id="oc-1b4">
         <name>.debug_info</name>
         <load_address>0x17e9</load_address>
         <run_address>0x17e9</run_address>
         <size>0x26b</size>
         <input_file_ref idref="fl-2"/>
      </object_component>
      <object_component id="oc-cd">
         <name>.debug_info</name>
         <load_address>0x1a54</load_address>
         <run_address>0x1a54</run_address>
         <size>0x8b</size>
         <input_file_ref idref="fl-2"/>
      </object_component>
      <object_component id="oc-203">
         <name>.debug_info</name>
         <load_address>0x1adf</load_address>
         <run_address>0x1adf</run_address>
         <size>0x2a4</size>
         <input_file_ref idref="fl-2"/>
      </object_component>
      <object_component id="oc-d2">
         <name>.debug_info</name>
         <load_address>0x1d83</load_address>
         <run_address>0x1d83</run_address>
         <size>0xbb</size>
         <input_file_ref idref="fl-2"/>
      </object_component>
      <object_component id="oc-bf">
         <name>.debug_info</name>
         <load_address>0x1e3e</load_address>
         <run_address>0x1e3e</run_address>
         <size>0x625</size>
         <input_file_ref idref="fl-3"/>
      </object_component>
      <object_component id="oc-ca">
         <name>.debug_info</name>
         <load_address>0x2463</load_address>
         <run_address>0x2463</run_address>
         <size>0x15e</size>
         <input_file_ref idref="fl-3"/>
      </object_component>
      <object_component id="oc-c3">
         <name>.debug_info</name>
         <load_address>0x25c1</load_address>
         <run_address>0x25c1</run_address>
         <size>0xe1</size>
         <input_file_ref idref="fl-3"/>
      </object_component>
      <object_component id="oc-30">
         <name>.debug_info</name>
         <load_address>0x26a2</load_address>
         <run_address>0x26a2</run_address>
         <size>0x769</size>
         <input_file_ref idref="fl-3"/>
      </object_component>
      <object_component id="oc-3b">
         <name>.debug_info</name>
         <load_address>0x2e0b</load_address>
         <run_address>0x2e0b</run_address>
         <size>0x2e8</size>
         <input_file_ref idref="fl-4"/>
      </object_component>
      <object_component id="oc-13">
         <name>.debug_info</name>
         <load_address>0x30f3</load_address>
         <run_address>0x30f3</run_address>
         <size>0xf3</size>
         <input_file_ref idref="fl-4"/>
      </object_component>
      <object_component id="oc-29">
         <name>.debug_info</name>
         <load_address>0x31e6</load_address>
         <run_address>0x31e6</run_address>
         <size>0x26f</size>
         <input_file_ref idref="fl-4"/>
      </object_component>
      <object_component id="oc-42">
         <name>.debug_info</name>
         <load_address>0x3455</load_address>
         <run_address>0x3455</run_address>
         <size>0x84</size>
         <input_file_ref idref="fl-4"/>
      </object_component>
      <object_component id="oc-1f8">
         <name>.debug_info</name>
         <load_address>0x34d9</load_address>
         <run_address>0x34d9</run_address>
         <size>0x3ba</size>
         <input_file_ref idref="fl-a"/>
      </object_component>
      <object_component id="oc-14b">
         <name>.debug_info</name>
         <load_address>0x3893</load_address>
         <run_address>0x3893</run_address>
         <size>0x33c</size>
         <input_file_ref idref="fl-a"/>
      </object_component>
      <object_component id="oc-15d">
         <name>.debug_info</name>
         <load_address>0x3bcf</load_address>
         <run_address>0x3bcf</run_address>
         <size>0x2a9</size>
         <input_file_ref idref="fl-a"/>
      </object_component>
      <object_component id="oc-13f">
         <name>.debug_info</name>
         <load_address>0x3e78</load_address>
         <run_address>0x3e78</run_address>
         <size>0x2ab</size>
         <input_file_ref idref="fl-a"/>
      </object_component>
      <object_component id="oc-181">
         <name>.debug_info</name>
         <load_address>0x4123</load_address>
         <run_address>0x4123</run_address>
         <size>0x308</size>
         <input_file_ref idref="fl-a"/>
      </object_component>
      <object_component id="oc-145">
         <name>.debug_info</name>
         <load_address>0x442b</load_address>
         <run_address>0x442b</run_address>
         <size>0x32f</size>
         <input_file_ref idref="fl-a"/>
      </object_component>
      <object_component id="oc-b3">
         <name>.debug_info</name>
         <load_address>0x475a</load_address>
         <run_address>0x475a</run_address>
         <size>0x2ad</size>
         <input_file_ref idref="fl-a"/>
      </object_component>
      <object_component id="oc-231">
         <name>.debug_info</name>
         <load_address>0x4a07</load_address>
         <run_address>0x4a07</run_address>
         <size>0x2c8</size>
         <input_file_ref idref="fl-a"/>
      </object_component>
      <object_component id="oc-151">
         <name>.debug_info</name>
         <load_address>0x4ccf</load_address>
         <run_address>0x4ccf</run_address>
         <size>0x2e8</size>
         <input_file_ref idref="fl-a"/>
      </object_component>
      <object_component id="oc-157">
         <name>.debug_info</name>
         <load_address>0x4fb7</load_address>
         <run_address>0x4fb7</run_address>
         <size>0x29f</size>
         <input_file_ref idref="fl-a"/>
      </object_component>
      <object_component id="oc-164">
         <name>.debug_info</name>
         <load_address>0x5256</load_address>
         <run_address>0x5256</run_address>
         <size>0x29d</size>
         <input_file_ref idref="fl-a"/>
      </object_component>
      <object_component id="oc-170">
         <name>.debug_info</name>
         <load_address>0x54f3</load_address>
         <run_address>0x54f3</run_address>
         <size>0x30f</size>
         <input_file_ref idref="fl-a"/>
      </object_component>
      <object_component id="oc-169">
         <name>.debug_info</name>
         <load_address>0x5802</load_address>
         <run_address>0x5802</run_address>
         <size>0x2d1</size>
         <input_file_ref idref="fl-a"/>
      </object_component>
      <object_component id="oc-2a6">
         <name>.debug_info</name>
         <load_address>0x5ad3</load_address>
         <run_address>0x5ad3</run_address>
         <size>0x26b</size>
         <input_file_ref idref="fl-a"/>
      </object_component>
      <object_component id="oc-29f">
         <name>.debug_info</name>
         <load_address>0x5d3e</load_address>
         <run_address>0x5d3e</run_address>
         <size>0x297</size>
         <input_file_ref idref="fl-a"/>
      </object_component>
      <object_component id="oc-23d">
         <name>.debug_info</name>
         <load_address>0x5fd5</load_address>
         <run_address>0x5fd5</run_address>
         <size>0xef</size>
         <input_file_ref idref="fl-a"/>
      </object_component>
      <object_component id="oc-1e7">
         <name>.debug_info</name>
         <load_address>0x60c4</load_address>
         <run_address>0x60c4</run_address>
         <size>0xbb</size>
         <input_file_ref idref="fl-a"/>
      </object_component>
      <object_component id="oc-18a">
         <name>.debug_info</name>
         <load_address>0x617f</load_address>
         <run_address>0x617f</run_address>
         <size>0x216</size>
         <input_file_ref idref="fl-b"/>
      </object_component>
      <object_component id="oc-1ef">
         <name>.debug_info</name>
         <load_address>0x6395</load_address>
         <run_address>0x6395</run_address>
         <size>0x3e4</size>
         <input_file_ref idref="fl-c"/>
      </object_component>
      <object_component id="oc-221">
         <name>.debug_info</name>
         <load_address>0x6779</load_address>
         <run_address>0x6779</run_address>
         <size>0x164</size>
         <input_file_ref idref="fl-c"/>
      </object_component>
      <object_component id="oc-20c">
         <name>.debug_info</name>
         <load_address>0x68dd</load_address>
         <run_address>0x68dd</run_address>
         <size>0x2bc</size>
         <input_file_ref idref="fl-c"/>
      </object_component>
      <object_component id="oc-212">
         <name>.debug_info</name>
         <load_address>0x6b99</load_address>
         <run_address>0x6b99</run_address>
         <size>0x31f</size>
         <input_file_ref idref="fl-c"/>
      </object_component>
      <object_component id="oc-18d">
         <name>.debug_info</name>
         <load_address>0x6eb8</load_address>
         <run_address>0x6eb8</run_address>
         <size>0x299</size>
         <input_file_ref idref="fl-c"/>
      </object_component>
      <object_component id="oc-109">
         <name>.debug_info</name>
         <load_address>0x7151</load_address>
         <run_address>0x7151</run_address>
         <size>0x299</size>
         <input_file_ref idref="fl-c"/>
      </object_component>
      <object_component id="oc-e5">
         <name>.debug_info</name>
         <load_address>0x73ea</load_address>
         <run_address>0x73ea</run_address>
         <size>0x2a5</size>
         <input_file_ref idref="fl-c"/>
      </object_component>
      <object_component id="oc-139">
         <name>.debug_info</name>
         <load_address>0x768f</load_address>
         <run_address>0x768f</run_address>
         <size>0x299</size>
         <input_file_ref idref="fl-c"/>
      </object_component>
      <object_component id="oc-93">
         <name>.debug_info</name>
         <load_address>0x7928</load_address>
         <run_address>0x7928</run_address>
         <size>0x284</size>
         <input_file_ref idref="fl-c"/>
      </object_component>
      <object_component id="oc-103">
         <name>.debug_info</name>
         <load_address>0x7bac</load_address>
         <run_address>0x7bac</run_address>
         <size>0x289</size>
         <input_file_ref idref="fl-c"/>
      </object_component>
      <object_component id="oc-f1">
         <name>.debug_info</name>
         <load_address>0x7e35</load_address>
         <run_address>0x7e35</run_address>
         <size>0x2c4</size>
         <input_file_ref idref="fl-c"/>
      </object_component>
      <object_component id="oc-8d">
         <name>.debug_info</name>
         <load_address>0x80f9</load_address>
         <run_address>0x80f9</run_address>
         <size>0x288</size>
         <input_file_ref idref="fl-c"/>
      </object_component>
      <object_component id="oc-f9">
         <name>.debug_info</name>
         <load_address>0x8381</load_address>
         <run_address>0x8381</run_address>
         <size>0x298</size>
         <input_file_ref idref="fl-c"/>
      </object_component>
      <object_component id="oc-88">
         <name>.debug_info</name>
         <load_address>0x8619</load_address>
         <run_address>0x8619</run_address>
         <size>0x296</size>
         <input_file_ref idref="fl-c"/>
      </object_component>
      <object_component id="oc-21c">
         <name>.debug_info</name>
         <load_address>0x88af</load_address>
         <run_address>0x88af</run_address>
         <size>0x3b7</size>
         <input_file_ref idref="fl-d"/>
      </object_component>
      <object_component id="oc-219">
         <name>.debug_info</name>
         <load_address>0x8c66</load_address>
         <run_address>0x8c66</run_address>
         <size>0x15b</size>
         <input_file_ref idref="fl-d"/>
      </object_component>
      <object_component id="oc-2c1">
         <name>.debug_info</name>
         <load_address>0x8dc1</load_address>
         <run_address>0x8dc1</run_address>
         <size>0x160</size>
         <input_file_ref idref="fl-d"/>
      </object_component>
      <object_component id="oc-238">
         <name>.debug_info</name>
         <load_address>0x8f21</load_address>
         <run_address>0x8f21</run_address>
         <size>0x2ca</size>
         <input_file_ref idref="fl-d"/>
      </object_component>
      <object_component id="oc-eb">
         <name>.debug_info</name>
         <load_address>0x91eb</load_address>
         <run_address>0x91eb</run_address>
         <size>0x271</size>
         <input_file_ref idref="fl-d"/>
      </object_component>
      <object_component id="oc-1ec">
         <name>.debug_info</name>
         <load_address>0x945c</load_address>
         <run_address>0x945c</run_address>
         <size>0x396</size>
         <input_file_ref idref="fl-e"/>
      </object_component>
      <object_component id="oc-81">
         <name>.debug_info</name>
         <load_address>0x97f2</load_address>
         <run_address>0x97f2</run_address>
         <size>0x295</size>
         <input_file_ref idref="fl-e"/>
      </object_component>
      <object_component id="oc-99">
         <name>.debug_info</name>
         <load_address>0x9a87</load_address>
         <run_address>0x9a87</run_address>
         <size>0x2ff</size>
         <input_file_ref idref="fl-e"/>
      </object_component>
      <object_component id="oc-7b">
         <name>.debug_info</name>
         <load_address>0x9d86</load_address>
         <run_address>0x9d86</run_address>
         <size>0x2cd</size>
         <input_file_ref idref="fl-e"/>
      </object_component>
      <object_component id="oc-127">
         <name>.debug_info</name>
         <load_address>0xa053</load_address>
         <run_address>0xa053</run_address>
         <size>0x2e3</size>
         <input_file_ref idref="fl-e"/>
      </object_component>
      <object_component id="oc-121">
         <name>.debug_info</name>
         <load_address>0xa336</load_address>
         <run_address>0xa336</run_address>
         <size>0x2e9</size>
         <input_file_ref idref="fl-e"/>
      </object_component>
      <object_component id="oc-12e">
         <name>.debug_info</name>
         <load_address>0xa61f</load_address>
         <run_address>0xa61f</run_address>
         <size>0x2bf</size>
         <input_file_ref idref="fl-e"/>
      </object_component>
      <object_component id="oc-11b">
         <name>.debug_info</name>
         <load_address>0xa8de</load_address>
         <run_address>0xa8de</run_address>
         <size>0x31d</size>
         <input_file_ref idref="fl-e"/>
      </object_component>
      <object_component id="oc-116">
         <name>.debug_info</name>
         <load_address>0xabfb</load_address>
         <run_address>0xabfb</run_address>
         <size>0x337</size>
         <input_file_ref idref="fl-e"/>
      </object_component>
      <object_component id="oc-17b">
         <name>.debug_info</name>
         <load_address>0xaf32</load_address>
         <run_address>0xaf32</run_address>
         <size>0x313</size>
         <input_file_ref idref="fl-e"/>
      </object_component>
      <object_component id="oc-133">
         <name>.debug_info</name>
         <load_address>0xb245</load_address>
         <run_address>0xb245</run_address>
         <size>0x27f</size>
         <input_file_ref idref="fl-e"/>
      </object_component>
      <object_component id="oc-10f">
         <name>.debug_info</name>
         <load_address>0xb4c4</load_address>
         <run_address>0xb4c4</run_address>
         <size>0x2bc</size>
         <input_file_ref idref="fl-e"/>
      </object_component>
      <object_component id="oc-175">
         <name>.debug_info</name>
         <load_address>0xb780</load_address>
         <run_address>0xb780</run_address>
         <size>0x2a5</size>
         <input_file_ref idref="fl-e"/>
      </object_component>
      <object_component id="oc-1fa">
         <name>.debug_info</name>
         <load_address>0xba25</load_address>
         <run_address>0xba25</run_address>
         <size>0x391</size>
         <input_file_ref idref="fl-f"/>
      </object_component>
      <object_component id="oc-1ab">
         <name>.debug_info</name>
         <load_address>0xbdb6</load_address>
         <run_address>0xbdb6</run_address>
         <size>0x294</size>
         <input_file_ref idref="fl-f"/>
      </object_component>
      <object_component id="oc-b9">
         <name>.debug_info</name>
         <load_address>0xc04a</load_address>
         <run_address>0xc04a</run_address>
         <size>0x256</size>
         <input_file_ref idref="fl-f"/>
      </object_component>
      <object_component id="oc-199">
         <name>.debug_info</name>
         <load_address>0xc2a0</load_address>
         <run_address>0xc2a0</run_address>
         <size>0x295</size>
         <input_file_ref idref="fl-f"/>
      </object_component>
      <object_component id="oc-1a5">
         <name>.debug_info</name>
         <load_address>0xc535</load_address>
         <run_address>0xc535</run_address>
         <size>0x248</size>
         <input_file_ref idref="fl-f"/>
      </object_component>
      <object_component id="oc-193">
         <name>.debug_info</name>
         <load_address>0xc77d</load_address>
         <run_address>0xc77d</run_address>
         <size>0x24a</size>
         <input_file_ref idref="fl-f"/>
      </object_component>
      <object_component id="oc-19f">
         <name>.debug_info</name>
         <load_address>0xc9c7</load_address>
         <run_address>0xc9c7</run_address>
         <size>0x2d6</size>
         <input_file_ref idref="fl-f"/>
      </object_component>
      <object_component id="oc-209">
         <name>.debug_info</name>
         <load_address>0xcc9d</load_address>
         <run_address>0xcc9d</run_address>
         <size>0x441</size>
         <input_file_ref idref="fl-10"/>
      </object_component>
      <object_component id="oc-de">
         <name>.debug_info</name>
         <load_address>0xd0de</load_address>
         <run_address>0xd0de</run_address>
         <size>0x286</size>
         <input_file_ref idref="fl-10"/>
      </object_component>
      <object_component id="oc-fe">
         <name>.debug_info</name>
         <load_address>0xd364</load_address>
         <run_address>0xd364</run_address>
         <size>0x26c</size>
         <input_file_ref idref="fl-10"/>
      </object_component>
      <object_component id="oc-d9">
         <name>.debug_info</name>
         <load_address>0xd5d0</load_address>
         <run_address>0xd5d0</run_address>
         <size>0x2e4</size>
         <input_file_ref idref="fl-10"/>
      </object_component>
      <object_component id="oc-2b3">
         <name>.debug_info</name>
         <load_address>0xd8b4</load_address>
         <run_address>0xd8b4</run_address>
         <size>0x51</size>
         <input_file_ref idref="fl-10"/>
      </object_component>
      <object_component id="oc-aa">
         <name>.debug_info</name>
         <load_address>0xd905</load_address>
         <run_address>0xd905</run_address>
         <size>0x13a</size>
         <input_file_ref idref="fl-c7"/>
      </object_component>
      <object_component id="oc-a6">
         <name>.debug_info</name>
         <load_address>0xda3f</load_address>
         <run_address>0xda3f</run_address>
         <size>0x13a</size>
         <input_file_ref idref="fl-c8"/>
      </object_component>
      <object_component id="oc-af">
         <name>.debug_info</name>
         <load_address>0xdb79</load_address>
         <run_address>0xdb79</run_address>
         <size>0x139</size>
         <input_file_ref idref="fl-c9"/>
      </object_component>
      <object_component id="oc-a1">
         <name>.debug_info</name>
         <load_address>0xdcb2</load_address>
         <run_address>0xdcb2</run_address>
         <size>0x12e</size>
         <input_file_ref idref="fl-ca"/>
      </object_component>
      <object_component id="oc-1cd">
         <name>.debug_info</name>
         <load_address>0xdde0</load_address>
         <run_address>0xdde0</run_address>
         <size>0x2d4</size>
         <input_file_ref idref="fl-cb"/>
      </object_component>
      <object_component id="oc-56">
         <name>.debug_info</name>
         <load_address>0xe0b4</load_address>
         <run_address>0xe0b4</run_address>
         <size>0x1d2</size>
         <input_file_ref idref="fl-cb"/>
      </object_component>
      <object_component id="oc-1c8">
         <name>.debug_info</name>
         <load_address>0xe286</load_address>
         <run_address>0xe286</run_address>
         <size>0x46</size>
         <input_file_ref idref="fl-cb"/>
      </object_component>
      <object_component id="oc-258">
         <name>.debug_info</name>
         <load_address>0xe2cc</load_address>
         <run_address>0xe2cc</run_address>
         <size>0x2c</size>
         <input_file_ref idref="fl-cb"/>
      </object_component>
      <object_component id="oc-52">
         <name>.debug_info</name>
         <load_address>0xe2f8</load_address>
         <run_address>0xe2f8</run_address>
         <size>0x2a8</size>
         <input_file_ref idref="fl-cc"/>
      </object_component>
      <object_component id="oc-1d">
         <name>.debug_info</name>
         <load_address>0xe5a0</load_address>
         <run_address>0xe5a0</run_address>
         <size>0x1ea</size>
         <input_file_ref idref="fl-cc"/>
      </object_component>
      <object_component id="oc-4d">
         <name>.debug_info</name>
         <load_address>0xe78a</load_address>
         <run_address>0xe78a</run_address>
         <size>0x46</size>
         <input_file_ref idref="fl-cc"/>
      </object_component>
      <object_component id="oc-1c0">
         <name>.debug_info</name>
         <load_address>0xe7d0</load_address>
         <run_address>0xe7d0</run_address>
         <size>0x2c</size>
         <input_file_ref idref="fl-cc"/>
      </object_component>
      <object_component id="oc-1be">
         <name>.debug_info</name>
         <load_address>0xe7fc</load_address>
         <run_address>0xe7fc</run_address>
         <size>0x29e</size>
         <input_file_ref idref="fl-cd"/>
      </object_component>
      <object_component id="oc-19">
         <name>.debug_info</name>
         <load_address>0xea9a</load_address>
         <run_address>0xea9a</run_address>
         <size>0x250</size>
         <input_file_ref idref="fl-cd"/>
      </object_component>
      <object_component id="oc-3d">
         <name>.debug_info</name>
         <load_address>0xecea</load_address>
         <run_address>0xecea</run_address>
         <size>0x60</size>
         <input_file_ref idref="fl-cd"/>
      </object_component>
      <object_component id="oc-251">
         <name>.debug_info</name>
         <load_address>0xed4a</load_address>
         <run_address>0xed4a</run_address>
         <size>0x46</size>
         <input_file_ref idref="fl-cd"/>
      </object_component>
      <object_component id="oc-1b9">
         <name>.debug_info</name>
         <load_address>0xed90</load_address>
         <run_address>0xed90</run_address>
         <size>0x39</size>
         <input_file_ref idref="fl-cd"/>
      </object_component>
      <object_component id="oc-25">
         <name>.debug_info</name>
         <load_address>0xedc9</load_address>
         <run_address>0xedc9</run_address>
         <size>0x10b</size>
         <input_file_ref idref="fl-ce"/>
      </object_component>
      <object_component id="oc-66">
         <name>.debug_info</name>
         <load_address>0xeed4</load_address>
         <run_address>0xeed4</run_address>
         <size>0x1a9</size>
         <input_file_ref idref="fl-ce"/>
      </object_component>
      <object_component id="oc-49">
         <name>.debug_info</name>
         <load_address>0xf07d</load_address>
         <run_address>0xf07d</run_address>
         <size>0x119</size>
         <input_file_ref idref="fl-d0"/>
      </object_component>
      <object_component id="oc-2cf">
         <name>.debug_info</name>
         <load_address>0xf196</load_address>
         <run_address>0xf196</run_address>
         <size>0x4b3</size>
         <input_file_ref idref="fl-d1"/>
      </object_component>
      <object_component id="oc-26e">
         <name>.debug_info</name>
         <load_address>0xf649</load_address>
         <run_address>0xf649</run_address>
         <size>0x1a6</size>
         <input_file_ref idref="fl-d1"/>
      </object_component>
      <object_component id="oc-2f6">
         <name>.debug_info</name>
         <load_address>0xf7ef</load_address>
         <run_address>0xf7ef</run_address>
         <size>0x39</size>
         <input_file_ref idref="fl-d1"/>
      </object_component>
      <object_component id="oc-30a">
         <name>.debug_info</name>
         <load_address>0xf828</load_address>
         <run_address>0xf828</run_address>
         <size>0x39</size>
         <input_file_ref idref="fl-d1"/>
      </object_component>
      <object_component id="oc-2fb">
         <name>.debug_info</name>
         <load_address>0xf861</load_address>
         <run_address>0xf861</run_address>
         <size>0x39</size>
         <input_file_ref idref="fl-d1"/>
      </object_component>
      <object_component id="oc-300">
         <name>.debug_info</name>
         <load_address>0xf89a</load_address>
         <run_address>0xf89a</run_address>
         <size>0xcd</size>
         <input_file_ref idref="fl-d1"/>
      </object_component>
      <object_component id="oc-1d6">
         <name>.debug_info</name>
         <load_address>0xf967</load_address>
         <run_address>0xf967</run_address>
         <size>0x153</size>
         <input_file_ref idref="fl-d2"/>
      </object_component>
      <object_component id="oc-264">
         <name>.debug_info</name>
         <load_address>0xfaba</load_address>
         <run_address>0xfaba</run_address>
         <size>0x122</size>
         <input_file_ref idref="fl-d4"/>
      </object_component>
      <object_component id="oc-346">
         <name>.debug_info</name>
         <load_address>0xfbdc</load_address>
         <run_address>0xfbdc</run_address>
         <size>0xa6</size>
      </object_component>
      <object_component id="oc-200">
         <name>.debug_line</name>
         <load_address>0x0</load_address>
         <run_address>0x0</run_address>
         <size>0x1ad</size>
         <input_file_ref idref="fl-2"/>
      </object_component>
      <object_component id="oc-37">
         <name>.debug_line</name>
         <load_address>0x1ad</load_address>
         <run_address>0x1ad</run_address>
         <size>0x16e</size>
         <input_file_ref idref="fl-2"/>
      </object_component>
      <object_component id="oc-1b7">
         <name>.debug_line</name>
         <load_address>0x31b</load_address>
         <run_address>0x31b</run_address>
         <size>0x6f</size>
         <input_file_ref idref="fl-2"/>
      </object_component>
      <object_component id="oc-d0">
         <name>.debug_line</name>
         <load_address>0x38a</load_address>
         <run_address>0x38a</run_address>
         <size>0x20</size>
         <input_file_ref idref="fl-2"/>
      </object_component>
      <object_component id="oc-206">
         <name>.debug_line</name>
         <load_address>0x3aa</load_address>
         <run_address>0x3aa</run_address>
         <size>0x73</size>
         <input_file_ref idref="fl-2"/>
      </object_component>
      <object_component id="oc-d5">
         <name>.debug_line</name>
         <load_address>0x41d</load_address>
         <run_address>0x41d</run_address>
         <size>0x70</size>
         <input_file_ref idref="fl-2"/>
      </object_component>
      <object_component id="oc-1fc">
         <name>.debug_line</name>
         <load_address>0x48d</load_address>
         <run_address>0x48d</run_address>
         <size>0x112</size>
         <input_file_ref idref="fl-3"/>
      </object_component>
      <object_component id="oc-202">
         <name>.debug_line</name>
         <load_address>0x59f</load_address>
         <run_address>0x59f</run_address>
         <size>0x2d</size>
         <input_file_ref idref="fl-3"/>
      </object_component>
      <object_component id="oc-1fe">
         <name>.debug_line</name>
         <load_address>0x5cc</load_address>
         <run_address>0x5cc</run_address>
         <size>0x2d</size>
         <input_file_ref idref="fl-3"/>
      </object_component>
      <object_component id="oc-2e">
         <name>.debug_line</name>
         <load_address>0x5f9</load_address>
         <run_address>0x5f9</run_address>
         <size>0x12c</size>
         <input_file_ref idref="fl-3"/>
      </object_component>
      <object_component id="oc-1b3">
         <name>.debug_line</name>
         <load_address>0x725</load_address>
         <run_address>0x725</run_address>
         <size>0x41</size>
         <input_file_ref idref="fl-4"/>
      </object_component>
      <object_component id="oc-3a">
         <name>.debug_line</name>
         <load_address>0x766</load_address>
         <run_address>0x766</run_address>
         <size>0x41</size>
         <input_file_ref idref="fl-4"/>
      </object_component>
      <object_component id="oc-2c">
         <name>.debug_line</name>
         <load_address>0x7a7</load_address>
         <run_address>0x7a7</run_address>
         <size>0xa1</size>
         <input_file_ref idref="fl-4"/>
      </object_component>
      <object_component id="oc-45">
         <name>.debug_line</name>
         <load_address>0x848</load_address>
         <run_address>0x848</run_address>
         <size>0x20</size>
         <input_file_ref idref="fl-4"/>
      </object_component>
      <object_component id="oc-2ae">
         <name>.debug_line</name>
         <load_address>0x868</load_address>
         <run_address>0x868</run_address>
         <size>0x82</size>
         <input_file_ref idref="fl-a"/>
      </object_component>
      <object_component id="oc-14e">
         <name>.debug_line</name>
         <load_address>0x8ea</load_address>
         <run_address>0x8ea</run_address>
         <size>0xa7</size>
         <input_file_ref idref="fl-a"/>
      </object_component>
      <object_component id="oc-160">
         <name>.debug_line</name>
         <load_address>0x991</load_address>
         <run_address>0x991</run_address>
         <size>0x91</size>
         <input_file_ref idref="fl-a"/>
      </object_component>
      <object_component id="oc-142">
         <name>.debug_line</name>
         <load_address>0xa22</load_address>
         <run_address>0xa22</run_address>
         <size>0x91</size>
         <input_file_ref idref="fl-a"/>
      </object_component>
      <object_component id="oc-184">
         <name>.debug_line</name>
         <load_address>0xab3</load_address>
         <run_address>0xab3</run_address>
         <size>0x9c</size>
         <input_file_ref idref="fl-a"/>
      </object_component>
      <object_component id="oc-148">
         <name>.debug_line</name>
         <load_address>0xb4f</load_address>
         <run_address>0xb4f</run_address>
         <size>0xa4</size>
         <input_file_ref idref="fl-a"/>
      </object_component>
      <object_component id="oc-b6">
         <name>.debug_line</name>
         <load_address>0xbf3</load_address>
         <run_address>0xbf3</run_address>
         <size>0x91</size>
         <input_file_ref idref="fl-a"/>
      </object_component>
      <object_component id="oc-234">
         <name>.debug_line</name>
         <load_address>0xc84</load_address>
         <run_address>0xc84</run_address>
         <size>0xa2</size>
         <input_file_ref idref="fl-a"/>
      </object_component>
      <object_component id="oc-154">
         <name>.debug_line</name>
         <load_address>0xd26</load_address>
         <run_address>0xd26</run_address>
         <size>0x98</size>
         <input_file_ref idref="fl-a"/>
      </object_component>
      <object_component id="oc-15a">
         <name>.debug_line</name>
         <load_address>0xdbe</load_address>
         <run_address>0xdbe</run_address>
         <size>0x92</size>
         <input_file_ref idref="fl-a"/>
      </object_component>
      <object_component id="oc-163">
         <name>.debug_line</name>
         <load_address>0xe50</load_address>
         <run_address>0xe50</run_address>
         <size>0x91</size>
         <input_file_ref idref="fl-a"/>
      </object_component>
      <object_component id="oc-16f">
         <name>.debug_line</name>
         <load_address>0xee1</load_address>
         <run_address>0xee1</run_address>
         <size>0x91</size>
         <input_file_ref idref="fl-a"/>
      </object_component>
      <object_component id="oc-16c">
         <name>.debug_line</name>
         <load_address>0xf72</load_address>
         <run_address>0xf72</run_address>
         <size>0x91</size>
         <input_file_ref idref="fl-a"/>
      </object_component>
      <object_component id="oc-2a9">
         <name>.debug_line</name>
         <load_address>0x1003</load_address>
         <run_address>0x1003</run_address>
         <size>0x71</size>
         <input_file_ref idref="fl-a"/>
      </object_component>
      <object_component id="oc-2a2">
         <name>.debug_line</name>
         <load_address>0x1074</load_address>
         <run_address>0x1074</run_address>
         <size>0x75</size>
         <input_file_ref idref="fl-a"/>
      </object_component>
      <object_component id="oc-240">
         <name>.debug_line</name>
         <load_address>0x10e9</load_address>
         <run_address>0x10e9</run_address>
         <size>0x71</size>
         <input_file_ref idref="fl-a"/>
      </object_component>
      <object_component id="oc-1ea">
         <name>.debug_line</name>
         <load_address>0x115a</load_address>
         <run_address>0x115a</run_address>
         <size>0x72</size>
         <input_file_ref idref="fl-a"/>
      </object_component>
      <object_component id="oc-188">
         <name>.debug_line</name>
         <load_address>0x11cc</load_address>
         <run_address>0x11cc</run_address>
         <size>0x8e</size>
         <input_file_ref idref="fl-b"/>
      </object_component>
      <object_component id="oc-2ac">
         <name>.debug_line</name>
         <load_address>0x125a</load_address>
         <run_address>0x125a</run_address>
         <size>0x82</size>
         <input_file_ref idref="fl-c"/>
      </object_component>
      <object_component id="oc-2be">
         <name>.debug_line</name>
         <load_address>0x12dc</load_address>
         <run_address>0x12dc</run_address>
         <size>0x7d</size>
         <input_file_ref idref="fl-c"/>
      </object_component>
      <object_component id="oc-210">
         <name>.debug_line</name>
         <load_address>0x1359</load_address>
         <run_address>0x1359</run_address>
         <size>0x95</size>
         <input_file_ref idref="fl-c"/>
      </object_component>
      <object_component id="oc-216">
         <name>.debug_line</name>
         <load_address>0x13ee</load_address>
         <run_address>0x13ee</run_address>
         <size>0xc4</size>
         <input_file_ref idref="fl-c"/>
      </object_component>
      <object_component id="oc-191">
         <name>.debug_line</name>
         <load_address>0x14b2</load_address>
         <run_address>0x14b2</run_address>
         <size>0x99</size>
         <input_file_ref idref="fl-c"/>
      </object_component>
      <object_component id="oc-10d">
         <name>.debug_line</name>
         <load_address>0x154b</load_address>
         <run_address>0x154b</run_address>
         <size>0x99</size>
         <input_file_ref idref="fl-c"/>
      </object_component>
      <object_component id="oc-e9">
         <name>.debug_line</name>
         <load_address>0x15e4</load_address>
         <run_address>0x15e4</run_address>
         <size>0x99</size>
         <input_file_ref idref="fl-c"/>
      </object_component>
      <object_component id="oc-13d">
         <name>.debug_line</name>
         <load_address>0x167d</load_address>
         <run_address>0x167d</run_address>
         <size>0x99</size>
         <input_file_ref idref="fl-c"/>
      </object_component>
      <object_component id="oc-97">
         <name>.debug_line</name>
         <load_address>0x1716</load_address>
         <run_address>0x1716</run_address>
         <size>0x92</size>
         <input_file_ref idref="fl-c"/>
      </object_component>
      <object_component id="oc-107">
         <name>.debug_line</name>
         <load_address>0x17a8</load_address>
         <run_address>0x17a8</run_address>
         <size>0xa7</size>
         <input_file_ref idref="fl-c"/>
      </object_component>
      <object_component id="oc-f5">
         <name>.debug_line</name>
         <load_address>0x184f</load_address>
         <run_address>0x184f</run_address>
         <size>0x95</size>
         <input_file_ref idref="fl-c"/>
      </object_component>
      <object_component id="oc-91">
         <name>.debug_line</name>
         <load_address>0x18e4</load_address>
         <run_address>0x18e4</run_address>
         <size>0x92</size>
         <input_file_ref idref="fl-c"/>
      </object_component>
      <object_component id="oc-f8">
         <name>.debug_line</name>
         <load_address>0x1976</load_address>
         <run_address>0x1976</run_address>
         <size>0x92</size>
         <input_file_ref idref="fl-c"/>
      </object_component>
      <object_component id="oc-8b">
         <name>.debug_line</name>
         <load_address>0x1a08</load_address>
         <run_address>0x1a08</run_address>
         <size>0x92</size>
         <input_file_ref idref="fl-c"/>
      </object_component>
      <object_component id="oc-2bc">
         <name>.debug_line</name>
         <load_address>0x1a9a</load_address>
         <run_address>0x1a9a</run_address>
         <size>0x7c</size>
         <input_file_ref idref="fl-d"/>
      </object_component>
      <object_component id="oc-2ba">
         <name>.debug_line</name>
         <load_address>0x1b16</load_address>
         <run_address>0x1b16</run_address>
         <size>0x82</size>
         <input_file_ref idref="fl-d"/>
      </object_component>
      <object_component id="oc-2e5">
         <name>.debug_line</name>
         <load_address>0x1b98</load_address>
         <run_address>0x1b98</run_address>
         <size>0x82</size>
         <input_file_ref idref="fl-d"/>
      </object_component>
      <object_component id="oc-237">
         <name>.debug_line</name>
         <load_address>0x1c1a</load_address>
         <run_address>0x1c1a</run_address>
         <size>0xaf</size>
         <input_file_ref idref="fl-d"/>
      </object_component>
      <object_component id="oc-ef">
         <name>.debug_line</name>
         <load_address>0x1cc9</load_address>
         <run_address>0x1cc9</run_address>
         <size>0xc2</size>
         <input_file_ref idref="fl-d"/>
      </object_component>
      <object_component id="oc-2a5">
         <name>.debug_line</name>
         <load_address>0x1d8b</load_address>
         <run_address>0x1d8b</run_address>
         <size>0x82</size>
         <input_file_ref idref="fl-e"/>
      </object_component>
      <object_component id="oc-84">
         <name>.debug_line</name>
         <load_address>0x1e0d</load_address>
         <run_address>0x1e0d</run_address>
         <size>0x91</size>
         <input_file_ref idref="fl-e"/>
      </object_component>
      <object_component id="oc-9c">
         <name>.debug_line</name>
         <load_address>0x1e9e</load_address>
         <run_address>0x1e9e</run_address>
         <size>0x9e</size>
         <input_file_ref idref="fl-e"/>
      </object_component>
      <object_component id="oc-7e">
         <name>.debug_line</name>
         <load_address>0x1f3c</load_address>
         <run_address>0x1f3c</run_address>
         <size>0x95</size>
         <input_file_ref idref="fl-e"/>
      </object_component>
      <object_component id="oc-12a">
         <name>.debug_line</name>
         <load_address>0x1fd1</load_address>
         <run_address>0x1fd1</run_address>
         <size>0x95</size>
         <input_file_ref idref="fl-e"/>
      </object_component>
      <object_component id="oc-124">
         <name>.debug_line</name>
         <load_address>0x2066</load_address>
         <run_address>0x2066</run_address>
         <size>0x95</size>
         <input_file_ref idref="fl-e"/>
      </object_component>
      <object_component id="oc-12d">
         <name>.debug_line</name>
         <load_address>0x20fb</load_address>
         <run_address>0x20fb</run_address>
         <size>0x96</size>
         <input_file_ref idref="fl-e"/>
      </object_component>
      <object_component id="oc-11e">
         <name>.debug_line</name>
         <load_address>0x2191</load_address>
         <run_address>0x2191</run_address>
         <size>0x95</size>
         <input_file_ref idref="fl-e"/>
      </object_component>
      <object_component id="oc-115">
         <name>.debug_line</name>
         <load_address>0x2226</load_address>
         <run_address>0x2226</run_address>
         <size>0x92</size>
         <input_file_ref idref="fl-e"/>
      </object_component>
      <object_component id="oc-17f">
         <name>.debug_line</name>
         <load_address>0x22b8</load_address>
         <run_address>0x22b8</run_address>
         <size>0x95</size>
         <input_file_ref idref="fl-e"/>
      </object_component>
      <object_component id="oc-137">
         <name>.debug_line</name>
         <load_address>0x234d</load_address>
         <run_address>0x234d</run_address>
         <size>0x91</size>
         <input_file_ref idref="fl-e"/>
      </object_component>
      <object_component id="oc-113">
         <name>.debug_line</name>
         <load_address>0x23de</load_address>
         <run_address>0x23de</run_address>
         <size>0x9b</size>
         <input_file_ref idref="fl-e"/>
      </object_component>
      <object_component id="oc-179">
         <name>.debug_line</name>
         <load_address>0x2479</load_address>
         <run_address>0x2479</run_address>
         <size>0x91</size>
         <input_file_ref idref="fl-e"/>
      </object_component>
      <object_component id="oc-2b0">
         <name>.debug_line</name>
         <load_address>0x250a</load_address>
         <run_address>0x250a</run_address>
         <size>0x82</size>
         <input_file_ref idref="fl-f"/>
      </object_component>
      <object_component id="oc-1ae">
         <name>.debug_line</name>
         <load_address>0x258c</load_address>
         <run_address>0x258c</run_address>
         <size>0x91</size>
         <input_file_ref idref="fl-f"/>
      </object_component>
      <object_component id="oc-bd">
         <name>.debug_line</name>
         <load_address>0x261d</load_address>
         <run_address>0x261d</run_address>
         <size>0x91</size>
         <input_file_ref idref="fl-f"/>
      </object_component>
      <object_component id="oc-19c">
         <name>.debug_line</name>
         <load_address>0x26ae</load_address>
         <run_address>0x26ae</run_address>
         <size>0x91</size>
         <input_file_ref idref="fl-f"/>
      </object_component>
      <object_component id="oc-1a9">
         <name>.debug_line</name>
         <load_address>0x273f</load_address>
         <run_address>0x273f</run_address>
         <size>0x8e</size>
         <input_file_ref idref="fl-f"/>
      </object_component>
      <object_component id="oc-197">
         <name>.debug_line</name>
         <load_address>0x27cd</load_address>
         <run_address>0x27cd</run_address>
         <size>0x8e</size>
         <input_file_ref idref="fl-f"/>
      </object_component>
      <object_component id="oc-1a2">
         <name>.debug_line</name>
         <load_address>0x285b</load_address>
         <run_address>0x285b</run_address>
         <size>0x92</size>
         <input_file_ref idref="fl-f"/>
      </object_component>
      <object_component id="oc-2b2">
         <name>.debug_line</name>
         <load_address>0x28ed</load_address>
         <run_address>0x28ed</run_address>
         <size>0x13d</size>
         <input_file_ref idref="fl-10"/>
      </object_component>
      <object_component id="oc-e1">
         <name>.debug_line</name>
         <load_address>0x2a2a</load_address>
         <run_address>0x2a2a</run_address>
         <size>0x94</size>
         <input_file_ref idref="fl-10"/>
      </object_component>
      <object_component id="oc-fd">
         <name>.debug_line</name>
         <load_address>0x2abe</load_address>
         <run_address>0x2abe</run_address>
         <size>0x94</size>
         <input_file_ref idref="fl-10"/>
      </object_component>
      <object_component id="oc-d8">
         <name>.debug_line</name>
         <load_address>0x2b52</load_address>
         <run_address>0x2b52</run_address>
         <size>0xee</size>
         <input_file_ref idref="fl-10"/>
      </object_component>
      <object_component id="oc-2b5">
         <name>.debug_line</name>
         <load_address>0x2c40</load_address>
         <run_address>0x2c40</run_address>
         <size>0x7f</size>
         <input_file_ref idref="fl-10"/>
      </object_component>
      <object_component id="oc-a9">
         <name>.debug_line</name>
         <load_address>0x2cbf</load_address>
         <run_address>0x2cbf</run_address>
         <size>0xa8</size>
         <input_file_ref idref="fl-c7"/>
      </object_component>
      <object_component id="oc-a4">
         <name>.debug_line</name>
         <load_address>0x2d67</load_address>
         <run_address>0x2d67</run_address>
         <size>0x8e</size>
         <input_file_ref idref="fl-c8"/>
      </object_component>
      <object_component id="oc-b1">
         <name>.debug_line</name>
         <load_address>0x2df5</load_address>
         <run_address>0x2df5</run_address>
         <size>0x59</size>
         <input_file_ref idref="fl-c9"/>
      </object_component>
      <object_component id="oc-a0">
         <name>.debug_line</name>
         <load_address>0x2e4e</load_address>
         <run_address>0x2e4e</run_address>
         <size>0x4c</size>
         <input_file_ref idref="fl-ca"/>
      </object_component>
      <object_component id="oc-25e">
         <name>.debug_line</name>
         <load_address>0x2e9a</load_address>
         <run_address>0x2e9a</run_address>
         <size>0x92</size>
         <input_file_ref idref="fl-cb"/>
      </object_component>
      <object_component id="oc-58">
         <name>.debug_line</name>
         <load_address>0x2f2c</load_address>
         <run_address>0x2f2c</run_address>
         <size>0x56</size>
         <input_file_ref idref="fl-cb"/>
      </object_component>
      <object_component id="oc-1cb">
         <name>.debug_line</name>
         <load_address>0x2f82</load_address>
         <run_address>0x2f82</run_address>
         <size>0x34</size>
         <input_file_ref idref="fl-cb"/>
      </object_component>
      <object_component id="oc-25b">
         <name>.debug_line</name>
         <load_address>0x2fb6</load_address>
         <run_address>0x2fb6</run_address>
         <size>0x92</size>
         <input_file_ref idref="fl-cb"/>
      </object_component>
      <object_component id="oc-1c6">
         <name>.debug_line</name>
         <load_address>0x3048</load_address>
         <run_address>0x3048</run_address>
         <size>0x20</size>
         <input_file_ref idref="fl-cc"/>
      </object_component>
      <object_component id="oc-1c">
         <name>.debug_line</name>
         <load_address>0x3068</load_address>
         <run_address>0x3068</run_address>
         <size>0x55</size>
         <input_file_ref idref="fl-cc"/>
      </object_component>
      <object_component id="oc-50">
         <name>.debug_line</name>
         <load_address>0x30bd</load_address>
         <run_address>0x30bd</run_address>
         <size>0x3a</size>
         <input_file_ref idref="fl-cc"/>
      </object_component>
      <object_component id="oc-1c3">
         <name>.debug_line</name>
         <load_address>0x30f7</load_address>
         <run_address>0x30f7</run_address>
         <size>0x92</size>
         <input_file_ref idref="fl-cc"/>
      </object_component>
      <object_component id="oc-257">
         <name>.debug_line</name>
         <load_address>0x3189</load_address>
         <run_address>0x3189</run_address>
         <size>0x20</size>
         <input_file_ref idref="fl-cd"/>
      </object_component>
      <object_component id="oc-18">
         <name>.debug_line</name>
         <load_address>0x31a9</load_address>
         <run_address>0x31a9</run_address>
         <size>0xa9</size>
         <input_file_ref idref="fl-cd"/>
      </object_component>
      <object_component id="oc-40">
         <name>.debug_line</name>
         <load_address>0x3252</load_address>
         <run_address>0x3252</run_address>
         <size>0x3a</size>
         <input_file_ref idref="fl-cd"/>
      </object_component>
      <object_component id="oc-254">
         <name>.debug_line</name>
         <load_address>0x328c</load_address>
         <run_address>0x328c</run_address>
         <size>0x9a</size>
         <input_file_ref idref="fl-cd"/>
      </object_component>
      <object_component id="oc-1bc">
         <name>.debug_line</name>
         <load_address>0x3326</load_address>
         <run_address>0x3326</run_address>
         <size>0x96</size>
         <input_file_ref idref="fl-cd"/>
      </object_component>
      <object_component id="oc-78">
         <name>.debug_line</name>
         <load_address>0x33bc</load_address>
         <run_address>0x33bc</run_address>
         <size>0x33</size>
         <input_file_ref idref="fl-ce"/>
      </object_component>
      <object_component id="oc-69">
         <name>.debug_line</name>
         <load_address>0x33ef</load_address>
         <run_address>0x33ef</run_address>
         <size>0x45</size>
         <input_file_ref idref="fl-ce"/>
      </object_component>
      <object_component id="oc-4b">
         <name>.debug_line</name>
         <load_address>0x3434</load_address>
         <run_address>0x3434</run_address>
         <size>0x88</size>
         <input_file_ref idref="fl-d0"/>
      </object_component>
      <object_component id="oc-2f5">
         <name>.debug_line</name>
         <load_address>0x34bc</load_address>
         <run_address>0x34bc</run_address>
         <size>0xbf</size>
         <input_file_ref idref="fl-d1"/>
      </object_component>
      <object_component id="oc-272">
         <name>.debug_line</name>
         <load_address>0x357b</load_address>
         <run_address>0x357b</run_address>
         <size>0x6f</size>
         <input_file_ref idref="fl-d1"/>
      </object_component>
      <object_component id="oc-2f9">
         <name>.debug_line</name>
         <load_address>0x35ea</load_address>
         <run_address>0x35ea</run_address>
         <size>0x2e</size>
         <input_file_ref idref="fl-d1"/>
      </object_component>
      <object_component id="oc-30d">
         <name>.debug_line</name>
         <load_address>0x3618</load_address>
         <run_address>0x3618</run_address>
         <size>0x9a</size>
         <input_file_ref idref="fl-d1"/>
      </object_component>
      <object_component id="oc-2fe">
         <name>.debug_line</name>
         <load_address>0x36b2</load_address>
         <run_address>0x36b2</run_address>
         <size>0x97</size>
         <input_file_ref idref="fl-d1"/>
      </object_component>
      <object_component id="oc-303">
         <name>.debug_line</name>
         <load_address>0x3749</load_address>
[...]
               <size>0x48</size>
               <logical_group_ref idref="lg-6"/>
            </allocated_space>
            <available_space>
               <start_address>0x16e0</start_address>
               <size>0x3e920</size>
            </available_space>
         </usage_details>
      </memory_area>
      <memory_area display="yes" color="green">
         <name>SRAM</name>
         <page_id>0x0</page_id>
         <origin>0x20000000</origin>
         <length>0x8000</length>
         <used_space>0x12af</used_space>
         <unused_space>0x6d51</unused_space>
         <attributes>RWX</attributes>
         <usage_details>
            <allocated_space>
               <start_address>0x20000000</start_address>
               <size>0x0</size>
               <logical_group_ref idref="lg-318"/>
            </allocated_space>
            <allocated_space>
               <start_address>0x20000000</start_address>
               <size>0x26c</size>
               <logical_group_ref idref="lg-9"/>
            </allocated_space>
            <available_space>
               <start_address>0x2000026c</start_address>
               <size>0x4</size>
            </available_space>
            <allocated_space>
               <start_address>0x20000270</start_address>
               <size>0x1000</size>
               <logical_group_ref idref="lg-d"/>
            </allocated_space>
            <allocated_space>
               <start_address>0x20001270</start_address>
               <size>0x33</size>
               <logical_group_ref idref="lg-b"/>
            </allocated_space>
            <available_space>
               <start_address>0x200012a3</start_address>
               <size>0x1</size>
            </available_space>
            <allocated_space>
               <start_address>0x200012a4</start_address>
               <size>0x10</size>
               <logical_group_ref idref="lg-a"/>
            </allocated_space>
            <available_space>
               <start_address>0x200012b4</start_address>
               <size>0x6d4c</size>
            </available_space>
         </usage_details>
      </memory_area>
   </placement_map>
   <cptbl_list>
      <cptbl>
         <name>__TI_cinit_table</name>
         <cprec>
            <name>.data</name>
            <load_address>0x1698</load_address>
            <load_size>0x12</load_size>
            <run_address>0x200012a4</run_address>
            <run_size>0x10</run_size>
            <compression>lzss</compression>
         </cprec>
         <cprec>
            <name>.bss</name>
            <load_address>0x16b8</load_address>
            <load_size>0x8</load_size>
            <run_address>0x20001270</run_address>
            <run_size>0x33</run_size>
            <compression>zero_init</compression>
         </cprec>
         <cprec>
            <name>.vtable</name>
            <load_address>0x16c0</load_address>
            <load_size>0x8</load_size>
            <run_address>0x20000000</run_address>
            <run_size>0x26c</run_size>
            <compression>zero_init</compression>
         </cprec>
      </cptbl>
   </cptbl_list>
   <handler_table>
      <handler_table_name>__TI_handler_table</handler_table_name>
      <handler>
         <index>0x0</index>
         <name>__TI_zero_init</name>
      </handler>
      <handler>
         <index>0x1</index>
         <name>__TI_decompress_lzss</name>
      </handler>
      <handler>
         <index>0x2</index>
         <name>__TI_decompress_none</name>
      </handler>
   </handler_table>
   <symbol_table>
      <symbol id="sm-1">
         <name>__STACK_TOP</name>
         <value>0x20000470</value>
      </symbol>
      <symbol id="sm-2">
         <name>__start___llvm_prf_cnts</name>
         <value>0x20000000</value>
      </symbol>
      <symbol id="sm-3">
         <name>__stop___llvm_prf_cnts</name>
         <value>0x20000000</value>
      </symbol>
      <symbol id="sm-4">
         <name>__TI_CINIT_Base</name>
         <value>0x16c8</value>
      </symbol>
      <symbol id="sm-5">
         <name>__TI_CINIT_Limit</name>
         <value>0x16e0</value>
      </symbol>
      <symbol id="sm-6">
         <name>__TI_Handler_Table_Base</name>
         <value>0x16ac</value>
      </symbol>
      <symbol id="sm-7">
         <name>__TI_Handler_Table_Limit</name>
         <value>0x16b8</value>
      </symbol>
      <symbol id="sm-8">
         <name>binit</name>
         <value>0xffffffff</value>
      </symbol>
      <symbol id="sm-9">
         <name>__binit__</name>
         <value>0xffffffff</value>
      </symbol>
      <symbol id="sm-a">
         <name>__STACK_SIZE</name>
         <value>0x1000</value>
      </symbol>
      <symbol id="sm-b">
         <name>__STACK_END</name>
         <value>0x20001270</value>
      </symbol>
      <symbol id="sm-c">
         <name>__c_args__</name>
         <value>0xffffffff</value>
      </symbol>
      <symbol id="sm-d">
         <name>__TI_pprof_out_hndl</name>
         <value>0xffffffff</value>
      </symbol>
      <symbol id="sm-e">
         <name>__TI_prof_data_start</name>
         <value>0xffffffff</value>
      </symbol>
      <symbol id="sm-f">
         <name>__TI_prof_data_size</name>
         <value>0xffffffff</value>
      </symbol>
      <symbol id="sm-79">
         <name>Battery_Data</name>
         <value>0x20001270</value>
      </symbol>
      <symbol id="sm-7a">
         <name>Motor_Data</name>
         <value>0x20001290</value>
      </symbol>
      <symbol id="sm-7b">
         <name>TIMER1_ISR</name>
         <value>0x59b</value>
         <object_component_ref idref="oc-33"/>
      </symbol>
      <symbol id="sm-7c">
         <name>initTimer</name>
         <value>0x2af</value>
         <object_component_ref idref="oc-33"/>
      </symbol>
      <symbol id="sm-7d">
         <name>initHW</name>
         <value>0x26d</value>
         <object_component_ref idref="oc-33"/>
      </symbol>
      <symbol id="sm-7e">
         <name>initPWM</name>
         <value>0x2ef</value>
         <object_component_ref idref="oc-33"/>
      </symbol>
      <symbol id="sm-7f">
         <name>initQEI</name>
         <value>0x649</value>
         <object_component_ref idref="oc-33"/>
      </symbol>
      <symbol id="sm-80">
         <name>ADC0_Seq0_ISR</name>
         <value>0x601</value>
         <object_component_ref idref="oc-33"/>
      </symbol>
      <symbol id="sm-81">
         <name>initADC</name>
         <value>0x437</value>
         <object_component_ref idref="oc-33"/>
      </symbol>
      <symbol id="sm-82">
         <name>ADC0_Seq2_ISR</name>
         <value>0x617</value>
         <object_component_ref idref="oc-33"/>
      </symbol>
      <symbol id="sm-c3">
         <name>Halls</name>
         <value>0x200012a1</value>
      </symbol>
      <symbol id="sm-c4">
         <name>Hall_Int_Status</name>
         <value>0x200012a0</value>
      </symbol>
      <symbol id="sm-c5">
         <name>Prev_Hall_Sequence</name>
         <value>0x200012a2</value>
      </symbol>
      <symbol id="sm-c6">
         <name>PORTAISR</name>
         <value>0x801</value>
         <object_component_ref idref="oc-2d"/>
      </symbol>
      <symbol id="sm-c7">
         <name>waitNanosecond</name>
         <value>0x735</value>
         <object_component_ref idref="oc-2d"/>
      </symbol>
      <symbol id="sm-c8">
         <name>setPWM_Duty</name>
         <value>0x843</value>
         <object_component_ref idref="oc-2d"/>
      </symbol>
      <symbol id="sm-c9">
         <name>Hall_Stopped</name>
         <value>0x200012ac</value>
         <object_component_ref idref="oc-c9"/>
      </symbol>
      <symbol id="sm-ca">
         <name>main</name>
         <value>0x96b</value>
         <object_component_ref idref="oc-2d"/>
      </symbol>
      <symbol id="sm-cb">
         <name>Hall_Sequence</name>
         <value>0x200012a4</value>
         <object_component_ref idref="oc-c2"/>
      </symbol>
      <symbol id="sm-cc">
         <name>Start_Motor</name>
         <value>0x933</value>
         <object_component_ref idref="oc-2d"/>
      </symbol>
      <symbol id="sm-cd">
         <name>PWM_Update</name>
         <value>0x741</value>
         <object_component_ref idref="oc-2d"/>
      </symbol>
      <symbol id="sm-ce">
         <name>position</name>
         <value>0x200012ae</value>
         <object_component_ref idref="oc-c9"/>
      </symbol>
      <symbol id="sm-cf">
         <name>fault_status</name>
         <value>0x200012b0</value>
         <object_component_ref idref="oc-c9"/>
      </symbol>
      <symbol id="sm-d0">
         <name>Hall_State_Unknown</name>
         <value>0x200012ad</value>
         <object_component_ref idref="oc-c9"/>
      </symbol>
      <symbol id="sm-f1">
         <name>ResetISR</name>
         <value>0x1587</value>
         <object_component_ref idref="oc-27"/>
      </symbol>
      <symbol id="sm-f2">
         <name>g_pfnVectors</name>
         <value>0x0</value>
         <object_component_ref idref="oc-12"/>
      </symbol>
      <symbol id="sm-17c">
         <name>ADCProcessorTrigger</name>
         <value>0x13fb</value>
         <object_component_ref idref="oc-b2"/>
      </symbol>
      <symbol id="sm-17d">
         <name>ADCComparatorConfigure</name>
         <value>0x1593</value>
         <object_component_ref idref="oc-168"/>
      </symbol>
      <symbol id="sm-17e">
         <name>ADCComparatorRegionSet</name>
         <value>0x150d</value>
         <object_component_ref idref="oc-16e"/>
      </symbol>
      <symbol id="sm-17f">
         <name>ADCSequenceEnable</name>
         <value>0x1529</value>
         <object_component_ref idref="oc-15c"/>
      </symbol>
      <symbol id="sm-180">
         <name>ADCSequenceConfigure</name>
         <value>0x115d</value>
         <object_component_ref idref="oc-144"/>
      </symbol>
      <symbol id="sm-181">
         <name>ADCIntEnable</name>
         <value>0x14cb</value>
         <object_component_ref idref="oc-156"/>
      </symbol>
      <symbol id="sm-182">
         <name>ADCSequenceStepConfigure</name>
         <value>0xf69</value>
         <object_component_ref idref="oc-14a"/>
      </symbol>
      <symbol id="sm-183">
         <name>ADCIntClear</name>
         <value>0x159d</value>
         <object_component_ref idref="oc-162"/>
      </symbol>
      <symbol id="sm-184">
         <name>ADCIntRegister</name>
         <value>0x13e3</value>
         <object_component_ref idref="oc-150"/>
      </symbol>
      <symbol id="sm-185">
         <name>ADCSequenceDisable</name>
         <value>0x151b</value>
         <object_component_ref idref="oc-13e"/>
      </symbol>
      <symbol id="sm-186">
         <name>ADCSequenceDataGet</name>
         <value>0x138b</value>
         <object_component_ref idref="oc-180"/>
      </symbol>
      <symbol id="sm-192">
         <name>FPUEnable</name>
         <value>0x14dd</value>
         <object_component_ref idref="oc-186"/>
      </symbol>
      <symbol id="sm-20c">
         <name>GPIOPinTypePWM</name>
         <value>0x143f</value>
         <object_component_ref idref="oc-108"/>
      </symbol>
      <symbol id="sm-20d">
         <name>GPIOPinConfigure</name>
         <value>0x11ad</value>
         <object_component_ref idref="oc-102"/>
      </symbol>
      <symbol id="sm-20e">
         <name>GPIOIntEnable</name>
         <value>0x156f</value>
         <object_component_ref idref="oc-f6"/>
      </symbol>
      <symbol id="sm-20f">
         <name>GPIOIntTypeSet</name>
         <value>0x10b5</value>
         <object_component_ref idref="oc-f0"/>
      </symbol>
      <symbol id="sm-210">
         <name>GPIOPinTypeADC</name>
         <value>0x1413</value>
         <object_component_ref idref="oc-138"/>
      </symbol>
      <symbol id="sm-211">
         <name>GPIOPinTypeGPIOInput</name>
         <value>0x1429</value>
         <object_component_ref idref="oc-e4"/>
      </symbol>
      <symbol id="sm-212">
         <name>GPIOIntClear</name>
         <value>0x15c5</value>
         <object_component_ref idref="oc-86"/>
      </symbol>
      <symbol id="sm-213">
         <name>GPIOIntStatus</name>
         <value>0x1537</value>
         <object_component_ref idref="oc-8c"/>
      </symbol>
      <symbol id="sm-214">
         <name>GPIOPinRead</name>
         <value>0x15cb</value>
         <object_component_ref idref="oc-92"/>
      </symbol>
      <symbol id="sm-215">
         <name>GPIODirModeSet</name>
         <value>0x131d</value>
         <object_component_ref idref="oc-20b"/>
      </symbol>
      <symbol id="sm-216">
         <name>GPIOPinTypeQEI</name>
         <value>0x1455</value>
         <object_component_ref idref="oc-18c"/>
      </symbol>
      <symbol id="sm-217">
         <name>GPIOPadConfigSet</name>
         <value>0xa39</value>
         <object_component_ref idref="oc-211"/>
      </symbol>
      <symbol id="sm-248">
         <name>IntEnable</name>
         <value>0xfe5</value>
         <object_component_ref idref="oc-ea"/>
      </symbol>
      <symbol id="sm-249">
         <name>IntRegister</name>
         <value>0x1281</value>
         <object_component_ref idref="oc-236"/>
      </symbol>
      <symbol id="sm-24a">
         <name>g_pfnRAMVectors</name>
         <value>0x20000000</value>
         <object_component_ref idref="oc-2c0"/>
      </symbol>
      <symbol id="sm-2af">
         <name>PWMGenFaultTriggerSet</name>
         <value>0x1545</value>
         <object_component_ref idref="oc-11a"/>
      </symbol>
      <symbol id="sm-2b0">
         <name>PWMGenFaultClear</name>
         <value>0x146b</value>
         <object_component_ref idref="oc-17a"/>
      </symbol>
      <symbol id="sm-2b1">
         <name>PWMGenPeriodSet</name>
         <value>0x14fd</value>
         <object_component_ref idref="oc-12c"/>
      </symbol>
      <symbol id="sm-2b2">
         <name>PWMPulseWidthSet</name>
         <value>0x13a9</value>
         <object_component_ref idref="oc-98"/>
      </symbol>
      <symbol id="sm-2b3">
         <name>PWMFaultIntClearExt</name>
         <value>0x15d7</value>
         <object_component_ref idref="oc-174"/>
      </symbol>
      <symbol id="sm-2b4">
         <name>PWMGenFaultConfigure</name>
         <value>0x14ed</value>
         <object_component_ref idref="oc-114"/>
      </symbol>
      <symbol id="sm-2b5">
         <name>PWMOutputFaultLevel</name>
         <value>0x14a7</value>
         <object_component_ref idref="oc-126"/>
      </symbol>
      <symbol id="sm-2b6">
         <name>PWMOutputFault</name>
         <value>0x1495</value>
         <object_component_ref idref="oc-120"/>
      </symbol>
      <symbol id="sm-2b7">
         <name>PWMSyncTimeBase</name>
         <value>0x15db</value>
         <object_component_ref idref="oc-80"/>
      </symbol>
      <symbol id="sm-2b8">
         <name>PWMOutputState</name>
         <value>0x14b9</value>
         <object_component_ref idref="oc-7a"/>
      </symbol>
      <symbol id="sm-2b9">
         <name>PWMGenEnable</name>
         <value>0x157b</value>
         <object_component_ref idref="oc-132"/>
      </symbol>
      <symbol id="sm-2ba">
         <name>PWMGenConfigure</name>
         <value>0x1349</value>
         <object_component_ref idref="oc-10e"/>
      </symbol>
      <symbol id="sm-2ef">
         <name>QEIPositionGet</name>
         <value>0x15df</value>
         <object_component_ref idref="oc-b8"/>
      </symbol>
      <symbol id="sm-2f0">
         <name>QEIIntDisable</name>
         <value>0x15bb</value>
         <object_component_ref idref="oc-198"/>
      </symbol>
      <symbol id="sm-2f1">
         <name>QEIDisable</name>
         <value>0x15a7</value>
         <object_component_ref idref="oc-192"/>
      </symbol>
      <symbol id="sm-2f2">
         <name>QEIEnable</name>
         <value>0x15b1</value>
         <object_component_ref idref="oc-1a4"/>
      </symbol>
      <symbol id="sm-2f3">
         <name>QEIPositionSet</name>
         <value>0x15e3</value>
         <object_component_ref idref="oc-1aa"/>
      </symbol>
      <symbol id="sm-2f4">
         <name>QEIConfigure</name>
         <value>0x1553</value>
         <object_component_ref idref="oc-19e"/>
      </symbol>
      <symbol id="sm-329">
         <name>SysCtlClockSet</name>
         <value>0xdd9</value>
         <object_component_ref idref="oc-d7"/>
      </symbol>
      <symbol id="sm-32a">
         <name>SysCtlDelay</name>
         <value>0x15d1</value>
         <object_component_ref idref="oc-e3"/>
      </symbol>
      <symbol id="sm-32b">
         <name>SysCtlPeripheralEnable</name>
         <value>0x12b5</value>
         <object_component_ref idref="oc-dd"/>
      </symbol>
      <symbol id="sm-32c">
         <name>SysCtlPWMClockSet</name>
         <value>0x1481</value>
         <object_component_ref idref="oc-fc"/>
      </symbol>
      <symbol id="sm-341">
         <name>__aeabi_ddiv</name>
         <value>0xba5</value>
         <object_component_ref idref="oc-a8"/>
      </symbol>
      <symbol id="sm-34c">
         <name>__aeabi_dmul</name>
         <value>0xcdb</value>
         <object_component_ref idref="oc-a3"/>
      </symbol>
      <symbol id="sm-356">
         <name>__aeabi_d2uiz</name>
         <value>0x123d</value>
         <object_component_ref idref="oc-ad"/>
      </symbol>
      <symbol id="sm-360">
         <name>__aeabi_ui2d</name>
         <value>0x136b</value>
         <object_component_ref idref="oc-9e"/>
      </symbol>
      <symbol id="sm-379">
         <name>__TI_zero_init_nomemset</name>
         <value>0x13c7</value>
         <object_component_ref idref="oc-53"/>
      </symbol>
      <symbol id="sm-390">
         <name>__TI_decompress_none</name>
         <value>0x1561</value>
         <object_component_ref idref="oc-1b"/>
      </symbol>
      <symbol id="sm-3b3">
         <name>__TI_decompress_lzss</name>
         <value>0x104d</value>
         <object_component_ref idref="oc-15"/>
      </symbol>
      <symbol id="sm-3c6">
         <name>__stack</name>
         <value>0x20000270</value>
         <object_component_ref idref="oc-24"/>
      </symbol>
      <symbol id="sm-3c7">
         <name>_c_int00_noargs</name>
         <value>0x12e9</value>
         <object_component_ref idref="oc-65"/>
      </symbol>
      <symbol id="sm-3e3">
         <name>memcpy</name>
         <value>0xecd</value>
         <object_component_ref idref="oc-47"/>
      </symbol>
      <symbol id="sm-3e4">
         <name>__aeabi_memcpy</name>
         <value>0xecd</value>
         <object_component_ref idref="oc-47"/>
      </symbol>
      <symbol id="sm-3e5">
         <name>__aeabi_memcpy8</name>
         <value>0xecd</value>
         <object_component_ref idref="oc-47"/>
      </symbol>
      <symbol id="sm-3e6">
         <name>__aeabi_memcpy4</name>
         <value>0xecd</value>
         <object_component_ref idref="oc-47"/>
      </symbol>
      <symbol id="sm-40e">
         <name>__TI_auto_init_nobinit_nopinit</name>
         <value>0x11f9</value>
         <object_component_ref idref="oc-26d"/>
      </symbol>
      <symbol id="sm-418">
         <name>_system_pre_init</name>
         <value>0x15e7</value>
         <object_component_ref idref="oc-1d4"/>
      </symbol>
      <symbol id="sm-424">
         <name>C$$EXIT</name>
         <value>0x15eb</value>
         <object_component_ref idref="oc-261"/>
      </symbol>
      <symbol id="sm-425">
         <name>abort</name>
         <value>0x15eb</value>
         <object_component_ref idref="oc-261"/>
      </symbol>
      <symbol id="sm-428">
         <name>__TI_static_base__</name>
         <value>0x0</value>
      </symbol>
      <symbol id="sm-42b">
         <name>__mpu_init</name>
         <value>0x0</value>
      </symbol>
      <symbol id="sm-42c">
         <name>_system_post_cinit</name>
         <value>0x0</value>
      </symbol>
   </symbol_table>
   <title>Link successful</title>
</link_info>
