******************************************************************************
                  TI ARM Linker PC v20.2.7                     
******************************************************************************
>> Linked Sun Sep  8 21:11:09 2024

OUTPUT FILE NAME:   <freq_time.out>
ENTRY POINT SYMBOL: "_c_int00_noargs"  address: 000023cd


MEMORY CONFIGURATION

         name            origin    length      used     unused   attr    fill
----------------------  --------  ---------  --------  --------  ----  --------
  FLASH                 00000000   00040000  0000262d  0003d9d3  R  X
  SRAM                  20000000   00008000  00000210  00007df0  RW X


SEGMENT ALLOCATION MAP

run origin  load origin   length   init length attrs members
----------  ----------- ---------- ----------- ----- -------
00000000    00000000    00002634   00002634    r-x
  00000000    00000000    0000026c   0000026c    r-- .intvecs
  0000026c    0000026c    000022a4   000022a4    r-x .text
  00002510    00002510    00000101   00000101    r-- .const
  00002618    00002618    0000001c   0000001c    r-- .cinit
20000000    20000000    00000210   00000000    rw-
  20000000    20000000    00000200   00000000    rw- .stack
  20000200    20000200    00000010   00000000    rw- .data


SECTION ALLOCATION MAP

 output                                  attributes/
section   page    origin      length       input sections
--------  ----  ----------  ----------   ----------------
.intvecs   0    00000000    0000026c     
                  00000000    0000026c     tm4c123gh6pm_startup_ccs.obj (.intvecs)

.text      0    0000026c    000022a4     
                  0000026c    00000a4e     rtsv7M4_T_le_v4SPD16_eabi.lib : _printfi.c.obj (.text:__TI_printfi)
                  00000cba    00000002                                   : div0.asm.obj (.text)
                  00000cbc    00000300     freq_time.obj (.text)
                  00000fbc    00000270     rtsv7M4_T_le_v4SPD16_eabi.lib : _printfi.c.obj (.text:_pconv_a)
                  0000122c    000001d0                                   : _printfi.c.obj (.text:_pconv_g)
                  000013fc    000001b6                                   : fd_add_t2.asm.obj (.text)
                  000015b2    00000002     --HOLE-- [fill = 0]
                  000015b4    0000017c     uart0.obj (.text)
                  00001730    0000013c     rtsv7M4_T_le_v4SPD16_eabi.lib : _printfi.c.obj (.text:_pconv_e)
                  0000186c    00000136                                   : fd_div_t2.asm.obj (.text)
                  000019a2    00000002     --HOLE-- [fill = 0]
                  000019a4    00000124                                   : _printfi.c.obj (.text:fcvt)
                  00001ac8    00000110                                   : s_scalbn.c.obj (.text:scalbn)
                  00001bd8    000000fc                                   : fd_mul_t2.asm.obj (.text)
                  00001cd4    000000b1                                   : _printfi.c.obj (.text:_ltostr)
                  00001d85    00000001     --HOLE-- [fill = 0]
                  00001d86    0000009c                                   : memcpy_t2.asm.obj (.text)
                  00001e22    00000096                                   : ull_div_t2.asm.obj (.text)
                  00001eb8    00000086                                   : fd_cmp_t2.asm.obj (.text:__aeabi_cdcmple)
                  00001f3e    00000086                                   : fd_cmp_t2.asm.obj (.text:__aeabi_cdrcmple)
                  00001fc4    0000007a                                   : memset_t2.asm.obj (.text)
                  0000203e    0000006e                                   : _printfi.c.obj (.text:_mcpy)
                  000020ac    00000068                                   : copy_decompress_lzss.c.obj (.text:decompress:lzss:__TI_decompress_lzss)
                  00002114    00000064                                   : s_frexp.c.obj (.text:frexp)
                  00002178    00000056                                   : _printfi.c.obj (.text:_pconv_f)
                  000021ce    00000054                                   : _ltoa.c.obj (.text:__TI_ltoa)
                  00002222    00000052                                   : _printfi.c.obj (.text:_ecpy)
                  00002274    0000004c                                   : atoi.c.obj (.text:atoi)
                  000022c0    00000048                                   : fd_toi_t2.asm.obj (.text)
                  00002308    00000044                                   : autoinit.c.obj (.text:__TI_auto_init_nobinit_nopinit:__TI_auto_init_nobinit_nopinit)
                  0000234c    00000040                                   : sprintf.c.obj (.text:sprintf)
                  0000238c    0000003e                                   : _printfi.c.obj (.text:_fcpy)
                  000023ca    00000002     --HOLE-- [fill = 0]
                  000023cc    00000034                                   : boot_cortex_m.c.obj (.text:_c_int00_noargs:_c_int00_noargs)
                  00002400    0000002e                                   : i_tofd_t2.asm.obj (.text)
                  0000242e    00000024     wait.obj (.text)
                  00002452    0000001c     rtsv7M4_T_le_v4SPD16_eabi.lib : memccpy.c.obj (.text:memccpy)
                  0000246e    0000001a                                   : s_copysign.c.obj (.text:copysign)
                  00002488    00000018                                   : sprintf.c.obj (.text:_outs)
                  000024a0    00000016                                   : strchr.c.obj (.text:strchr)
                  000024b6    00000014                                   : strlen.c.obj (.text:strlen)
                  000024ca    00000012                                   : wcslen.c.obj (.text:wcslen)
                  000024dc    0000000e                                   : copy_decompress_none.c.obj (.text:decompress:none:__TI_decompress_none)
                  000024ea    0000000c     tm4c123gh6pm_startup_ccs.obj (.text)
                  000024f6    0000000a     rtsv7M4_T_le_v4SPD16_eabi.lib : sprintf.c.obj (.text:_outc)
                  00002500    00000008                                   : errno.c.obj (.text:__aeabi_errno_addr)
                  00002508    00000004                                   : pre_init.c.obj (.text:_system_pre_init)
                  0000250c    00000004                                   : exit.c.obj (.text:abort:abort)

.const     0    00002510    00000101     
                  00002510    00000101     rtsv7M4_T_le_v4SPD16_eabi.lib : ctype.c.obj (.const:.string:_ctypes_)

.cinit     0    00002618    0000001c     
                  00002618    0000000b     (.cinit..data.load) [load image, compression = lzss]
                  00002623    00000001     --HOLE-- [fill = 0]
                  00002624    00000008     (__TI_handler_table)
                  0000262c    00000008     (__TI_cinit_table)

.init_array 
*          0    00000000    00000000     UNINITIALIZED

.data      0    20000200    00000010     UNINITIALIZED
                  20000200    0000000c     freq_time.obj (.data)
                  2000020c    00000004     rtsv7M4_T_le_v4SPD16_eabi.lib : errno.c.obj (.data)

.stack     0    20000000    00000200     UNINITIALIZED
                  20000000    00000004     rtsv7M4_T_le_v4SPD16_eabi.lib : boot_cortex_m.c.obj (.stack)
                  20000004    000001fc     --HOLE--

__llvm_prf_cnts 
*          0    20000000    00000000     UNINITIALIZED

MODULE SUMMARY

       Module                         code   ro data   rw data
       ------                         ----   -------   -------
    .\
       freq_time.obj                  768    0         12     
       tm4c123gh6pm_startup_ccs.obj   12     620       0      
       uart0.obj                      380    0         0      
       wait.obj                       36     0         0      
    +--+------------------------------+------+---------+---------+
       Total:                         1196   620       12     
                                                              
    C:\ti\ccs1280\ccs\tools\compiler\ti-cgt-arm_20.2.7.LTS\lib\rtsv7M4_T_le_v4SPD16_eabi.lib
       _printfi.c.obj                 4851   0         0      
       fd_add_t2.asm.obj              438    0         0      
       fd_div_t2.asm.obj              310    0         0      
       s_scalbn.c.obj                 272    0         0      
       fd_cmp_t2.asm.obj              268    0         0      
       ctype.c.obj                    0      257       0      
       fd_mul_t2.asm.obj              252    0         0      
       memcpy_t2.asm.obj              156    0         0      
       ull_div_t2.asm.obj             150    0         0      
       memset_t2.asm.obj              122    0         0      
       copy_decompress_lzss.c.obj     104    0         0      
       s_frexp.c.obj                  100    0         0      
       sprintf.c.obj                  98     0         0      
       _ltoa.c.obj                    84     0         0      
       atoi.c.obj                     76     0         0      
       fd_toi_t2.asm.obj              72     0         0      
       autoinit.c.obj                 68     0         0      
       boot_cortex_m.c.obj            52     0         0      
       i_tofd_t2.asm.obj              46     0         0      
       memccpy.c.obj                  28     0         0      
       s_copysign.c.obj               26     0         0      
       strchr.c.obj                   22     0         0      
       strlen.c.obj                   20     0         0      
       wcslen.c.obj                   18     0         0      
       copy_decompress_none.c.obj     14     0         0      
       errno.c.obj                    8      0         4      
       exit.c.obj                     4      0         0      
       pre_init.c.obj                 4      0         0      
       div0.asm.obj                   2      0         0      
    +--+------------------------------+------+---------+---------+
       Total:                         7665   257       4      
                                                              
       Stack:                         0      0         512    
       Linker Generated:              0      27        0      
    +--+------------------------------+------+---------+---------+
       Grand Total:                   8861   904       528    


LINKER GENERATED COPY TABLES

__TI_cinit_table @ 0000262c records: 1, size/record: 8, table size: 8
	.data: load addr=00002618, load size=0000000b bytes, run addr=20000200, run size=00000010 bytes, compression=lzss


LINKER GENERATED HANDLER TABLE

__TI_handler_table @ 00002624 records: 2, size/record: 4, table size: 8
	index: 0, handler: __TI_decompress_lzss
	index: 1, handler: __TI_decompress_none


GLOBAL SYMBOLS: SORTED ALPHABETICALLY BY Name 

address   name                          
-------   ----                          
0000250d  C$$EXIT                       
000024eb  ResetISR                      
20000200  __STACK_END                   
00000200  __STACK_SIZE                  
20000200  __STACK_TOP                   
0000262c  __TI_CINIT_Base               
00002634  __TI_CINIT_Limit              
00002624  __TI_Handler_Table_Base       
0000262c  __TI_Handler_Table_Limit      
00002309  __TI_auto_init_nobinit_nopinit
000020ad  __TI_decompress_lzss          
000024dd  __TI_decompress_none          
000021cf  __TI_ltoa                     
ffffffff  __TI_pprof_out_hndl           
0000026d  __TI_printfi                  
ffffffff  __TI_prof_data_size           
ffffffff  __TI_prof_data_start          
00000000  __TI_static_base__            
00001eb9  __aeabi_cdcmpeq               
00001eb9  __aeabi_cdcmple               
00001f3f  __aeabi_cdrcmple              
000022c1  __aeabi_d2iz                  
00001407  __aeabi_dadd                  
0000186d  __aeabi_ddiv                  
00001bd9  __aeabi_dmul                  
000013fd  __aeabi_dsub                  
00002501  __aeabi_errno_addr            
00002401  __aeabi_i2d                   
00000cbb  __aeabi_idiv0                 
00000cbb  __aeabi_ldiv0                 
00001fc5  __aeabi_memclr                
00001fc5  __aeabi_memclr4               
00001fc5  __aeabi_memclr8               
00001d87  __aeabi_memcpy                
00001d87  __aeabi_memcpy4               
00001d87  __aeabi_memcpy8               
00001fc7  __aeabi_memset                
00001fc7  __aeabi_memset4               
00001fc7  __aeabi_memset8               
00001e23  __aeabi_uldivmod              
ffffffff  __binit__                     
ffffffff  __c_args__                    
UNDEFED   __mpu_init                    
20000000  __stack                       
20000000  __start___llvm_prf_cnts       
20000000  __stop___llvm_prf_cnts        
000023cd  _c_int00_noargs               
00002510  _ctypes_                      
UNDEFED   _system_post_cinit            
00002509  _system_pre_init              
0000250d  abort                         
00002275  atoi                          
ffffffff  binit                         
0000246f  copysign                      
0000246f  copysignl                     
2000020c  errno                         
20000204  frequency                     
00002115  frexp                         
00002115  frexpl                        
00000000  g_pfnVectors                  
000016bd  getcUart0                     
00000d39  initHw                        
000015b5  initUart0                     
000016d1  kbhitUart0                    
00001ac9  ldexp                         
00001ac9  ldexpl                        
00000e59  main                          
00002453  memccpy                       
00001d87  memcpy                        
00001fcd  memset                        
00001675  putcUart0                     
00001691  putsUart0                     
00001ac9  scalbn                        
00001ac9  scalbnl                       
00000cbd  setCounterMode                
00000cfb  setTimerMode                  
00001649  setUart0BaudRate              
0000234d  sprintf                       
000024a1  strchr                        
000024b7  strlen                        
20000208  time                          
20000200  timeMode                      
00000e0d  timer1Isr                     
0000242f  waitMicrosecond               
000024cb  wcslen                        
00000e33  wideTimer1Isr                 


GLOBAL SYMBOLS: SORTED BY Symbol Address 

address   name                          
-------   ----                          
00000000  __TI_static_base__            
00000000  g_pfnVectors                  
00000200  __STACK_SIZE                  
0000026d  __TI_printfi                  
00000cbb  __aeabi_idiv0                 
00000cbb  __aeabi_ldiv0                 
00000cbd  setCounterMode                
00000cfb  setTimerMode                  
00000d39  initHw                        
00000e0d  timer1Isr                     
00000e33  wideTimer1Isr                 
00000e59  main                          
000013fd  __aeabi_dsub                  
00001407  __aeabi_dadd                  
000015b5  initUart0                     
00001649  setUart0BaudRate              
00001675  putcUart0                     
00001691  putsUart0                     
000016bd  getcUart0                     
000016d1  kbhitUart0                    
0000186d  __aeabi_ddiv                  
00001ac9  ldexp                         
00001ac9  ldexpl                        
00001ac9  scalbn                        
00001ac9  scalbnl                       
00001bd9  __aeabi_dmul                  
00001d87  __aeabi_memcpy                
00001d87  __aeabi_memcpy4               
00001d87  __aeabi_memcpy8               
00001d87  memcpy                        
00001e23  __aeabi_uldivmod              
00001eb9  __aeabi_cdcmpeq               
00001eb9  __aeabi_cdcmple               
00001f3f  __aeabi_cdrcmple              
00001fc5  __aeabi_memclr                
00001fc5  __aeabi_memclr4               
00001fc5  __aeabi_memclr8               
00001fc7  __aeabi_memset                
00001fc7  __aeabi_memset4               
00001fc7  __aeabi_memset8               
00001fcd  memset                        
000020ad  __TI_decompress_lzss          
00002115  frexp                         
00002115  frexpl                        
000021cf  __TI_ltoa                     
00002275  atoi                          
000022c1  __aeabi_d2iz                  
00002309  __TI_auto_init_nobinit_nopinit
0000234d  sprintf                       
000023cd  _c_int00_noargs               
00002401  __aeabi_i2d                   
0000242f  waitMicrosecond               
00002453  memccpy                       
0000246f  copysign                      
0000246f  copysignl                     
000024a1  strchr                        
000024b7  strlen                        
000024cb  wcslen                        
000024dd  __TI_decompress_none          
000024eb  ResetISR                      
00002501  __aeabi_errno_addr            
00002509  _system_pre_init              
0000250d  C$$EXIT                       
0000250d  abort                         
00002510  _ctypes_                      
00002624  __TI_Handler_Table_Base       
0000262c  __TI_CINIT_Base               
0000262c  __TI_Handler_Table_Limit      
00002634  __TI_CINIT_Limit              
20000000  __stack                       
20000000  __start___llvm_prf_cnts       
20000000  __stop___llvm_prf_cnts        
20000200  __STACK_END                   
20000200  __STACK_TOP                   
20000200  timeMode                      
20000204  frequency                     
20000208  time                          
2000020c  errno                         
ffffffff  __TI_pprof_out_hndl           
ffffffff  __TI_prof_data_size           
ffffffff  __TI_prof_data_start          
ffffffff  __binit__                     
ffffffff  __c_args__                    
ffffffff  binit                         
UNDEFED   __mpu_init                    
UNDEFED   _system_post_cinit            

[86 symbols]
