******************************************************************************
                  TI ARM Linker PC v20.2.7                     
******************************************************************************
>> Linked Sun Sep  8 21:11:04 2024

OUTPUT FILE NAME:   <Quad_Encoder.out>
ENTRY POINT SYMBOL: "_c_int00_noargs"  address: 000021e9


MEMORY CONFIGURATION

         name            origin    length      used     unused   attr    fill
----------------------  --------  ---------  --------  --------  ----  --------
  FLASH                 00000000   00040000  00002445  0003dbbb  R  X
  SRAM                  20000000   00008000  00000204  00007dfc  RW X


SEGMENT ALLOCATION MAP

run origin  load origin   length   init length attrs members
----------  ----------- ---------- ----------- ----- -------
00000000    00000000    00002448   00002448    r-x
  00000000    00000000    0000026c   0000026c    r-- .intvecs
  0000026c    0000026c    000020c0   000020c0    r-x .text
  0000232c    0000232c    00000101   00000101    r-- .const
  00002430    00002430    00000018   00000018    r-- .cinit
20000000    20000000    00000204   00000000    rw-
  20000000    20000000    00000200   00000000    rw- .stack
  20000200    20000200    00000004   00000000    rw- .data


SECTION ALLOCATION MAP

 output                                  attributes/
section   page    origin      length       input sections
--------  ----  ----------  ----------   ----------------
.intvecs   0    00000000    0000026c     
                  00000000    0000026c     tm4c123gh6pm_startup_ccs.obj (.intvecs)

.text      0    0000026c    000020c0     
                  0000026c    00000a4e     rtsv7M4_T_le_v4SPD16_eabi.lib : _printfi.c.obj (.text:__TI_printfi)
                  00000cba    00000002                                   : div0.asm.obj (.text)
                  00000cbc    00000270                                   : _printfi.c.obj (.text:_pconv_a)
                  00000f2c    000001d0                                   : _printfi.c.obj (.text:_pconv_g)
                  000010fc    000001b6                                   : fd_add_t2.asm.obj (.text)
                  000012b2    00000002     --HOLE-- [fill = 0]
                  000012b4    00000164     Uart0.obj (.text)
                  00001418    0000013c     rtsv7M4_T_le_v4SPD16_eabi.lib : _printfi.c.obj (.text:_pconv_e)
                  00001554    00000136                                   : fd_div_t2.asm.obj (.text)
                  0000168a    00000002     --HOLE-- [fill = 0]
                  0000168c    00000124                                   : _printfi.c.obj (.text:fcvt)
                  000017b0    00000110                                   : s_scalbn.c.obj (.text:scalbn)
                  000018c0    000000fc                                   : fd_mul_t2.asm.obj (.text)
                  000019bc    000000b1                                   : _printfi.c.obj (.text:_ltostr)
                  00001a6d    00000003     --HOLE-- [fill = 0]
                  00001a70    000000ac     qei0.obj (.text)
                  00001b1c    0000009c     rtsv7M4_T_le_v4SPD16_eabi.lib : memcpy_t2.asm.obj (.text)
                  00001bb8    00000096                                   : ull_div_t2.asm.obj (.text)
                  00001c4e    00000086                                   : fd_cmp_t2.asm.obj (.text:__aeabi_cdcmple)
                  00001cd4    00000086                                   : fd_cmp_t2.asm.obj (.text:__aeabi_cdrcmple)
                  00001d5a    00000002     --HOLE-- [fill = 0]
                  00001d5c    00000084     qe.obj (.text)
                  00001de0    0000007a     rtsv7M4_T_le_v4SPD16_eabi.lib : memset_t2.asm.obj (.text)
                  00001e5a    0000006e                                   : _printfi.c.obj (.text:_mcpy)
                  00001ec8    00000068                                   : copy_decompress_lzss.c.obj (.text:decompress:lzss:__TI_decompress_lzss)
                  00001f30    00000064                                   : s_frexp.c.obj (.text:frexp)
                  00001f94    00000056                                   : _printfi.c.obj (.text:_pconv_f)
                  00001fea    00000054                                   : _ltoa.c.obj (.text:__TI_ltoa)
                  0000203e    00000052                                   : _printfi.c.obj (.text:_ecpy)
                  00002090    0000004c                                   : atoi.c.obj (.text:atoi)
                  000020dc    00000048                                   : fd_toi_t2.asm.obj (.text)
                  00002124    00000044                                   : autoinit.c.obj (.text:__TI_auto_init_nobinit_nopinit:__TI_auto_init_nobinit_nopinit)
                  00002168    00000040                                   : sprintf.c.obj (.text:sprintf)
                  000021a8    0000003e                                   : _printfi.c.obj (.text:_fcpy)
                  000021e6    00000002     --HOLE-- [fill = 0]
                  000021e8    00000034                                   : boot_cortex_m.c.obj (.text:_c_int00_noargs:_c_int00_noargs)
                  0000221c    0000002e                                   : i_tofd_t2.asm.obj (.text)
                  0000224a    00000024     wait.obj (.text)
                  0000226e    0000001c     rtsv7M4_T_le_v4SPD16_eabi.lib : memccpy.c.obj (.text:memccpy)
                  0000228a    0000001a                                   : s_copysign.c.obj (.text:copysign)
                  000022a4    00000018                                   : sprintf.c.obj (.text:_outs)
                  000022bc    00000016                                   : strchr.c.obj (.text:strchr)
                  000022d2    00000014                                   : strlen.c.obj (.text:strlen)
                  000022e6    00000012                                   : wcslen.c.obj (.text:wcslen)
                  000022f8    0000000e                                   : copy_decompress_none.c.obj (.text:decompress:none:__TI_decompress_none)
                  00002306    0000000c     tm4c123gh6pm_startup_ccs.obj (.text)
                  00002312    0000000a     rtsv7M4_T_le_v4SPD16_eabi.lib : sprintf.c.obj (.text:_outc)
                  0000231c    00000008                                   : errno.c.obj (.text:__aeabi_errno_addr)
                  00002324    00000004                                   : pre_init.c.obj (.text:_system_pre_init)
                  00002328    00000004                                   : exit.c.obj (.text:abort:abort)

.const     0    0000232c    00000101     
                  0000232c    00000101     rtsv7M4_T_le_v4SPD16_eabi.lib : ctype.c.obj (.const:.string:_ctypes_)

.cinit     0    00002430    00000018     
                  00002430    00000008     (__TI_handler_table)
                  00002438    00000007     (.cinit..data.load) [load image, compression = lzss]
                  0000243f    00000001     --HOLE-- [fill = 0]
                  00002440    00000008     (__TI_cinit_table)

.init_array 
*          0    00000000    00000000     UNINITIALIZED

.data      0    20000200    00000004     UNINITIALIZED
                  20000200    00000004     rtsv7M4_T_le_v4SPD16_eabi.lib : errno.c.obj (.data)

.stack     0    20000000    00000200     UNINITIALIZED
                  20000000    00000004     rtsv7M4_T_le_v4SPD16_eabi.lib : boot_cortex_m.c.obj (.stack)
                  20000004    000001fc     --HOLE--

__llvm_prf_cnts 
*          0    20000000    00000000     UNINITIALIZED

MODULE SUMMARY

       Module                         code   ro data   rw data
       ------                         ----   -------   -------
    .\
       tm4c123gh6pm_startup_ccs.obj   12     620       0      
       Uart0.obj                      356    0         0      
       qei0.obj                       172    0         0      
       qe.obj                         132    0         0      
       wait.obj                       36     0         0      
    +--+------------------------------+------+---------+---------+
       Total:                         708    620       0      
                                                              
    C:\ti\ccs1280\ccs\tools\compiler\ti-cgt-arm_20.2.7.LTS\lib\rtsv7M4_T_le_v4SPD16_eabi.lib
       _printfi.c.obj                 4851   0         0      
       fd_add_t2.asm.obj              438    0         0      
       fd_div_t2.asm.obj              310    0         0      
       s_scalbn.c.obj                 272    0         0      
       fd_cmp_t2.asm.obj              268    0         0      
       ctype.c.obj                    0      257       0      
       fd_mul_t2.asm.obj              252    0         0      
       memcpy_t2.asm.obj              156    0         0      
       ull_div_t2.asm.obj             150    0         0      
       memset_t2.asm.obj              122    0         0      
       copy_decompress_lzss.c.obj     104    0         0      
       s_frexp.c.obj                  100    0         0      
       sprintf.c.obj                  98     0         0      
       _ltoa.c.obj                    84     0         0      
       atoi.c.obj                     76     0         0      
       fd_toi_t2.asm.obj              72     0         0      
       autoinit.c.obj                 68     0         0      
       boot_cortex_m.c.obj            52     0         0      
       i_tofd_t2.asm.obj              46     0         0      
       memccpy.c.obj                  28     0         0      
       s_copysign.c.obj               26     0         0      
       strchr.c.obj                   22     0         0      
       strlen.c.obj                   20     0         0      
       wcslen.c.obj                   18     0         0      
       copy_decompress_none.c.obj     14     0         0      
       errno.c.obj                    8      0         4      
       exit.c.obj                     4      0         0      
       pre_init.c.obj                 4      0         0      
       div0.asm.obj                   2      0         0      
    +--+------------------------------+------+---------+---------+
       Total:                         7665   257       4      
                                                              
       Stack:                         0      0         512    
       Linker Generated:              0      23        0      
    +--+------------------------------+------+---------+---------+
       Grand Total:                   8373   900       516    


LINKER GENERATED COPY TABLES

__TI_cinit_table @ 00002440 records: 1, size/record: 8, table size: 8
	.data: load addr=00002438, load size=00000007 bytes, run addr=20000200, run size=00000004 bytes, compression=lzss


LINKER GENERATED HANDLER TABLE

__TI_handler_table @ 00002430 records: 2, size/record: 4, table size: 8
	index: 0, handler: __TI_decompress_lzss
	index: 1, handler: __TI_decompress_none


GLOBAL SYMBOLS: SORTED ALPHABETICALLY BY Name 

address   name                          
-------   ----                          
00002329  C$$EXIT                       
00002307  ResetISR                      
20000200  __STACK_END                   
00000200  __STACK_SIZE                  
20000200  __STACK_TOP                   
00002440  __TI_CINIT_Base               
00002448  __TI_CINIT_Limit              
00002430  __TI_Handler_Table_Base       
00002438  __TI_Handler_Table_Limit      
00002125  __TI_auto_init_nobinit_nopinit
00001ec9  __TI_decompress_lzss          
000022f9  __TI_decompress_none          
00001feb  __TI_ltoa                     
ffffffff  __TI_pprof_out_hndl           
0000026d  __TI_printfi                  
ffffffff  __TI_prof_data_size           
ffffffff  __TI_prof_data_start          
00000000  __TI_static_base__            
00001c4f  __aeabi_cdcmpeq               
00001c4f  __aeabi_cdcmple               
00001cd5  __aeabi_cdrcmple              
000020dd  __aeabi_d2iz                  
00001107  __aeabi_dadd                  
00001555  __aeabi_ddiv                  
000018c1  __aeabi_dmul                  
000010fd  __aeabi_dsub                  
0000231d  __aeabi_errno_addr            
0000221d  __aeabi_i2d                   
00000cbb  __aeabi_idiv0                 
00000cbb  __aeabi_ldiv0                 
00001de1  __aeabi_memclr                
00001de1  __aeabi_memclr4               
00001de1  __aeabi_memclr8               
00001b1d  __aeabi_memcpy                
00001b1d  __aeabi_memcpy4               
00001b1d  __aeabi_memcpy8               
00001de3  __aeabi_memset                
00001de3  __aeabi_memset4               
00001de3  __aeabi_memset8               
00001bb9  __aeabi_uldivmod              
ffffffff  __binit__                     
ffffffff  __c_args__                    
UNDEFED   __mpu_init                    
20000000  __stack                       
20000000  __start___llvm_prf_cnts       
20000000  __stop___llvm_prf_cnts        
000021e9  _c_int00_noargs               
0000232c  _ctypes_                      
UNDEFED   _system_post_cinit            
00002325  _system_pre_init              
00002329  abort                         
00002091  atoi                          
ffffffff  binit                         
0000228b  copysign                      
0000228b  copysignl                     
20000200  errno                         
00001f31  frexp                         
00001f31  frexpl                        
00000000  g_pfnVectors                  
00001ae7  getQei0Position               
000013b3  getcUart0                     
00001d5d  initHw                        
00001a71  initQei0                      
000012b5  initUart0                     
000013c7  kbhitUart0                    
000017b1  ldexp                         
000017b1  ldexpl                        
00001d6b  main                          
0000226f  memccpy                       
00001b1d  memcpy                        
00001de9  memset                        
0000136b  putcUart0                     
00001387  putsUart0                     
000017b1  scalbn                        
000017b1  scalbnl                       
0000133d  setUart0BaudRate              
00002169  sprintf                       
000022bd  strchr                        
000022d3  strlen                        
0000224b  waitMicrosecond               
000022e7  wcslen                        


GLOBAL SYMBOLS: SORTED BY Symbol Address 

address   name                          
-------   ----                          
00000000  __TI_static_base__            
00000000  g_pfnVectors                  
00000200  __STACK_SIZE                  
0000026d  __TI_printfi                  
00000cbb  __aeabi_idiv0                 
00000cbb  __aeabi_ldiv0                 
000010fd  __aeabi_dsub                  
00001107  __aeabi_dadd                  
000012b5  initUart0                     
0000133d  setUart0BaudRate              
0000136b  putcUart0                     
00001387  putsUart0                     
000013b3  getcUart0                     
000013c7  kbhitUart0                    
00001555  __aeabi_ddiv                  
000017b1  ldexp                         
000017b1  ldexpl                        
000017b1  scalbn                        
000017b1  scalbnl                       
000018c1  __aeabi_dmul                  
00001a71  initQei0                      
00001ae7  getQei0Position               
00001b1d  __aeabi_memcpy                
00001b1d  __aeabi_memcpy4               
00001b1d  __aeabi_memcpy8               
00001b1d  memcpy                        
00001bb9  __aeabi_uldivmod              
00001c4f  __aeabi_cdcmpeq               
00001c4f  __aeabi_cdcmple               
00001cd5  __aeabi_cdrcmple              
00001d5d  initHw                        
00001d6b  main                          
00001de1  __aeabi_memclr                
00001de1  __aeabi_memclr4               
00001de1  __aeabi_memclr8               
00001de3  __aeabi_memset                
00001de3  __aeabi_memset4               
00001de3  __aeabi_memset8               
00001de9  memset                        
00001ec9  __TI_decompress_lzss          
00001f31  frexp                         
00001f31  frexpl                        
00001feb  __TI_ltoa                     
00002091  atoi                          
000020dd  __aeabi_d2iz                  
00002125  __TI_auto_init_nobinit_nopinit
00002169  sprintf                       
000021e9  _c_int00_noargs               
0000221d  __aeabi_i2d                   
0000224b  waitMicrosecond               
0000226f  memccpy                       
0000228b  copysign                      
0000228b  copysignl                     
000022bd  strchr                        
000022d3  strlen                        
000022e7  wcslen                        
000022f9  __TI_decompress_none          
00002307  ResetISR                      
0000231d  __aeabi_errno_addr            
00002325  _system_pre_init              
00002329  C$$EXIT                       
00002329  abort                         
0000232c  _ctypes_                      
00002430  __TI_Handler_Table_Base       
00002438  __TI_Handler_Table_Limit      
00002440  __TI_CINIT_Base               
00002448  __TI_CINIT_Limit              
20000000  __stack                       
20000000  __start___llvm_prf_cnts       
20000000  __stop___llvm_prf_cnts        
20000200  __STACK_END                   
20000200  __STACK_TOP                   
20000200  errno                         
ffffffff  __TI_pprof_out_hndl           
ffffffff  __TI_prof_data_size           
ffffffff  __TI_prof_data_start          
ffffffff  __binit__                     
ffffffff  __c_args__                    
ffffffff  binit                         
UNDEFED   __mpu_init                    
UNDEFED   _system_post_cinit            

[81 symbols]
