******************************************************************************
                  TI ARM Linker PC v20.2.7                     
******************************************************************************
>> Linked Sun Sep  8 21:10:51 2024

OUTPUT FILE NAME:   <ADC.out>
ENTRY POINT SYMBOL: "_c_int00_noargs"  address: 00002615


MEMORY CONFIGURATION

         name            origin    length      used     unused   attr    fill
----------------------  --------  ---------  --------  --------  ----  --------
  FLASH                 00000000   00040000  00002891  0003d76f  R  X
  SRAM                  20000000   00008000  00000804  000077fc  RW X


SEGMENT ALLOCATION MAP

run origin  load origin   length   init length attrs members
----------  ----------- ---------- ----------- ----- -------
00000000    00000000    00002898   00002898    r-x
  00000000    00000000    0000026c   0000026c    r-- .intvecs
  0000026c    0000026c    0000250c   0000250c    r-x .text
  00002778    00002778    00000101   00000101    r-- .const
  00002880    00002880    00000018   00000018    r-- .cinit
20000000    20000000    00000804   00000000    rw-
  20000000    20000000    00000800   00000000    rw- .stack
  20000800    20000800    00000004   00000000    rw- .data


SECTION ALLOCATION MAP

 output                                  attributes/
section   page    origin      length       input sections
--------  ----  ----------  ----------   ----------------
.intvecs   0    00000000    0000026c     
                  00000000    0000026c     tm4c123gh6pm_startup_ccs.obj (.intvecs)

.text      0    0000026c    0000250c     
                  0000026c    00000a4e     rtsv7M4_T_le_v4SPD16_eabi.lib : _printfi.c.obj (.text:__TI_printfi)
                  00000cba    00000002                                   : div0.asm.obj (.text)
                  00000cbc    0000039c     analog.obj (.text)
                  00001058    00000270     rtsv7M4_T_le_v4SPD16_eabi.lib : _printfi.c.obj (.text:_pconv_a)
                  000012c8    000001d0                                   : _printfi.c.obj (.text:_pconv_g)
                  00001498    000001b6                                   : fd_add_t2.asm.obj (.text)
                  0000164e    00000002     --HOLE-- [fill = 0]
                  00001650    0000017c     uart0.obj (.text)
                  000017cc    0000013c     rtsv7M4_T_le_v4SPD16_eabi.lib : _printfi.c.obj (.text:_pconv_e)
                  00001908    00000136                                   : fd_div_t2.asm.obj (.text)
                  00001a3e    00000002     --HOLE-- [fill = 0]
                  00001a40    00000124                                   : _printfi.c.obj (.text:fcvt)
                  00001b64    00000110                                   : s_scalbn.c.obj (.text:scalbn)
                  00001c74    00000104     adc0.obj (.text)
                  00001d78    000000fc     rtsv7M4_T_le_v4SPD16_eabi.lib : fd_mul_t2.asm.obj (.text)
                  00001e74    000000b1                                   : _printfi.c.obj (.text:_ltostr)
                  00001f25    00000001     --HOLE-- [fill = 0]
                  00001f26    0000009c                                   : memcpy_t2.asm.obj (.text)
                  00001fc2    00000096                                   : ull_div_t2.asm.obj (.text)
                  00002058    00000086                                   : fd_cmp_t2.asm.obj (.text:__aeabi_cdcmple)
                  000020de    00000086                                   : fd_cmp_t2.asm.obj (.text:__aeabi_cdrcmple)
                  00002164    0000007a                                   : memset_t2.asm.obj (.text)
                  000021de    0000006e                                   : _printfi.c.obj (.text:_mcpy)
                  0000224c    0000006e                                   : fd_tos_t2.asm.obj (.text)
                  000022ba    00000068                                   : copy_decompress_lzss.c.obj (.text:decompress:lzss:__TI_decompress_lzss)
                  00002322    00000002     --HOLE-- [fill = 0]
                  00002324    00000064                                   : s_frexp.c.obj (.text:frexp)
                  00002388    00000056                                   : _printfi.c.obj (.text:_pconv_f)
                  000023de    00000054                                   : _ltoa.c.obj (.text:__TI_ltoa)
                  00002432    00000052                                   : _printfi.c.obj (.text:_ecpy)
                  00002484    0000004c                                   : atoi.c.obj (.text:atoi)
                  000024d0    00000048                                   : fd_toi_t2.asm.obj (.text)
                  00002518    00000044                                   : autoinit.c.obj (.text:__TI_auto_init_nobinit_nopinit:__TI_auto_init_nobinit_nopinit)
                  0000255c    00000040                                   : sprintf.c.obj (.text:sprintf)
                  0000259c    0000003e                                   : _printfi.c.obj (.text:_fcpy)
                  000025da    00000038                                   : fs_tod_t2.asm.obj (.text)
                  00002612    00000002     --HOLE-- [fill = 0]
                  00002614    00000034                                   : boot_cortex_m.c.obj (.text:_c_int00_noargs:_c_int00_noargs)
                  00002648    0000002e                                   : i_tofd_t2.asm.obj (.text)
                  00002676    00000024     wait.obj (.text)
                  0000269a    00000020     rtsv7M4_T_le_v4SPD16_eabi.lib : u_tofd_t2.asm.obj (.text)
                  000026ba    0000001c                                   : memccpy.c.obj (.text:memccpy)
                  000026d6    0000001a                                   : s_copysign.c.obj (.text:copysign)
                  000026f0    00000018                                   : sprintf.c.obj (.text:_outs)
                  00002708    00000016                                   : strchr.c.obj (.text:strchr)
                  0000271e    00000014                                   : strlen.c.obj (.text:strlen)
                  00002732    00000012                                   : wcslen.c.obj (.text:wcslen)
                  00002744    0000000e                                   : copy_decompress_none.c.obj (.text:decompress:none:__TI_decompress_none)
                  00002752    0000000c     tm4c123gh6pm_startup_ccs.obj (.text)
                  0000275e    0000000a     rtsv7M4_T_le_v4SPD16_eabi.lib : sprintf.c.obj (.text:_outc)
                  00002768    00000008                                   : errno.c.obj (.text:__aeabi_errno_addr)
                  00002770    00000004                                   : pre_init.c.obj (.text:_system_pre_init)
                  00002774    00000004                                   : exit.c.obj (.text:abort:abort)

.const     0    00002778    00000101     
                  00002778    00000101     rtsv7M4_T_le_v4SPD16_eabi.lib : ctype.c.obj (.const:.string:_ctypes_)

.cinit     0    00002880    00000018     
                  00002880    00000008     (__TI_handler_table)
                  00002888    00000007     (.cinit..data.load) [load image, compression = lzss]
                  0000288f    00000001     --HOLE-- [fill = 0]
                  00002890    00000008     (__TI_cinit_table)

.init_array 
*          0    00000000    00000000     UNINITIALIZED

.data      0    20000800    00000004     UNINITIALIZED
                  20000800    00000004     rtsv7M4_T_le_v4SPD16_eabi.lib : errno.c.obj (.data)

.stack     0    20000000    00000800     UNINITIALIZED
                  20000000    00000004     rtsv7M4_T_le_v4SPD16_eabi.lib : boot_cortex_m.c.obj (.stack)
                  20000004    000007fc     --HOLE--

__llvm_prf_cnts 
*          0    20000000    00000000     UNINITIALIZED

MODULE SUMMARY

       Module                         code   ro data   rw data
       ------                         ----   -------   -------
    .\
       analog.obj                     924    0         0      
       tm4c123gh6pm_startup_ccs.obj   12     620       0      
       uart0.obj                      380    0         0      
       adc0.obj                       260    0         0      
       wait.obj                       36     0         0      
    +--+------------------------------+------+---------+---------+
       Total:                         1612   620       0      
                                                              
    C:\ti\ccs1280\ccs\tools\compiler\ti-cgt-arm_20.2.7.LTS\lib\rtsv7M4_T_le_v4SPD16_eabi.lib
       _printfi.c.obj                 4851   0         0      
       fd_add_t2.asm.obj              438    0         0      
       fd_div_t2.asm.obj              310    0         0      
       s_scalbn.c.obj                 272    0         0      
       fd_cmp_t2.asm.obj              268    0         0      
       ctype.c.obj                    0      257       0      
       fd_mul_t2.asm.obj              252    0         0      
       memcpy_t2.asm.obj              156    0         0      
       ull_div_t2.asm.obj             150    0         0      
       memset_t2.asm.obj              122    0         0      
       fd_tos_t2.asm.obj              110    0         0      
       copy_decompress_lzss.c.obj     104    0         0      
       s_frexp.c.obj                  100    0         0      
       sprintf.c.obj                  98     0         0      
       _ltoa.c.obj                    84     0         0      
       atoi.c.obj                     76     0         0      
       fd_toi_t2.asm.obj              72     0         0      
       autoinit.c.obj                 68     0         0      
       fs_tod_t2.asm.obj              56     0         0      
       boot_cortex_m.c.obj            52     0         0      
       i_tofd_t2.asm.obj              46     0         0      
       u_tofd_t2.asm.obj              32     0         0      
       memccpy.c.obj                  28     0         0      
       s_copysign.c.obj               26     0         0      
       strchr.c.obj                   22     0         0      
       strlen.c.obj                   20     0         0      
       wcslen.c.obj                   18     0         0      
       copy_decompress_none.c.obj     14     0         0      
       errno.c.obj                    8      0         4      
       exit.c.obj                     4      0         0      
       pre_init.c.obj                 4      0         0      
       div0.asm.obj                   2      0         0      
    +--+------------------------------+------+---------+---------+
       Total:                         7863   257       4      
                                                              
       Stack:                         0      0         2048   
       Linker Generated:              0      23        0      
    +--+------------------------------+------+---------+---------+
       Grand Total:                   9475   900       2052   


LINKER GENERATED COPY TABLES

__TI_cinit_table @ 00002890 records: 1, size/record: 8, table size: 8
	.data: load addr=00002888, load size=00000007 bytes, run addr=20000800, run size=00000004 bytes, compression=lzss


LINKER GENERATED HANDLER TABLE

__TI_handler_table @ 00002880 records: 2, size/record: 4, table size: 8
	index: 0, handler: __TI_decompress_lzss
	index: 1, handler: __TI_decompress_none


GLOBAL SYMBOLS: SORTED ALPHABETICALLY BY Name 

address   name                          
-------   ----                          
00002775  C$$EXIT                       
00002753  ResetISR                      
20000800  __STACK_END                   
00000800  __STACK_SIZE                  
20000200  __STACK_TOP                   
00002890  __TI_CINIT_Base               
00002898  __TI_CINIT_Limit              
00002880  __TI_Handler_Table_Base       
00002888  __TI_Handler_Table_Limit      
00002519  __TI_auto_init_nobinit_nopinit
000022bb  __TI_decompress_lzss          
00002745  __TI_decompress_none          
000023df  __TI_ltoa                     
ffffffff  __TI_pprof_out_hndl           
0000026d  __TI_printfi                  
ffffffff  __TI_prof_data_size           
ffffffff  __TI_prof_data_start          
00000000  __TI_static_base__            
00002059  __aeabi_cdcmpeq               
00002059  __aeabi_cdcmple               
000020df  __aeabi_cdrcmple              
0000224d  __aeabi_d2f                   
000024d1  __aeabi_d2iz                  
000014a3  __aeabi_dadd                  
00001909  __aeabi_ddiv                  
00001d79  __aeabi_dmul                  
00001499  __aeabi_dsub                  
00002769  __aeabi_errno_addr            
000025db  __aeabi_f2d                   
00002649  __aeabi_i2d                   
00000cbb  __aeabi_idiv0                 
00000cbb  __aeabi_ldiv0                 
00002165  __aeabi_memclr                
00002165  __aeabi_memclr4               
00002165  __aeabi_memclr8               
00001f27  __aeabi_memcpy                
00001f27  __aeabi_memcpy4               
00001f27  __aeabi_memcpy8               
00002167  __aeabi_memset                
00002167  __aeabi_memset4               
00002167  __aeabi_memset8               
0000269b  __aeabi_ui2d                  
00001fc3  __aeabi_uldivmod              
ffffffff  __binit__                     
ffffffff  __c_args__                    
UNDEFED   __mpu_init                    
20000000  __stack                       
20000000  __start___llvm_prf_cnts       
20000000  __stop___llvm_prf_cnts        
00002615  _c_int00_noargs               
00002778  _ctypes_                      
UNDEFED   _system_post_cinit            
00002771  _system_pre_init              
00002775  abort                         
00002485  atoi                          
ffffffff  binit                         
000026d7  copysign                      
000026d7  copysignl                     
20000800  errno                         
00002325  frexp                         
00002325  frexpl                        
00000000  g_pfnVectors                  
00001759  getcUart0                     
00001c75  initAdc0Ss3                   
00000cbd  initHw                        
00001651  initUart0                     
0000176d  kbhitUart0                    
00001b65  ldexp                         
00001b65  ldexpl                        
00000d09  main                          
000026bb  memccpy                       
00001f27  memcpy                        
0000216d  memset                        
00001711  putcUart0                     
0000172d  putsUart0                     
00001d27  readAdc0Ss3                   
00001b65  scalbn                        
00001b65  scalbnl                       
00001cbb  setAdc0Ss3Log2AverageCount    
00001cff  setAdc0Ss3Mux                 
000016e5  setUart0BaudRate              
0000255d  sprintf                       
00002709  strchr                        
0000271f  strlen                        
00002677  waitMicrosecond               
00002733  wcslen                        


GLOBAL SYMBOLS: SORTED BY Symbol Address 

address   name                          
-------   ----                          
00000000  __TI_static_base__            
00000000  g_pfnVectors                  
0000026d  __TI_printfi                  
00000800  __STACK_SIZE                  
00000cbb  __aeabi_idiv0                 
00000cbb  __aeabi_ldiv0                 
00000cbd  initHw                        
00000d09  main                          
00001499  __aeabi_dsub                  
000014a3  __aeabi_dadd                  
00001651  initUart0                     
000016e5  setUart0BaudRate              
00001711  putcUart0                     
0000172d  putsUart0                     
00001759  getcUart0                     
0000176d  kbhitUart0                    
00001909  __aeabi_ddiv                  
00001b65  ldexp                         
00001b65  ldexpl                        
00001b65  scalbn                        
00001b65  scalbnl                       
00001c75  initAdc0Ss3                   
00001cbb  setAdc0Ss3Log2AverageCount    
00001cff  setAdc0Ss3Mux                 
00001d27  readAdc0Ss3                   
00001d79  __aeabi_dmul                  
00001f27  __aeabi_memcpy                
00001f27  __aeabi_memcpy4               
00001f27  __aeabi_memcpy8               
00001f27  memcpy                        
00001fc3  __aeabi_uldivmod              
00002059  __aeabi_cdcmpeq               
00002059  __aeabi_cdcmple               
000020df  __aeabi_cdrcmple              
00002165  __aeabi_memclr                
00002165  __aeabi_memclr4               
00002165  __aeabi_memclr8               
00002167  __aeabi_memset                
00002167  __aeabi_memset4               
00002167  __aeabi_memset8               
0000216d  memset                        
0000224d  __aeabi_d2f                   
000022bb  __TI_decompress_lzss          
00002325  frexp                         
00002325  frexpl                        
000023df  __TI_ltoa                     
00002485  atoi                          
000024d1  __aeabi_d2iz                  
00002519  __TI_auto_init_nobinit_nopinit
0000255d  sprintf                       
000025db  __aeabi_f2d                   
00002615  _c_int00_noargs               
00002649  __aeabi_i2d                   
00002677  waitMicrosecond               
0000269b  __aeabi_ui2d                  
000026bb  memccpy                       
000026d7  copysign                      
000026d7  copysignl                     
00002709  strchr                        
0000271f  strlen                        
00002733  wcslen                        
00002745  __TI_decompress_none          
00002753  ResetISR                      
00002769  __aeabi_errno_addr            
00002771  _system_pre_init              
00002775  C$$EXIT                       
00002775  abort                         
00002778  _ctypes_                      
00002880  __TI_Handler_Table_Base       
00002888  __TI_Handler_Table_Limit      
00002890  __TI_CINIT_Base               
00002898  __TI_CINIT_Limit              
20000000  __stack                       
20000000  __start___llvm_prf_cnts       
20000000  __stop___llvm_prf_cnts        
20000200  __STACK_TOP                   
20000800  __STACK_END                   
20000800  errno                         
ffffffff  __TI_pprof_out_hndl           
ffffffff  __TI_prof_data_size           
ffffffff  __TI_prof_data_start          
ffffffff  __binit__                     
ffffffff  __c_args__                    
ffffffff  binit                         
UNDEFED   __mpu_init                    
UNDEFED   _system_post_cinit            

[86 symbols]
