******************************************************************************
                  TI ARM Linker PC v20.2.7                     
******************************************************************************
>> Linked Sat Aug 31 23:14:06 2024

OUTPUT FILE NAME:   <PWM.out>
ENTRY POINT SYMBOL: "_c_int00_noargs"  address: 00000b79


MEMORY CONFIGURATION

         name            origin    length      used     unused   attr    fill
----------------------  --------  ---------  --------  --------  ----  --------
  FLASH                 00000000   00040000  00000dfe  0003f202  R  X
  SRAM                  20000000   00008000  00000602  000079fe  RW X


SEGMENT ALLOCATION MAP

run origin  load origin   length   init length attrs members
----------  ----------- ---------- ----------- ----- -------
00000000    00000000    00000e00   00000e00    r-x
  00000000    00000000    0000026c   0000026c    r-- .intvecs
  0000026c    0000026c    0000096e   0000096e    r-x .text
  00000bda    00000bda    000001f4   000001f4    r-- .const
  00000dd0    00000dd0    00000030   00000030    r-- .cinit
20000000    20000000    00000602   00000000    rw-
  20000000    20000000    00000400   00000000    rw- .bss
  20000400    20000400    00000200   00000000    rw- .stack
  20000600    20000600    00000002   00000000    rw- .data


SECTION ALLOCATION MAP

 output                                  attributes/
section   page    origin      length       input sections
--------  ----  ----------  ----------   ----------------
.intvecs   0    00000000    0000026c     
                  00000000    0000026c     tm4c123gh6pm_startup_ccs.obj (.intvecs)

.text      0    0000026c    0000096e     
                  0000026c    00000564     graphics_lcd.obj (.text)
                  000007d0    0000018c     backlight.obj (.text)
                  0000095c    0000009c     rtsv7M4_T_le_v4SPD16_eabi.lib : memcpy_t2.asm.obj (.text)
                  000009f8    0000007a                                   : memset_t2.asm.obj (.text)
                  00000a72    00000068                                   : copy_decompress_lzss.c.obj (.text:decompress:lzss:__TI_decompress_lzss)
                  00000ada    00000002     --HOLE-- [fill = 0]
                  00000adc    00000058     rgb_backlight.obj (.text)
                  00000b34    00000044     rtsv7M4_T_le_v4SPD16_eabi.lib : autoinit.c.obj (.text:__TI_auto_init_nobinit_nopinit:__TI_auto_init_nobinit_nopinit)
                  00000b78    00000034                                   : boot_cortex_m.c.obj (.text:_c_int00_noargs:_c_int00_noargs)
                  00000bac    0000000e                                   : copy_decompress_none.c.obj (.text:decompress:none:__TI_decompress_none)
                  00000bba    0000000c                                   : copy_zero_init.c.obj (.text:decompress:ZI:__TI_zero_init)
                  00000bc6    0000000c     tm4c123gh6pm_startup_ccs.obj (.text)
                  00000bd2    00000004     rtsv7M4_T_le_v4SPD16_eabi.lib : pre_init.c.obj (.text:_system_pre_init)
                  00000bd6    00000004                                   : exit.c.obj (.text:abort:abort)

.const     0    00000bda    000001f4     
                  00000bda    000001f4     graphics_lcd.obj (.const:charGen)

.cinit     0    00000dd0    00000030     
                  00000dd0    0000000c     (__TI_handler_table)
                  00000ddc    00000004     --HOLE-- [fill = 0]
                  00000de0    00000008     (.cinit..bss.load) [load image, compression = zero_init]
                  00000de8    00000006     (.cinit..data.load) [load image, compression = lzss]
                  00000dee    00000002     --HOLE-- [fill = 0]
                  00000df0    00000010     (__TI_cinit_table)

.init_array 
*          0    00000000    00000000     UNINITIALIZED

.bss       0    20000000    00000400     UNINITIALIZED
                  20000000    00000400     (.common:pixelMap)

.data      0    20000600    00000002     UNINITIALIZED
                  20000600    00000002     graphics_lcd.obj (.data)

.stack     0    20000400    00000200     UNINITIALIZED
                  20000400    00000004     rtsv7M4_T_le_v4SPD16_eabi.lib : boot_cortex_m.c.obj (.stack)
                  20000404    000001fc     --HOLE--

__llvm_prf_cnts 
*          0    20000000    00000000     UNINITIALIZED

MODULE SUMMARY

       Module                         code   ro data   rw data
       ------                         ----   -------   -------
    .\
       graphics_lcd.obj               1380   500       1026   
       tm4c123gh6pm_startup_ccs.obj   12     620       0      
       backlight.obj                  396    0         0      
       rgb_backlight.obj              88     0         0      
    +--+------------------------------+------+---------+---------+
       Total:                         1876   1120      1026   
                                                              
    C:\ti\ccs1280\ccs\tools\compiler\ti-cgt-arm_20.2.7.LTS\lib\rtsv7M4_T_le_v4SPD16_eabi.lib
       memcpy_t2.asm.obj              156    0         0      
       memset_t2.asm.obj              122    0         0      
       copy_decompress_lzss.c.obj     104    0         0      
       autoinit.c.obj                 68     0         0      
       boot_cortex_m.c.obj            52     0         0      
       copy_decompress_none.c.obj     14     0         0      
       copy_zero_init.c.obj           12     0         0      
       exit.c.obj                     4      0         0      
       pre_init.c.obj                 4      0         0      
    +--+------------------------------+------+---------+---------+
       Total:                         536    0         0      
                                                              
       Stack:                         0      0         512    
       Linker Generated:              0      42        0      
    +--+------------------------------+------+---------+---------+
       Grand Total:                   2412   1162      1538   


LINKER GENERATED COPY TABLES

__TI_cinit_table @ 00000df0 records: 2, size/record: 8, table size: 16
	.bss: load addr=00000de0, load size=00000008 bytes, run addr=20000000, run size=00000400 bytes, compression=zero_init
	.data: load addr=00000de8, load size=00000006 bytes, run addr=20000600, run size=00000002 bytes, compression=lzss


LINKER GENERATED HANDLER TABLE

__TI_handler_table @ 00000dd0 records: 3, size/record: 4, table size: 12
	index: 0, handler: __TI_decompress_lzss
	index: 1, handler: __TI_decompress_none
	index: 2, handler: __TI_zero_init


GLOBAL SYMBOLS: SORTED ALPHABETICALLY BY Name 

address   name                          
-------   ----                          
00000bd7  C$$EXIT                       
00000bc7  ResetISR                      
20000600  __STACK_END                   
00000200  __STACK_SIZE                  
20000600  __STACK_TOP                   
00000df0  __TI_CINIT_Base               
00000e00  __TI_CINIT_Limit              
00000dd0  __TI_Handler_Table_Base       
00000ddc  __TI_Handler_Table_Limit      
00000b35  __TI_auto_init_nobinit_nopinit
00000a73  __TI_decompress_lzss          
00000bad  __TI_decompress_none          
ffffffff  __TI_pprof_out_hndl           
ffffffff  __TI_prof_data_size           
ffffffff  __TI_prof_data_start          
00000000  __TI_static_base__            
00000bbb  __TI_zero_init                
000009f9  __aeabi_memclr                
000009f9  __aeabi_memclr4               
000009f9  __aeabi_memclr8               
0000095d  __aeabi_memcpy                
0000095d  __aeabi_memcpy4               
0000095d  __aeabi_memcpy8               
000009fb  __aeabi_memset                
000009fb  __aeabi_memset4               
000009fb  __aeabi_memset8               
ffffffff  __binit__                     
ffffffff  __c_args__                    
UNDEFED   __mpu_init                    
20000400  __stack                       
20000000  __start___llvm_prf_cnts       
20000000  __stop___llvm_prf_cnts        
00000b79  _c_int00_noargs               
UNDEFED   _system_post_cinit            
00000bd3  _system_pre_init              
00000bd7  abort                         
ffffffff  binit                         
00000bda  charGen                       
00000353  clearGraphicsLcd              
00000389  drawGraphicsLcdPixel          
00000435  drawGraphicsLcdRectangle      
00000000  g_pfnVectors                  
000007d1  initBacklight                 
0000068d  initGraphicsLcd               
00000add  initHw                        
00000aeb  main                          
0000095d  memcpy                        
00000a01  memset                        
20000000  pixelMap                      
000005e9  putcGraphicsLcd               
0000065d  putsGraphicsLcd               
000002e9  refreshGraphicsLcd            
0000026d  sendGraphicsLcdCommand        
0000028f  sendGraphicsLcdData           
000008cd  setBacklightRgbColor          
000002c7  setGraphicsLcdColumn          
000002b1  setGraphicsLcdPage            
000005af  setGraphicsLcdTextPosition    
20000600  txtIndex                      


GLOBAL SYMBOLS: SORTED BY Symbol Address 

address   name                          
-------   ----                          
00000000  __TI_static_base__            
00000000  g_pfnVectors                  
00000200  __STACK_SIZE                  
0000026d  sendGraphicsLcdCommand        
0000028f  sendGraphicsLcdData           
000002b1  setGraphicsLcdPage            
000002c7  setGraphicsLcdColumn          
000002e9  refreshGraphicsLcd            
00000353  clearGraphicsLcd              
00000389  drawGraphicsLcdPixel          
00000435  drawGraphicsLcdRectangle      
000005af  setGraphicsLcdTextPosition    
000005e9  putcGraphicsLcd               
0000065d  putsGraphicsLcd               
0000068d  initGraphicsLcd               
000007d1  initBacklight                 
000008cd  setBacklightRgbColor          
0000095d  __aeabi_memcpy                
0000095d  __aeabi_memcpy4               
0000095d  __aeabi_memcpy8               
0000095d  memcpy                        
000009f9  __aeabi_memclr                
000009f9  __aeabi_memclr4               
000009f9  __aeabi_memclr8               
000009fb  __aeabi_memset                
000009fb  __aeabi_memset4               
000009fb  __aeabi_memset8               
00000a01  memset                        
00000a73  __TI_decompress_lzss          
00000add  initHw                        
00000aeb  main                          
00000b35  __TI_auto_init_nobinit_nopinit
00000b79  _c_int00_noargs               
00000bad  __TI_decompress_none          
00000bbb  __TI_zero_init                
00000bc7  ResetISR                      
00000bd3  _system_pre_init              
00000bd7  C$$EXIT                       
00000bd7  abort                         
00000bda  charGen                       
00000dd0  __TI_Handler_Table_Base       
00000ddc  __TI_Handler_Table_Limit      
00000df0  __TI_CINIT_Base               
00000e00  __TI_CINIT_Limit              
20000000  __start___llvm_prf_cnts       
20000000  __stop___llvm_prf_cnts        
20000000  pixelMap                      
20000400  __stack                       
20000600  __STACK_END                   
20000600  __STACK_TOP                   
20000600  txtIndex                      
ffffffff  __TI_pprof_out_hndl           
ffffffff  __TI_prof_data_size           
ffffffff  __TI_prof_data_start          
ffffffff  __binit__                     
ffffffff  __c_args__                    
ffffffff  binit                         
UNDEFED   __mpu_init                    
UNDEFED   _system_post_cinit            

[59 symbols]
