******************************************************************************
                  TI ARM Linker PC v20.2.7                     
******************************************************************************
>> Linked Sun Sep  1 17:46:11 2024

OUTPUT FILE NAME:   <keyboard.out>
ENTRY POINT SYMBOL: "_c_int00_noargs"  address: 00000af1


MEMORY CONFIGURATION

         name            origin    length      used     unused   attr    fill
----------------------  --------  ---------  --------  --------  ----  --------
  FLASH                 00000000   00040000  00000bc3  0003f43d  R  X
  SRAM                  20000000   00008000  00000213  00007ded  RW X


SEGMENT ALLOCATION MAP

run origin  load origin   length   init length attrs members
----------  ----------- ---------- ----------- ----- -------
00000000    00000000    00000bc8   00000bc8    r-x
  00000000    00000000    0000026c   0000026c    r-- .intvecs
  0000026c    0000026c    00000916   00000916    r-x .text
  00000b82    00000b82    00000011   00000011    r-- .const
  00000b98    00000b98    00000030   00000030    r-- .cinit
20000000    20000000    00000213   00000000    rw-
  20000000    20000000    00000200   00000000    rw- .stack
  20000200    20000200    00000010   00000000    rw- .bss
  20000210    20000210    00000003   00000000    rw- .data


SECTION ALLOCATION MAP

 output                                  attributes/
section   page    origin      length       input sections
--------  ----  ----------  ----------   ----------------
.intvecs   0    00000000    0000026c     
                  00000000    0000026c     tm4c123gh6pm_startup_ccs.obj (.intvecs)

.text      0    0000026c    00000916     
                  0000026c    00000470     kb.obj (.text)
                  000006dc    0000017c     uart0.obj (.text)
                  00000858    00000150     keyboard.obj (.text)
                  000009a8    0000009c     rtsv7M4_T_le_v4SPD16_eabi.lib : memcpy_t2.asm.obj (.text)
                  00000a44    00000068                                   : copy_decompress_lzss.c.obj (.text:decompress:lzss:__TI_decompress_lzss)
                  00000aac    00000044                                   : autoinit.c.obj (.text:__TI_auto_init_nobinit_nopinit:__TI_auto_init_nobinit_nopinit)
                  00000af0    00000034                                   : boot_cortex_m.c.obj (.text:_c_int00_noargs:_c_int00_noargs)
                  00000b24    00000020     wait.obj (.text)
                  00000b44    0000001c     rtsv7M4_T_le_v4SPD16_eabi.lib : copy_zero_init.c.obj (.text:decompress:ZI:__TI_zero_init_nomemset:__TI_zero_init_nomemset)
                  00000b60    0000000e                                   : copy_decompress_none.c.obj (.text:decompress:none:__TI_decompress_none)
                  00000b6e    0000000c     tm4c123gh6pm_startup_ccs.obj (.text)
                  00000b7a    00000004     rtsv7M4_T_le_v4SPD16_eabi.lib : pre_init.c.obj (.text:_system_pre_init)
                  00000b7e    00000004                                   : exit.c.obj (.text:abort:abort)

.const     0    00000b82    00000011     
                  00000b82    00000011     kb.obj (.const:.string:$P$T0$2)

.cinit     0    00000b98    00000030     
                  00000b98    0000000c     (__TI_handler_table)
                  00000ba4    00000004     --HOLE-- [fill = 0]
                  00000ba8    00000008     (.cinit..bss.load) [load image, compression = zero_init]
                  00000bb0    00000007     (.cinit..data.load) [load image, compression = lzss]
                  00000bb7    00000001     --HOLE-- [fill = 0]
                  00000bb8    00000010     (__TI_cinit_table)

.init_array 
*          0    00000000    00000000     UNINITIALIZED

.bss       0    20000200    00000010     UNINITIALIZED
                  20000200    00000010     (.common:keyboardBuffer)

.data      0    20000210    00000003     UNINITIALIZED
                  20000210    00000003     kb.obj (.data)

.stack     0    20000000    00000200     UNINITIALIZED
                  20000000    00000004     rtsv7M4_T_le_v4SPD16_eabi.lib : boot_cortex_m.c.obj (.stack)
                  20000004    000001fc     --HOLE--

__llvm_prf_cnts 
*          0    20000000    00000000     UNINITIALIZED

MODULE SUMMARY

       Module                         code   ro data   rw data
       ------                         ----   -------   -------
    .\
       kb.obj                         1136   17        19     
       tm4c123gh6pm_startup_ccs.obj   12     620       0      
       uart0.obj                      380    0         0      
       keyboard.obj                   336    0         0      
       wait.obj                       32     0         0      
    +--+------------------------------+------+---------+---------+
       Total:                         1896   637       19     
                                                              
    C:\ti\ccs1280\ccs\tools\compiler\ti-cgt-arm_20.2.7.LTS\lib\rtsv7M4_T_le_v4SPD16_eabi.lib
       memcpy_t2.asm.obj              156    0         0      
       copy_decompress_lzss.c.obj     104    0         0      
       autoinit.c.obj                 68     0         0      
       boot_cortex_m.c.obj            52     0         0      
       copy_zero_init.c.obj           28     0         0      
       copy_decompress_none.c.obj     14     0         0      
       exit.c.obj                     4      0         0      
       pre_init.c.obj                 4      0         0      
    +--+------------------------------+------+---------+---------+
       Total:                         430    0         0      
                                                              
       Stack:                         0      0         512    
       Linker Generated:              0      43        0      
    +--+------------------------------+------+---------+---------+
       Grand Total:                   2326   680       531    


LINKER GENERATED COPY TABLES

__TI_cinit_table @ 00000bb8 records: 2, size/record: 8, table size: 16
	.bss: load addr=00000ba8, load size=00000008 bytes, run addr=20000200, run size=00000010 bytes, compression=zero_init
	.data: load addr=00000bb0, load size=00000007 bytes, run addr=20000210, run size=00000003 bytes, compression=lzss


LINKER GENERATED HANDLER TABLE

__TI_handler_table @ 00000b98 records: 3, size/record: 4, table size: 12
	index: 0, handler: __TI_decompress_lzss
	index: 1, handler: __TI_decompress_none
	index: 2, handler: __TI_zero_init


GLOBAL SYMBOLS: SORTED ALPHABETICALLY BY Name 

address   name                          
-------   ----                          
00000b7f  C$$EXIT                       
00000b6f  ResetISR                      
20000200  __STACK_END                   
00000200  __STACK_SIZE                  
20000200  __STACK_TOP                   
00000bb8  __TI_CINIT_Base               
00000bc8  __TI_CINIT_Limit              
00000b98  __TI_Handler_Table_Base       
00000ba4  __TI_Handler_Table_Limit      
00000aad  __TI_auto_init_nobinit_nopinit
00000a45  __TI_decompress_lzss          
00000b61  __TI_decompress_none          
ffffffff  __TI_pprof_out_hndl           
ffffffff  __TI_prof_data_size           
ffffffff  __TI_prof_data_start          
00000000  __TI_static_base__            
00000b45  __TI_zero_init_nomemset       
000009a9  __aeabi_memcpy                
000009a9  __aeabi_memcpy4               
000009a9  __aeabi_memcpy8               
ffffffff  __binit__                     
ffffffff  __c_args__                    
UNDEFED   __mpu_init                    
20000000  __stack                       
20000000  __start___llvm_prf_cnts       
20000000  __stop___llvm_prf_cnts        
00000af1  _c_int00_noargs               
UNDEFED   _system_post_cinit            
00000b7b  _system_pre_init              
00000b7f  abort                         
ffffffff  binit                         
00000575  debounceIsr                   
00000000  g_pfnVectors                  
0000063d  getKey                        
00000419  getKeyboardRow                
0000045d  getKeyboardScanCode           
000007e5  getcUart0                     
00000859  initHw                        
0000026d  initKb                        
000006dd  initUart0                     
000005f1  kbhit                         
000007f9  kbhitUart0                    
000004d3  keyPressIsr                   
20000200  keyboardBuffer                
20000210  keyboardReadIndex             
20000211  keyboardWriteIndex            
00000891  main                          
000009a9  memcpy                        
0000079d  putcUart0                     
000007b9  putsUart0                     
000003f7  setKeyboardAllColumns         
000003a5  setKeyboardColumn             
00000771  setUart0BaudRate              
00000b25  waitMicrosecond               


GLOBAL SYMBOLS: SORTED BY Symbol Address 

address   name                          
-------   ----                          
00000000  __TI_static_base__            
00000000  g_pfnVectors                  
00000200  __STACK_SIZE                  
0000026d  initKb                        
000003a5  setKeyboardColumn             
000003f7  setKeyboardAllColumns         
00000419  getKeyboardRow                
0000045d  getKeyboardScanCode           
000004d3  keyPressIsr                   
00000575  debounceIsr                   
000005f1  kbhit                         
0000063d  getKey                        
000006dd  initUart0                     
00000771  setUart0BaudRate              
0000079d  putcUart0                     
000007b9  putsUart0                     
000007e5  getcUart0                     
000007f9  kbhitUart0                    
00000859  initHw                        
00000891  main                          
000009a9  __aeabi_memcpy                
000009a9  __aeabi_memcpy4               
000009a9  __aeabi_memcpy8               
000009a9  memcpy                        
00000a45  __TI_decompress_lzss          
00000aad  __TI_auto_init_nobinit_nopinit
00000af1  _c_int00_noargs               
00000b25  waitMicrosecond               
00000b45  __TI_zero_init_nomemset       
00000b61  __TI_decompress_none          
00000b6f  ResetISR                      
00000b7b  _system_pre_init              
00000b7f  C$$EXIT                       
00000b7f  abort                         
00000b98  __TI_Handler_Table_Base       
00000ba4  __TI_Handler_Table_Limit      
00000bb8  __TI_CINIT_Base               
00000bc8  __TI_CINIT_Limit              
20000000  __stack                       
20000000  __start___llvm_prf_cnts       
20000000  __stop___llvm_prf_cnts        
20000200  __STACK_END                   
20000200  __STACK_TOP                   
20000200  keyboardBuffer                
20000210  keyboardReadIndex             
20000211  keyboardWriteIndex            
ffffffff  __TI_pprof_out_hndl           
ffffffff  __TI_prof_data_size           
ffffffff  __TI_prof_data_start          
ffffffff  __binit__                     
ffffffff  __c_args__                    
ffffffff  binit                         
UNDEFED   __mpu_init                    
UNDEFED   _system_post_cinit            

[54 symbols]
