******************************************************************************
                  TI ARM Linker PC v20.2.7                     
******************************************************************************
>> Linked Sun Sep  8 21:10:52 2024

OUTPUT FILE NAME:   <Analog_Temp.out>
ENTRY POINT SYMBOL: "_c_int00_noargs"  address: 000025a5


MEMORY CONFIGURATION

         name            origin    length      used     unused   attr    fill
----------------------  --------  ---------  --------  --------  ----  --------
  FLASH                 00000000   00040000  00002821  0003d7df  R  X
  SRAM                  20000000   00008000  00000804  000077fc  RW X


SEGMENT ALLOCATION MAP

run origin  load origin   length   init length attrs members
----------  ----------- ---------- ----------- ----- -------
00000000    00000000    00002828   00002828    r-x
  00000000    00000000    0000026c   0000026c    r-- .intvecs
  0000026c    0000026c    0000249c   0000249c    r-x .text
  00002708    00002708    00000101   00000101    r-- .const
  00002810    00002810    00000018   00000018    r-- .cinit
20000000    20000000    00000804   00000000    rw-
  20000000    20000000    00000800   00000000    rw- .stack
  20000800    20000800    00000004   00000000    rw- .data


SECTION ALLOCATION MAP

 output                                  attributes/
section   page    origin      length       input sections
--------  ----  ----------  ----------   ----------------
.intvecs   0    00000000    0000026c     
                  00000000    0000026c     tm4c123gh6pm_startup_ccs.obj (.intvecs)

.text      0    0000026c    0000249c     
                  0000026c    00000a4e     rtsv7M4_T_le_v4SPD16_eabi.lib : _printfi.c.obj (.text:__TI_printfi)
                  00000cba    00000002                                   : div0.asm.obj (.text)
                  00000cbc    0000032c     analog.obj (.text)
                  00000fe8    00000270     rtsv7M4_T_le_v4SPD16_eabi.lib : _printfi.c.obj (.text:_pconv_a)
                  00001258    000001d0                                   : _printfi.c.obj (.text:_pconv_g)
                  00001428    000001b6                                   : fd_add_t2.asm.obj (.text)
                  000015de    00000002     --HOLE-- [fill = 0]
                  000015e0    0000017c     uart0.obj (.text)
                  0000175c    0000013c     rtsv7M4_T_le_v4SPD16_eabi.lib : _printfi.c.obj (.text:_pconv_e)
                  00001898    00000136                                   : fd_div_t2.asm.obj (.text)
                  000019ce    00000002     --HOLE-- [fill = 0]
                  000019d0    00000124                                   : _printfi.c.obj (.text:fcvt)
                  00001af4    00000110                                   : s_scalbn.c.obj (.text:scalbn)
                  00001c04    00000104     adc0.obj (.text)
                  00001d08    000000fc     rtsv7M4_T_le_v4SPD16_eabi.lib : fd_mul_t2.asm.obj (.text)
                  00001e04    000000b1                                   : _printfi.c.obj (.text:_ltostr)
                  00001eb5    00000001     --HOLE-- [fill = 0]
                  00001eb6    0000009c                                   : memcpy_t2.asm.obj (.text)
                  00001f52    00000096                                   : ull_div_t2.asm.obj (.text)
                  00001fe8    00000086                                   : fd_cmp_t2.asm.obj (.text:__aeabi_cdcmple)
                  0000206e    00000086                                   : fd_cmp_t2.asm.obj (.text:__aeabi_cdrcmple)
                  000020f4    0000007a                                   : memset_t2.asm.obj (.text)
                  0000216e    0000006e                                   : _printfi.c.obj (.text:_mcpy)
                  000021dc    0000006e                                   : fd_tos_t2.asm.obj (.text)
                  0000224a    00000068                                   : copy_decompress_lzss.c.obj (.text:decompress:lzss:__TI_decompress_lzss)
                  000022b2    00000002     --HOLE-- [fill = 0]
                  000022b4    00000064                                   : s_frexp.c.obj (.text:frexp)
                  00002318    00000056                                   : _printfi.c.obj (.text:_pconv_f)
                  0000236e    00000054                                   : _ltoa.c.obj (.text:__TI_ltoa)
                  000023c2    00000052                                   : _printfi.c.obj (.text:_ecpy)
                  00002414    0000004c                                   : atoi.c.obj (.text:atoi)
                  00002460    00000048                                   : fd_toi_t2.asm.obj (.text)
                  000024a8    00000044                                   : autoinit.c.obj (.text:__TI_auto_init_nobinit_nopinit:__TI_auto_init_nobinit_nopinit)
                  000024ec    00000040                                   : sprintf.c.obj (.text:sprintf)
                  0000252c    0000003e                                   : _printfi.c.obj (.text:_fcpy)
                  0000256a    00000038                                   : fs_tod_t2.asm.obj (.text)
                  000025a2    00000002     --HOLE-- [fill = 0]
                  000025a4    00000034                                   : boot_cortex_m.c.obj (.text:_c_int00_noargs:_c_int00_noargs)
                  000025d8    0000002e                                   : i_tofd_t2.asm.obj (.text)
                  00002606    00000024     wait.obj (.text)
                  0000262a    00000020     rtsv7M4_T_le_v4SPD16_eabi.lib : u_tofd_t2.asm.obj (.text)
                  0000264a    0000001c                                   : memccpy.c.obj (.text:memccpy)
                  00002666    0000001a                                   : s_copysign.c.obj (.text:copysign)
                  00002680    00000018                                   : sprintf.c.obj (.text:_outs)
                  00002698    00000016                                   : strchr.c.obj (.text:strchr)
                  000026ae    00000014                                   : strlen.c.obj (.text:strlen)
                  000026c2    00000012                                   : wcslen.c.obj (.text:wcslen)
                  000026d4    0000000e                                   : copy_decompress_none.c.obj (.text:decompress:none:__TI_decompress_none)
                  000026e2    0000000c     tm4c123gh6pm_startup_ccs.obj (.text)
                  000026ee    0000000a     rtsv7M4_T_le_v4SPD16_eabi.lib : sprintf.c.obj (.text:_outc)
                  000026f8    00000008                                   : errno.c.obj (.text:__aeabi_errno_addr)
                  00002700    00000004                                   : pre_init.c.obj (.text:_system_pre_init)
                  00002704    00000004                                   : exit.c.obj (.text:abort:abort)

.const     0    00002708    00000101     
                  00002708    00000101     rtsv7M4_T_le_v4SPD16_eabi.lib : ctype.c.obj (.const:.string:_ctypes_)

.cinit     0    00002810    00000018     
                  00002810    00000008     (__TI_handler_table)
                  00002818    00000007     (.cinit..data.load) [load image, compression = lzss]
                  0000281f    00000001     --HOLE-- [fill = 0]
                  00002820    00000008     (__TI_cinit_table)

.init_array 
*          0    00000000    00000000     UNINITIALIZED

.data      0    20000800    00000004     UNINITIALIZED
                  20000800    00000004     rtsv7M4_T_le_v4SPD16_eabi.lib : errno.c.obj (.data)

.stack     0    20000000    00000800     UNINITIALIZED
                  20000000    00000004     rtsv7M4_T_le_v4SPD16_eabi.lib : boot_cortex_m.c.obj (.stack)
                  20000004    000007fc     --HOLE--

__llvm_prf_cnts 
*          0    20000000    00000000     UNINITIALIZED

MODULE SUMMARY

       Module                         code   ro data   rw data
       ------                         ----   -------   -------
    .\
       analog.obj                     812    0         0      
       tm4c123gh6pm_startup_ccs.obj   12     620       0      
       uart0.obj                      380    0         0      
       adc0.obj                       260    0         0      
       wait.obj                       36     0         0      
    +--+------------------------------+------+---------+---------+
       Total:                         1500   620       0      
                                                              
    C:\ti\ccs1280\ccs\tools\compiler\ti-cgt-arm_20.2.7.LTS\lib\rtsv7M4_T_le_v4SPD16_eabi.lib
       _printfi.c.obj                 4851   0         0      
       fd_add_t2.asm.obj              438    0         0      
       fd_div_t2.asm.obj              310    0         0      
       s_scalbn.c.obj                 272    0         0      
       fd_cmp_t2.asm.obj              268    0         0      
       ctype.c.obj                    0      257       0      
       fd_mul_t2.asm.obj              252    0         0      
       memcpy_t2.asm.obj              156    0         0      
       ull_div_t2.asm.obj             150    0         0      
       memset_t2.asm.obj              122    0         0      
       fd_tos_t2.asm.obj              110    0         0      
       copy_decompress_lzss.c.obj     104    0         0      
       s_frexp.c.obj                  100    0         0      
       sprintf.c.obj                  98     0         0      
       _ltoa.c.obj                    84     0         0      
       atoi.c.obj                     76     0         0      
       fd_toi_t2.asm.obj              72     0         0      
       autoinit.c.obj                 68     0         0      
       fs_tod_t2.asm.obj              56     0         0      
       boot_cortex_m.c.obj            52     0         0      
       i_tofd_t2.asm.obj              46     0         0      
       u_tofd_t2.asm.obj              32     0         0      
       memccpy.c.obj                  28     0         0      
       s_copysign.c.obj               26     0         0      
       strchr.c.obj                   22     0         0      
       strlen.c.obj                   20     0         0      
       wcslen.c.obj                   18     0         0      
       copy_decompress_none.c.obj     14     0         0      
       errno.c.obj                    8      0         4      
       exit.c.obj                     4      0         0      
       pre_init.c.obj                 4      0         0      
       div0.asm.obj                   2      0         0      
    +--+------------------------------+------+---------+---------+
       Total:                         7863   257       4      
                                                              
       Stack:                         0      0         2048   
       Linker Generated:              0      23        0      
    +--+------------------------------+------+---------+---------+
       Grand Total:                   9363   900       2052   


LINKER GENERATED COPY TABLES

__TI_cinit_table @ 00002820 records: 1, size/record: 8, table size: 8
	.data: load addr=00002818, load size=00000007 bytes, run addr=20000800, run size=00000004 bytes, compression=lzss


LINKER GENERATED HANDLER TABLE

__TI_handler_table @ 00002810 records: 2, size/record: 4, table size: 8
	index: 0, handler: __TI_decompress_lzss
	index: 1, handler: __TI_decompress_none


GLOBAL SYMBOLS: SORTED ALPHABETICALLY BY Name 

address   name                          
-------   ----                          
00002705  C$$EXIT                       
000026e3  ResetISR                      
20000800  __STACK_END                   
00000800  __STACK_SIZE                  
20000200  __STACK_TOP                   
00002820  __TI_CINIT_Base               
00002828  __TI_CINIT_Limit              
00002810  __TI_Handler_Table_Base       
00002818  __TI_Handler_Table_Limit      
000024a9  __TI_auto_init_nobinit_nopinit
0000224b  __TI_decompress_lzss          
000026d5  __TI_decompress_none          
0000236f  __TI_ltoa                     
ffffffff  __TI_pprof_out_hndl           
0000026d  __TI_printfi                  
ffffffff  __TI_prof_data_size           
ffffffff  __TI_prof_data_start          
00000000  __TI_static_base__            
00001fe9  __aeabi_cdcmpeq               
00001fe9  __aeabi_cdcmple               
0000206f  __aeabi_cdrcmple              
000021dd  __aeabi_d2f                   
00002461  __aeabi_d2iz                  
00001433  __aeabi_dadd                  
00001899  __aeabi_ddiv                  
00001d09  __aeabi_dmul                  
00001429  __aeabi_dsub                  
000026f9  __aeabi_errno_addr            
0000256b  __aeabi_f2d                   
000025d9  __aeabi_i2d                   
00000cbb  __aeabi_idiv0                 
00000cbb  __aeabi_ldiv0                 
000020f5  __aeabi_memclr                
000020f5  __aeabi_memclr4               
000020f5  __aeabi_memclr8               
00001eb7  __aeabi_memcpy                
00001eb7  __aeabi_memcpy4               
00001eb7  __aeabi_memcpy8               
000020f7  __aeabi_memset                
000020f7  __aeabi_memset4               
000020f7  __aeabi_memset8               
0000262b  __aeabi_ui2d                  
00001f53  __aeabi_uldivmod              
ffffffff  __binit__                     
ffffffff  __c_args__                    
UNDEFED   __mpu_init                    
20000000  __stack                       
20000000  __start___llvm_prf_cnts       
20000000  __stop___llvm_prf_cnts        
000025a5  _c_int00_noargs               
00002708  _ctypes_                      
UNDEFED   _system_post_cinit            
00002701  _system_pre_init              
00002705  abort                         
00002415  atoi                          
ffffffff  binit                         
00002667  copysign                      
00002667  copysignl                     
20000800  errno                         
000022b5  frexp                         
000022b5  frexpl                        
00000000  g_pfnVectors                  
000016e9  getcUart0                     
00001c05  initAdc0Ss3                   
00000cbd  initHw                        
000015e1  initUart0                     
000016fd  kbhitUart0                    
00001af5  ldexp                         
00001af5  ldexpl                        
00000cf9  main                          
0000264b  memccpy                       
00001eb7  memcpy                        
000020fd  memset                        
000016a1  putcUart0                     
000016bd  putsUart0                     
00001cb7  readAdc0Ss3                   
00001af5  scalbn                        
00001af5  scalbnl                       
00001c4b  setAdc0Ss3Log2AverageCount    
00001c8f  setAdc0Ss3Mux                 
00001675  setUart0BaudRate              
000024ed  sprintf                       
00002699  strchr                        
000026af  strlen                        
00002607  waitMicrosecond               
000026c3  wcslen                        


GLOBAL SYMBOLS: SORTED BY Symbol Address 

address   name                          
-------   ----                          
00000000  __TI_static_base__            
00000000  g_pfnVectors                  
0000026d  __TI_printfi                  
00000800  __STACK_SIZE                  
00000cbb  __aeabi_idiv0                 
00000cbb  __aeabi_ldiv0                 
00000cbd  initHw                        
00000cf9  main                          
00001429  __aeabi_dsub                  
00001433  __aeabi_dadd                  
000015e1  initUart0                     
00001675  setUart0BaudRate              
000016a1  putcUart0                     
000016bd  putsUart0                     
000016e9  getcUart0                     
000016fd  kbhitUart0                    
00001899  __aeabi_ddiv                  
00001af5  ldexp                         
00001af5  ldexpl                        
00001af5  scalbn                        
00001af5  scalbnl                       
00001c05  initAdc0Ss3                   
00001c4b  setAdc0Ss3Log2AverageCount    
00001c8f  setAdc0Ss3Mux                 
00001cb7  readAdc0Ss3                   
00001d09  __aeabi_dmul                  
00001eb7  __aeabi_memcpy                
00001eb7  __aeabi_memcpy4               
00001eb7  __aeabi_memcpy8               
00001eb7  memcpy                        
00001f53  __aeabi_uldivmod              
00001fe9  __aeabi_cdcmpeq               
00001fe9  __aeabi_cdcmple               
0000206f  __aeabi_cdrcmple              
000020f5  __aeabi_memclr                
000020f5  __aeabi_memclr4               
000020f5  __aeabi_memclr8               
000020f7  __aeabi_memset                
000020f7  __aeabi_memset4               
000020f7  __aeabi_memset8               
000020fd  memset                        
000021dd  __aeabi_d2f                   
0000224b  __TI_decompress_lzss          
000022b5  frexp                         
000022b5  frexpl                        
0000236f  __TI_ltoa                     
00002415  atoi                          
00002461  __aeabi_d2iz                  
000024a9  __TI_auto_init_nobinit_nopinit
000024ed  sprintf                       
0000256b  __aeabi_f2d                   
000025a5  _c_int00_noargs               
000025d9  __aeabi_i2d                   
00002607  waitMicrosecond               
0000262b  __aeabi_ui2d                  
0000264b  memccpy                       
00002667  copysign                      
00002667  copysignl                     
00002699  strchr                        
000026af  strlen                        
000026c3  wcslen                        
000026d5  __TI_decompress_none          
000026e3  ResetISR                      
000026f9  __aeabi_errno_addr            
00002701  _system_pre_init              
00002705  C$$EXIT                       
00002705  abort                         
00002708  _ctypes_                      
00002810  __TI_Handler_Table_Base       
00002818  __TI_Handler_Table_Limit      
00002820  __TI_CINIT_Base               
00002828  __TI_CINIT_Limit              
20000000  __stack                       
20000000  __start___llvm_prf_cnts       
20000000  __stop___llvm_prf_cnts        
20000200  __STACK_TOP                   
20000800  __STACK_END                   
20000800  errno                         
ffffffff  __TI_pprof_out_hndl           
ffffffff  __TI_prof_data_size           
ffffffff  __TI_prof_data_start          
ffffffff  __binit__                     
ffffffff  __c_args__                    
ffffffff  binit                         
UNDEFED   __mpu_init                    
UNDEFED   _system_post_cinit            

[86 symbols]
