******************************************************************************
             TMS320C2000 Linker PC v20.2.2                     
******************************************************************************
>> Linked Mon Apr 19 03:30:16 2021

OUTPUT FILE NAME:   <Example_F2802xEPwmDeadBand.out>
ENTRY POINT SYMBOL: "code_start"  address: 00000000


MEMORY CONFIGURATION

         name            origin    length      used     unused   attr    fill
----------------------  --------  ---------  --------  --------  ----  --------
PAGE 0:
  BEGIN                 00000000   00000002  00000002  00000000  RWIX
  RAMM0                 00000050   000003b0  000003b0  00000000  RWIX
  RAML0                 00008000   00000800  00000431  000003cf  RWIX
  IQTABLES              003fe000   00000b50  00000000  00000b50  RWIX
  IQTABLES2             003feb50   0000008c  00000000  0000008c  RWIX
  IQTABLES3             003febdc   000000aa  00000000  000000aa  RWIX
  BOOTROM               003ff27c   00000d44  00000000  00000d44  RWIX
  RESET                 003fffc0   00000002  00000000  00000002  RWIX

PAGE 1:
  BOOT_RSVD             00000002   0000004e  00000000  0000004e  RWIX
  RAMM1                 00000400   00000400  00000323  000000dd  RWIX
  DEV_EMU               00000880   00000105  00000000  00000105  RWIX
  SYS_PWR_CTL           00000985   00000003  00000000  00000003  RWIX
  FLASH_REGS            00000a80   00000060  00000000  00000060  RWIX
  CSM                   00000ae0   00000010  00000000  00000010  RWIX
  ADC_RESULT            00000b00   00000020  00000000  00000020  RWIX
  CPU_TIMER0            00000c00   00000008  00000000  00000008  RWIX
  CPU_TIMER1            00000c08   00000008  00000000  00000008  RWIX
  CPU_TIMER2            00000c10   00000008  00000000  00000008  RWIX
  PIE_CTRL              00000ce0   00000020  00000000  00000020  RWIX
  PIE_VECT              00000d00   00000100  00000000  00000100  RWIX
  COMP1                 00006400   00000020  00000000  00000020  RWIX
  COMP2                 00006420   00000020  00000000  00000020  RWIX
  EPWM1                 00006800   00000040  00000000  00000040  RWIX
  EPWM2                 00006840   00000040  00000000  00000040  RWIX
  EPWM3                 00006880   00000040  00000000  00000040  RWIX
  EPWM4                 000068c0   00000040  00000000  00000040  RWIX
  ECAP1                 00006a00   00000020  00000000  00000020  RWIX
  GPIOCTRL              00006f80   00000040  00000000  00000040  RWIX
  GPIODAT               00006fc0   00000020  00000000  00000020  RWIX
  GPIOINT               00006fe0   00000020  00000000  00000020  RWIX
  SYSTEM                00007010   00000020  00000000  00000020  RWIX
  SPIA                  00007040   00000010  00000000  00000010  RWIX
  SCIA                  00007050   00000010  00000000  00000010  RWIX
  NMIINTRUPT            00007060   00000010  00000000  00000010  RWIX
  XINTRUPT              00007070   00000010  00000000  00000010  RWIX
  ADC                   00007100   00000080  00000000  00000080  RWIX
  I2CA                  00007900   00000040  00000000  00000040  RWIX
  PARTID                003d7fff   00000001  00000000  00000001  RWIX
  CSM_PWL               003f7ff8   00000008  00000000  00000008  RWIX


SECTION ALLOCATION MAP

 output                                  attributes/
section   page    origin      length       input sections
--------  ----  ----------  ----------   ----------------
codestart 
*          0    00000000    00000002     
                  00000000    00000002     driverlib.lib : f2802xx_codestartbranch.obj (codestart)

.cinit     0    00008417    0000001a     
                  00008417    0000000e     rts2800_ml.lib : exit.c.obj (.cinit)
                  00008425    00000005                    : _lock.c.obj (.cinit:__lock)
                  0000842a    00000005                    : _lock.c.obj (.cinit:__unlock)
                  0000842f    00000002     --HOLE-- [fill = 0]

.pinit     0    00000050    00000000     UNINITIALIZED

.reset     0    003fffc0    00000002     DSECT
                  003fffc0    00000002     rts2800_ml.lib : boot28.asm.obj (.reset)

.stack     1    00000400    00000200     UNINITIALIZED
                  00000400    00000200     --HOLE--

.econst    1    00000600    00000100     
                  00000600    00000100     driverlib.lib : pie.obj (.econst:_PIE_tableDebugInit)

.ebss      1    00000700    00000023     UNINITIALIZED
                  00000700    00000018     Example_2802xEPwmDeadBand.obj (.ebss)
                  00000718    00000006     rts2800_ml.lib : exit.c.obj (.ebss)
                  0000071e    00000002                    : _lock.c.obj (.ebss:__lock)
                  00000720    00000002                    : _lock.c.obj (.ebss:__unlock)
                  00000722    00000001     driverlib.lib : cpu.obj (.ebss)

.text.1    0    00000050    000003b0     
                  00000050    000002e1     Example_2802xEPwmDeadBand.obj (.text)
                  00000331    00000054     rts2800_ml.lib : boot28.asm.obj (.text)
                  00000385    00000048     driverlib.lib : gpio.obj (.text:_GPIO_setMode)
                  000003cd    00000029                   : gpio.obj (.text:_GPIO_setPullUp)
                  000003f6    0000000a                   : pie.obj (.text:_PIE_init)

.text.2    0    00008000    00000417     
                  00008000    00000114     Example_2802xEPwmDeadBand.obj (.text:retain)
                  00008114    00000029     rts2800_ml.lib : exit.c.obj (.text)
                  0000813d    00000024                    : cpy_tbl.c.obj (.text)
                  00008161    0000001d                    : memcpy.c.obj (.text)
                  0000817e    00000015     driverlib.lib : pll.obj (.text:_PLL_setup)
                  00008193    00000011                   : pie.obj (.text:_PIE_disableAllInts)
                  000081a4    00000011                   : pie.obj (.text:_PIE_setDebugIntVectorTable)
                  000081b5    00000011     rts2800_ml.lib : args_main.c.obj (.text)
                  000081c6    0000000f     driverlib.lib : pie.obj (.text:_PIE_registerPieIntHandler)
                  000081d5    0000000e                   : pie.obj (.text:_PIE_enablePwmInt)
                  000081e3    00000009                   : clk.obj (.text:_CLK_enablePwmClock)
                  000081ec    00000009                   : pwm.obj (.text:_PWM_setActionQual_CntDown_CmpA_PwmA)
                  000081f5    00000009                   : pwm.obj (.text:_PWM_setActionQual_CntDown_CmpA_PwmB)
                  000081fe    00000009                   : pwm.obj (.text:_PWM_setActionQual_CntUp_CmpA_PwmA)
                  00008207    00000009                   : pwm.obj (.text:_PWM_setActionQual_CntUp_CmpA_PwmB)
                  00008210    00000009     rts2800_ml.lib : _lock.c.obj (.text)
                  00008219    00000008     driverlib.lib : clk.obj (.text:_CLK_init)
                  00008221    00000008                   : flash.obj (.text:_FLASH_init)
                  00008229    00000008                   : gpio.obj (.text:_GPIO_init)
                  00008231    00000008                   : pll.obj (.text:_PLL_init)
                  00008239    00000008                   : pwm.obj (.text:_PWM_init)
                  00008241    00000008                   : wdog.obj (.text:_WDOG_disable)
                  00008249    00000008                   : wdog.obj (.text:_WDOG_init)
                  00008251    00000008                   : f2802xx_codestartbranch.obj (.text)
                  00008259    00000007                   : clk.obj (.text:_CLK_disableAdcClock)
                  00008260    00000007                   : clk.obj (.text:_CLK_disableTbClockSync)
                  00008267    00000007                   : clk.obj (.text:_CLK_enableAdcClock)
                  0000826e    00000007                   : clk.obj (.text:_CLK_enableTbClockSync)
                  00008275    00000007                   : clk.obj (.text:_CLK_setOscSrc)
                  0000827c    00000007                   : pll.obj (.text:_PLL_setDivider)
                  00008283    00000007                   : pwm.obj (.text:_PWM_setDeadBandInputMode)
                  0000828a    00000007                   : pwm.obj (.text:_PWM_setDeadBandOutputMode)
                  00008291    00000007                   : pwm.obj (.text:_PWM_setDeadBandPolarity)
                  00008298    00000007                   : pwm.obj (.text:_PWM_setIntMode)
                  0000829f    00000007                   : pwm.obj (.text:_PWM_setIntPeriod)
                  000082a6    00000006                   : pll.obj (.text:_PLL_setMultiplier)
                  000082ac    00000006                   : pwm.obj (.text:_PWM_setLoadMode_CmpB)
                  000082b2    00000006                   : pwm.obj (.text:_PWM_setShadowMode_CmpA)
                  000082b8    00000006                   : pwm.obj (.text:_PWM_setShadowMode_CmpB)
                  000082be    00000005                   : f2802xx_defaultisr.obj (.text:_ADCINT1_ISR)
                  000082c3    00000005                   : f2802xx_defaultisr.obj (.text:_ADCINT2_ISR)
                  000082c8    00000005                   : f2802xx_defaultisr.obj (.text:_ADCINT3_ISR)
                  000082cd    00000005                   : f2802xx_defaultisr.obj (.text:_ADCINT4_ISR)
                  000082d2    00000005                   : f2802xx_defaultisr.obj (.text:_ADCINT5_ISR)
                  000082d7    00000005                   : f2802xx_defaultisr.obj (.text:_ADCINT6_ISR)
                  000082dc    00000005                   : f2802xx_defaultisr.obj (.text:_ADCINT7_ISR)
                  000082e1    00000005                   : f2802xx_defaultisr.obj (.text:_ADCINT8_ISR)
                  000082e6    00000005                   : f2802xx_defaultisr.obj (.text:_ADCINT9_ISR)
                  000082eb    00000005                   : f2802xx_defaultisr.obj (.text:_DATALOG_ISR)
                  000082f0    00000005                   : f2802xx_defaultisr.obj (.text:_ECAP1_INT_ISR)
                  000082f5    00000005                   : f2802xx_defaultisr.obj (.text:_EMPTY_ISR)
                  000082fa    00000005                   : f2802xx_defaultisr.obj (.text:_EMUINT_ISR)
                  000082ff    00000005                   : f2802xx_defaultisr.obj (.text:_EPWM1_INT_ISR)
                  00008304    00000005                   : f2802xx_defaultisr.obj (.text:_EPWM1_TZINT_ISR)
                  00008309    00000005                   : f2802xx_defaultisr.obj (.text:_EPWM2_INT_ISR)
                  0000830e    00000005                   : f2802xx_defaultisr.obj (.text:_EPWM2_TZINT_ISR)
                  00008313    00000005                   : f2802xx_defaultisr.obj (.text:_EPWM3_INT_ISR)
                  00008318    00000005                   : f2802xx_defaultisr.obj (.text:_EPWM3_TZINT_ISR)
                  0000831d    00000005                   : f2802xx_defaultisr.obj (.text:_EPWM4_INT_ISR)
                  00008322    00000005                   : f2802xx_defaultisr.obj (.text:_EPWM4_TZINT_ISR)
                  00008327    00000005                   : f2802xx_defaultisr.obj (.text:_I2CINT1A_ISR)
                  0000832c    00000005                   : f2802xx_defaultisr.obj (.text:_I2CINT2A_ISR)
                  00008331    00000005                   : f2802xx_defaultisr.obj (.text:_ILLEGAL_ISR)
                  00008336    00000005                   : f2802xx_defaultisr.obj (.text:_INT13_ISR)
                  0000833b    00000005                   : f2802xx_defaultisr.obj (.text:_INT14_ISR)
                  00008340    00000005                   : f2802xx_defaultisr.obj (.text:_NMI_ISR)
                  00008345    00000005                   : f2802xx_defaultisr.obj (.text:_PIE_RESERVED)
                  0000834a    00000005                   : pie.obj (.text:_PIE_illegalIsr)
                  0000834f    00000005                   : f2802xx_defaultisr.obj (.text:_RTOSINT_ISR)
                  00008354    00000005                   : f2802xx_defaultisr.obj (.text:_SCIRXINTA_ISR)
                  00008359    00000005                   : f2802xx_defaultisr.obj (.text:_SCITXINTA_ISR)
                  0000835e    00000005                   : f2802xx_defaultisr.obj (.text:_SPIRXINTA_ISR)
                  00008363    00000005                   : f2802xx_defaultisr.obj (.text:_SPITXINTA_ISR)
                  00008368    00000005                   : f2802xx_defaultisr.obj (.text:_TINT0_ISR)
                  0000836d    00000005                   : f2802xx_defaultisr.obj (.text:_USER10_ISR)
                  00008372    00000005                   : f2802xx_defaultisr.obj (.text:_USER11_ISR)
                  00008377    00000005                   : f2802xx_defaultisr.obj (.text:_USER12_ISR)
                  0000837c    00000005                   : f2802xx_defaultisr.obj (.text:_USER1_ISR)
                  00008381    00000005                   : f2802xx_defaultisr.obj (.text:_USER2_ISR)
                  00008386    00000005                   : f2802xx_defaultisr.obj (.text:_USER3_ISR)
                  0000838b    00000005                   : f2802xx_defaultisr.obj (.text:_USER4_ISR)
                  00008390    00000005                   : f2802xx_defaultisr.obj (.text:_USER5_ISR)
                  00008395    00000005                   : f2802xx_defaultisr.obj (.text:_USER6_ISR)
                  0000839a    00000005                   : f2802xx_defaultisr.obj (.text:_USER7_ISR)
                  0000839f    00000005                   : f2802xx_defaultisr.obj (.text:_USER8_ISR)
                  000083a4    00000005                   : f2802xx_defaultisr.obj (.text:_USER9_ISR)
                  000083a9    00000005                   : f2802xx_defaultisr.obj (.text:_WAKEINT_ISR)
                  000083ae    00000005                   : f2802xx_defaultisr.obj (.text:_XINT1_ISR)
                  000083b3    00000005                   : f2802xx_defaultisr.obj (.text:_XINT2_ISR)
                  000083b8    00000005                   : f2802xx_defaultisr.obj (.text:_XINT3_ISR)
                  000083bd    00000005                   : f2802xx_defaultisr.obj (.text:_rsvd_ISR)
                  000083c2    00000004                   : cpu.obj (.text:_CPU_enableInt)
                  000083c6    00000004                   : cpu.obj (.text:_CPU_init)
                  000083ca    00000004                   : pwm.obj (.text:_PWM_enableInt)
                  000083ce    00000004                   : pwm.obj (.text:_PWM_setClkDiv)
                  000083d2    00000004                   : pwm.obj (.text:_PWM_setCounterMode)
                  000083d6    00000004                   : pwm.obj (.text:_PWM_setHighSpeedClkDiv)
                  000083da    00000004                   : pwm.obj (.text:_PWM_setLoadMode_CmpA)
                  000083de    00000003                   : cpu.obj (.text:_CPU_clearIntFlags)
                  000083e1    00000003                   : cpu.obj (.text:_CPU_disableGlobalInts)
                  000083e4    00000003                   : cpu.obj (.text:_CPU_enableDebugInt)
                  000083e7    00000003                   : cpu.obj (.text:_CPU_enableGlobalInts)
                  000083ea    00000003                   : pie.obj (.text:_PIE_disable)
                  000083ed    00000003                   : pie.obj (.text:_PIE_enable)
                  000083f0    00000003                   : pll.obj (.text:_PLL_getClkStatus)
                  000083f3    00000003                   : pll.obj (.text:_PLL_getLockStatus)
                  000083f6    00000003                   : pwm.obj (.text:_PWM_decrementDeadBandFallingEdgeDelay)
                  000083f9    00000003                   : pwm.obj (.text:_PWM_decrementDeadBandRisingEdgeDelay)
                  000083fc    00000003                   : pwm.obj (.text:_PWM_disableCounterLoad)
                  000083ff    00000003                   : pwm.obj (.text:_PWM_getDeadBandFallingEdgeDelay)
                  00008402    00000003                   : pwm.obj (.text:_PWM_incrementDeadBandFallingEdgeDelay)
                  00008405    00000003                   : pwm.obj (.text:_PWM_incrementDeadBandRisingEdgeDelay)
                  00008408    00000003                   : pwm.obj (.text:_PWM_setDeadBandFallingEdgeDelay)
                  0000840b    00000003                   : pwm.obj (.text:_PWM_setDeadBandRisingEdgeDelay)
                  0000840e    00000002                   : pwm.obj (.text:_PWM_setCount)
                  00008410    00000002                   : pwm.obj (.text:_PWM_setPeriod)
                  00008412    00000002                   : pwm.obj (.text:_PWM_setPhase)
                  00008414    00000002     rts2800_ml.lib : pre_init.c.obj (.text)
                  00008416    00000001                    : startup.c.obj (.text)

MODULE SUMMARY

       Module                          code   initialized data   uninitialized data
       ------                          ----   ----------------   ------------------
    .\
       Example_2802xEPwmDeadBand.obj   1013   0                  24                
    +--+-------------------------------+------+------------------+--------------------+
       Total:                          1013   0                  24                
                                                                                   
    C:/ti/C2000Ware_3_04_00_00_Software/device_support/f2802x/common/ccs/Debug/driverlib.lib
       pie.obj                         84     256                0                 
       f2802xx_defaultisr.obj          255    0                  0                 
       pwm.obj                         147    0                  0                 
       gpio.obj                        121    0                  0                 
       clk.obj                         52     0                  0                 
       pll.obj                         48     0                  0                 
       cpu.obj                         20     0                  1                 
       wdog.obj                        16     0                  0                 
       f2802xx_codestartbranch.obj     10     0                  0                 
       flash.obj                       8      0                  0                 
    +--+-------------------------------+------+------------------+--------------------+
       Total:                          761    256                1                 
                                                                                   
    C:/ti/ccs1020/ccs/tools/compiler/ti-cgt-c2000_20.2.2.LTS/lib/rts2800_ml.lib
       boot28.asm.obj                  84     0                  0                 
       exit.c.obj                      41     14                 6                 
       cpy_tbl.c.obj                   36     0                  0                 
       memcpy.c.obj                    29     0                  0                 
       _lock.c.obj                     9      10                 4                 
       args_main.c.obj                 17     0                  0                 
       pre_init.c.obj                  2      0                  0                 
       startup.c.obj                   1      0                  0                 
    +--+-------------------------------+------+------------------+--------------------+
       Total:                          219    24                 10                
                                                                                   
       Stack:                          0      0                  512               
    +--+-------------------------------+------+------------------+--------------------+
       Grand Total:                    1993   280                547               


GLOBAL DATA SYMBOLS: SORTED BY DATA PAGE

address     data page           name
--------    ----------------    ----
00000400      10 (00000400)     __stack

00000600      18 (00000600)     _PIE_tableDebugInit

00000700      1c (00000700)     _EPwm1_DB_Direction
00000701      1c (00000700)     _EPwm2_DB_Direction
00000702      1c (00000700)     _EPwm3_DB_Direction
00000704      1c (00000700)     _EPwm1TimerIntCount
00000706      1c (00000700)     _EPwm2TimerIntCount
00000708      1c (00000700)     _EPwm3TimerIntCount
0000070a      1c (00000700)     _myClk
0000070c      1c (00000700)     _myFlash
0000070e      1c (00000700)     _myGpio
00000710      1c (00000700)     _myPie
00000712      1c (00000700)     _myPwm1
00000714      1c (00000700)     _myPwm2
00000716      1c (00000700)     _myPwm3
00000718      1c (00000700)     ___TI_enable_exit_profile_output
0000071a      1c (00000700)     ___TI_cleanup_ptr
0000071c      1c (00000700)     ___TI_dtors_ptr
0000071e      1c (00000700)     __lock
00000720      1c (00000700)     __unlock
00000722      1c (00000700)     _cpu


GLOBAL SYMBOLS: SORTED ALPHABETICALLY BY Name 

page  address   name                                  
----  -------   ----                                  
abs   ffffffff  .text                                 
0     00008114  C$$EXIT                               
0     000082be  _ADCINT1_ISR                          
0     000082c3  _ADCINT2_ISR                          
0     000082c8  _ADCINT3_ISR                          
0     000082cd  _ADCINT4_ISR                          
0     000082d2  _ADCINT5_ISR                          
0     000082d7  _ADCINT6_ISR                          
0     000082dc  _ADCINT7_ISR                          
0     000082e1  _ADCINT8_ISR                          
0     000082e6  _ADCINT9_ISR                          
0     00008259  _CLK_disableAdcClock                  
0     00008260  _CLK_disableTbClockSync               
0     00008267  _CLK_enableAdcClock                   
0     000081e3  _CLK_enablePwmClock                   
0     0000826e  _CLK_enableTbClockSync                
0     00008219  _CLK_init                             
0     00008275  _CLK_setOscSrc                        
0     000083de  _CPU_clearIntFlags                    
0     000083e1  _CPU_disableGlobalInts                
0     000083e4  _CPU_enableDebugInt                   
0     000083e7  _CPU_enableGlobalInts                 
0     000083c2  _CPU_enableInt                        
0     000083c6  _CPU_init                             
0     000082eb  _DATALOG_ISR                          
0     000082f0  _ECAP1_INT_ISR                        
0     000082f5  _EMPTY_ISR                            
0     000082fa  _EMUINT_ISR                           
0     000082ff  _EPWM1_INT_ISR                        
0     00008304  _EPWM1_TZINT_ISR                      
0     00008309  _EPWM2_INT_ISR                        
0     0000830e  _EPWM2_TZINT_ISR                      
0     00008313  _EPWM3_INT_ISR                        
0     00008318  _EPWM3_TZINT_ISR                      
0     0000831d  _EPWM4_INT_ISR                        
0     00008322  _EPWM4_TZINT_ISR                      
1     00000704  _EPwm1TimerIntCount                   
1     00000700  _EPwm1_DB_Direction                   
1     00000706  _EPwm2TimerIntCount                   
1     00000701  _EPwm2_DB_Direction                   
1     00000708  _EPwm3TimerIntCount                   
1     00000702  _EPwm3_DB_Direction                   
0     00008221  _FLASH_init                           
0     00008229  _GPIO_init                            
0     00000385  _GPIO_setMode                         
0     000003cd  _GPIO_setPullUp                       
0     00008327  _I2CINT1A_ISR                         
0     0000832c  _I2CINT2A_ISR                         
0     00008331  _ILLEGAL_ISR                          
0     00008336  _INT13_ISR                            
0     0000833b  _INT14_ISR                            
0     00000196  _InitEPwm1Example                     
0     0000022f  _InitEPwm2Example                     
0     000002b0  _InitEPwm3Example                     
0     00008340  _NMI_ISR                              
0     00008345  _PIE_RESERVED                         
0     000083ea  _PIE_disable                          
0     00008193  _PIE_disableAllInts                   
0     000083ed  _PIE_enable                           
0     000081d5  _PIE_enablePwmInt                     
0     0000834a  _PIE_illegalIsr                       
0     000003f6  _PIE_init                             
0     000081c6  _PIE_registerPieIntHandler            
0     000081a4  _PIE_setDebugIntVectorTable           
1     00000600  _PIE_tableDebugInit                   
0     000083f0  _PLL_getClkStatus                     
0     000083f3  _PLL_getLockStatus                    
0     00008231  _PLL_init                             
0     0000827c  _PLL_setDivider                       
0     000082a6  _PLL_setMultiplier                    
0     0000817e  _PLL_setup                            
0     000083f6  _PWM_decrementDeadBandFallingEdgeDelay
0     000083f9  _PWM_decrementDeadBandRisingEdgeDelay 
0     000083fc  _PWM_disableCounterLoad               
0     000083ca  _PWM_enableInt                        
0     000083ff  _PWM_getDeadBandFallingEdgeDelay      
0     00008402  _PWM_incrementDeadBandFallingEdgeDelay
0     00008405  _PWM_incrementDeadBandRisingEdgeDelay 
0     00008239  _PWM_init                             
0     000081ec  _PWM_setActionQual_CntDown_CmpA_PwmA  
0     000081f5  _PWM_setActionQual_CntDown_CmpA_PwmB  
0     000081fe  _PWM_setActionQual_CntUp_CmpA_PwmA    
0     00008207  _PWM_setActionQual_CntUp_CmpA_PwmB    
0     000083ce  _PWM_setClkDiv                        
0     0000840e  _PWM_setCount                         
0     000083d2  _PWM_setCounterMode                   
0     00008408  _PWM_setDeadBandFallingEdgeDelay      
0     00008283  _PWM_setDeadBandInputMode             
0     0000828a  _PWM_setDeadBandOutputMode            
0     00008291  _PWM_setDeadBandPolarity              
0     0000840b  _PWM_setDeadBandRisingEdgeDelay       
0     000083d6  _PWM_setHighSpeedClkDiv               
0     00008298  _PWM_setIntMode                       
0     0000829f  _PWM_setIntPeriod                     
0     000083da  _PWM_setLoadMode_CmpA                 
0     000082ac  _PWM_setLoadMode_CmpB                 
0     00008410  _PWM_setPeriod                        
0     00008412  _PWM_setPhase                         
0     000082b2  _PWM_setShadowMode_CmpA               
0     000082b8  _PWM_setShadowMode_CmpB               
0     0000834f  _RTOSINT_ISR                          
0     00008354  _SCIRXINTA_ISR                        
0     00008359  _SCITXINTA_ISR                        
0     0000835e  _SPIRXINTA_ISR                        
0     00008363  _SPITXINTA_ISR                        
0     00008368  _TINT0_ISR                            
0     0000836d  _USER10_ISR                           
0     00008372  _USER11_ISR                           
0     00008377  _USER12_ISR                           
0     0000837c  _USER1_ISR                            
0     00008381  _USER2_ISR                            
0     00008386  _USER3_ISR                            
0     0000838b  _USER4_ISR                            
0     00008390  _USER5_ISR                            
0     00008395  _USER6_ISR                            
0     0000839a  _USER7_ISR                            
0     0000839f  _USER8_ISR                            
0     000083a4  _USER9_ISR                            
0     000083a9  _WAKEINT_ISR                          
0     00008241  _WDOG_disable                         
0     00008249  _WDOG_init                            
0     000083ae  _XINT1_ISR                            
0     000083b3  _XINT2_ISR                            
0     000083b8  _XINT3_ISR                            
1     00000600  __STACK_END                           
abs   00000200  __STACK_SIZE                          
1     0000071a  ___TI_cleanup_ptr                     
1     0000071c  ___TI_dtors_ptr                       
1     00000718  ___TI_enable_exit_profile_output      
abs   ffffffff  ___TI_pprof_out_hndl                  
abs   ffffffff  ___TI_prof_data_size                  
abs   ffffffff  ___TI_prof_data_start                 
abs   ffffffff  ___binit__                            
abs   ffffffff  ___c_args__                           
0     00008417  ___cinit__                            
abs   ffffffff  ___etext__                            
abs   ffffffff  ___pinit__                            
abs   ffffffff  ___text__                             
0     000081b5  __args_main                           
1     0000071e  __lock                                
0     00008218  __nop                                 
0     00008214  __register_lock                       
0     00008210  __register_unlock                     
1     00000400  __stack                               
0     00008416  __system_post_cinit                   
0     00008414  __system_pre_init                     
1     00000720  __unlock                              
0     00008114  _abort                                
0     00000331  _c_int00                              
0     0000813d  _copy_in                              
1     00000722  _cpu                                  
0     00008000  _epwm1_isr                            
0     0000805c  _epwm2_isr                            
0     000080b8  _epwm3_isr                            
0     00008116  _exit                                 
0     00000072  _main                                 
0     00008161  _memcpy                               
1     0000070a  _myClk                                
1     0000070c  _myFlash                              
1     0000070e  _myGpio                               
1     00000710  _myPie                                
1     00000712  _myPwm1                               
1     00000714  _myPwm2                               
1     00000716  _myPwm3                               
0     000083bd  _rsvd_ISR                             
abs   ffffffff  binit                                 
0     00008417  cinit                                 
0     00000000  code_start                            
abs   ffffffff  etext                                 
abs   ffffffff  pinit                                 


GLOBAL SYMBOLS: SORTED BY Symbol Address 

page  address   name                                  
----  -------   ----                                  
0     00000000  code_start                            
0     00000072  _main                                 
0     00000196  _InitEPwm1Example                     
0     0000022f  _InitEPwm2Example                     
0     000002b0  _InitEPwm3Example                     
0     00000331  _c_int00                              
0     00000385  _GPIO_setMode                         
0     000003cd  _GPIO_setPullUp                       
0     000003f6  _PIE_init                             
0     00008000  _epwm1_isr                            
0     0000805c  _epwm2_isr                            
0     000080b8  _epwm3_isr                            
0     00008114  C$$EXIT                               
0     00008114  _abort                                
0     00008116  _exit                                 
0     0000813d  _copy_in                              
0     00008161  _memcpy                               
0     0000817e  _PLL_setup                            
0     00008193  _PIE_disableAllInts                   
0     000081a4  _PIE_setDebugIntVectorTable           
0     000081b5  __args_main                           
0     000081c6  _PIE_registerPieIntHandler            
0     000081d5  _PIE_enablePwmInt                     
0     000081e3  _CLK_enablePwmClock                   
0     000081ec  _PWM_setActionQual_CntDown_CmpA_PwmA  
0     000081f5  _PWM_setActionQual_CntDown_CmpA_PwmB  
0     000081fe  _PWM_setActionQual_CntUp_CmpA_PwmA    
0     00008207  _PWM_setActionQual_CntUp_CmpA_PwmB    
0     00008210  __register_unlock                     
0     00008214  __register_lock                       
0     00008218  __nop                                 
0     00008219  _CLK_init                             
0     00008221  _FLASH_init                           
0     00008229  _GPIO_init                            
0     00008231  _PLL_init                             
0     00008239  _PWM_init                             
0     00008241  _WDOG_disable                         
0     00008249  _WDOG_init                            
0     00008259  _CLK_disableAdcClock                  
0     00008260  _CLK_disableTbClockSync               
0     00008267  _CLK_enableAdcClock                   
0     0000826e  _CLK_enableTbClockSync                
0     00008275  _CLK_setOscSrc                        
0     0000827c  _PLL_setDivider                       
0     00008283  _PWM_setDeadBandInputMode             
0     0000828a  _PWM_setDeadBandOutputMode            
0     00008291  _PWM_setDeadBandPolarity              
0     00008298  _PWM_setIntMode                       
0     0000829f  _PWM_setIntPeriod                     
0     000082a6  _PLL_setMultiplier                    
0     000082ac  _PWM_setLoadMode_CmpB                 
0     000082b2  _PWM_setShadowMode_CmpA               
0     000082b8  _PWM_setShadowMode_CmpB               
0     000082be  _ADCINT1_ISR                          
0     000082c3  _ADCINT2_ISR                          
0     000082c8  _ADCINT3_ISR                          
0     000082cd  _ADCINT4_ISR                          
0     000082d2  _ADCINT5_ISR                          
0     000082d7  _ADCINT6_ISR                          
0     000082dc  _ADCINT7_ISR                          
0     000082e1  _ADCINT8_ISR                          
0     000082e6  _ADCINT9_ISR                          
0     000082eb  _DATALOG_ISR                          
0     000082f0  _ECAP1_INT_ISR                        
0     000082f5  _EMPTY_ISR                            
0     000082fa  _EMUINT_ISR                           
0     000082ff  _EPWM1_INT_ISR                        
0     00008304  _EPWM1_TZINT_ISR                      
0     00008309  _EPWM2_INT_ISR                        
0     0000830e  _EPWM2_TZINT_ISR                      
0     00008313  _EPWM3_INT_ISR                        
0     00008318  _EPWM3_TZINT_ISR                      
0     0000831d  _EPWM4_INT_ISR                        
0     00008322  _EPWM4_TZINT_ISR                      
0     00008327  _I2CINT1A_ISR                         
0     0000832c  _I2CINT2A_ISR                         
0     00008331  _ILLEGAL_ISR                          
0     00008336  _INT13_ISR                            
0     0000833b  _INT14_ISR                            
0     00008340  _NMI_ISR                              
0     00008345  _PIE_RESERVED                         
0     0000834a  _PIE_illegalIsr                       
0     0000834f  _RTOSINT_ISR                          
0     00008354  _SCIRXINTA_ISR                        
0     00008359  _SCITXINTA_ISR                        
0     0000835e  _SPIRXINTA_ISR                        
0     00008363  _SPITXINTA_ISR                        
0     00008368  _TINT0_ISR                            
0     0000836d  _USER10_ISR                           
0     00008372  _USER11_ISR                           
0     00008377  _USER12_ISR                           
0     0000837c  _USER1_ISR                            
0     00008381  _USER2_ISR                            
0     00008386  _USER3_ISR                            
0     0000838b  _USER4_ISR                            
0     00008390  _USER5_ISR                            
0     00008395  _USER6_ISR                            
0     0000839a  _USER7_ISR                            
0     0000839f  _USER8_ISR                            
0     000083a4  _USER9_ISR                            
0     000083a9  _WAKEINT_ISR                          
0     000083ae  _XINT1_ISR                            
0     000083b3  _XINT2_ISR                            
0     000083b8  _XINT3_ISR                            
0     000083bd  _rsvd_ISR                             
0     000083c2  _CPU_enableInt                        
0     000083c6  _CPU_init                             
0     000083ca  _PWM_enableInt                        
0     000083ce  _PWM_setClkDiv                        
0     000083d2  _PWM_setCounterMode                   
0     000083d6  _PWM_setHighSpeedClkDiv               
0     000083da  _PWM_setLoadMode_CmpA                 
0     000083de  _CPU_clearIntFlags                    
0     000083e1  _CPU_disableGlobalInts                
0     000083e4  _CPU_enableDebugInt                   
0     000083e7  _CPU_enableGlobalInts                 
0     000083ea  _PIE_disable                          
0     000083ed  _PIE_enable                           
0     000083f0  _PLL_getClkStatus                     
0     000083f3  _PLL_getLockStatus                    
0     000083f6  _PWM_decrementDeadBandFallingEdgeDelay
0     000083f9  _PWM_decrementDeadBandRisingEdgeDelay 
0     000083fc  _PWM_disableCounterLoad               
0     000083ff  _PWM_getDeadBandFallingEdgeDelay      
0     00008402  _PWM_incrementDeadBandFallingEdgeDelay
0     00008405  _PWM_incrementDeadBandRisingEdgeDelay 
0     00008408  _PWM_setDeadBandFallingEdgeDelay      
0     0000840b  _PWM_setDeadBandRisingEdgeDelay       
0     0000840e  _PWM_setCount                         
0     00008410  _PWM_setPeriod                        
0     00008412  _PWM_setPhase                         
0     00008414  __system_pre_init                     
0     00008416  __system_post_cinit                   
0     00008417  ___cinit__                            
0     00008417  cinit                                 
1     00000400  __stack                               
1     00000600  _PIE_tableDebugInit                   
1     00000600  __STACK_END                           
1     00000700  _EPwm1_DB_Direction                   
1     00000701  _EPwm2_DB_Direction                   
1     00000702  _EPwm3_DB_Direction                   
1     00000704  _EPwm1TimerIntCount                   
1     00000706  _EPwm2TimerIntCount                   
1     00000708  _EPwm3TimerIntCount                   
1     0000070a  _myClk                                
1     0000070c  _myFlash                              
1     0000070e  _myGpio                               
1     00000710  _myPie                                
1     00000712  _myPwm1                               
1     00000714  _myPwm2                               
1     00000716  _myPwm3                               
1     00000718  ___TI_enable_exit_profile_output      
1     0000071a  ___TI_cleanup_ptr                     
1     0000071c  ___TI_dtors_ptr                       
1     0000071e  __lock                                
1     00000720  __unlock                              
1     00000722  _cpu                                  
abs   00000200  __STACK_SIZE                          
abs   ffffffff  .text                                 
abs   ffffffff  ___TI_pprof_out_hndl                  
abs   ffffffff  ___TI_prof_data_size                  
abs   ffffffff  ___TI_prof_data_start                 
abs   ffffffff  ___binit__                            
abs   ffffffff  ___c_args__                           
abs   ffffffff  ___etext__                            
abs   ffffffff  ___pinit__                            
abs   ffffffff  ___text__                             
abs   ffffffff  binit                                 
abs   ffffffff  etext                                 
abs   ffffffff  pinit                                 

[170 symbols]
