******************************************************************************
                  TI ARM Linker PC v20.2.1                     
******************************************************************************
>> Linked Wed Mar 31 15:04:45 2021

OUTPUT FILE NAME:   <Closed_Loop_Testv1.1.out>
ENTRY POINT SYMBOL: "_c_int00_noargs"  address: 000017d9


MEMORY CONFIGURATION

         name            origin    length      used     unused   attr    fill
----------------------  --------  ---------  --------  --------  ----  --------
  FLASH                 00000000   00040000  00001bc0  0003e440  R  X
  SRAM                  20000000   00008000  00000295  00007d6b  RW X


SEGMENT ALLOCATION MAP

run origin  load origin   length   init length attrs members
----------  ----------- ---------- ----------- ----- -------
00000000    00000000    00001bc0   00001bc0    r-x
  00000000    00000000    0000026c   0000026c    r-- .intvecs
  0000026c    0000026c    0000183c   0000183c    r-x .text
  00001aa8    00001aa8    000000b8   000000b8    r-- .const
  00001b60    00001b60    00000060   00000060    r-- .cinit
20000000    20000000    00000298   00000000    rw-
  20000000    20000000    00000200   00000000    rw- .stack
  20000200    20000200    00000061   00000000    rw- .data
  20000264    20000264    00000034   00000000    rw- .bss


SECTION ALLOCATION MAP

 output                                  attributes/
section   page    origin      length       input sections
--------  ----  ----------  ----------   ----------------
.intvecs   0    00000000    0000026c     
                  00000000    0000026c     tm4c123gh6pm_startup_ccs.obj (.intvecs)

.text      0    0000026c    0000183c     
                  0000026c    000009bc     main.obj (.text)
                  00000c28    00000324     control.obj (.text)
                  00000f4c    00000180     adc.obj (.text)
                  000010cc    0000016c     driverlib.lib : gpio.obj (.text:GPIOPadConfigSet)
                  00001238    000000f4                   : sysctl.obj (.text:SysCtlClockSet)
                  0000132c    000000a0     qei.obj (.text)
                  000013cc    0000009c     rtsv7M4_T_le_v4SPD16_eabi.lib : memcpy_t2.asm.obj (.text)
                  00001468    0000007a     driverlib.lib : adc.obj (.text:ADCSequenceStepConfigure)
                  000014e2    00000002     --HOLE-- [fill = 0]
                  000014e4    00000068                   : interrupt.obj (.text:IntDisable)
                  0000154c    00000068                   : interrupt.obj (.text:IntEnable)
                  000015b4    00000068     rtsv7M4_T_le_v4SPD16_eabi.lib : copy_decompress_lzss.c.obj (.text:decompress:lzss:__TI_decompress_lzss)
                  0000161c    00000058     driverlib.lib : gpio.obj (.text:GPIOIntTypeSet)
                  00001674    00000050                   : sysctl.obj (.text:SysCtlPeripheralReset)
                  000016c4    0000004e                   : adc.obj (.text:ADCSequenceConfigure)
                  00001712    00000002     --HOLE-- [fill = 0]
                  00001714    0000004c                   : gpio.obj (.text:GPIOPinConfigure)
                  00001760    00000044     rtsv7M4_T_le_v4SPD16_eabi.lib : autoinit.c.obj (.text:__TI_auto_init_nobinit_nopinit:__TI_auto_init_nobinit_nopinit)
                  000017a4    00000034     driverlib.lib : sysctl.obj (.text:SysCtlPeripheralEnable)
                  000017d8    00000034     rtsv7M4_T_le_v4SPD16_eabi.lib : boot_cortex_m.c.obj (.text:_c_int00_noargs:_c_int00_noargs)
                  0000180c    0000002c     driverlib.lib : gpio.obj (.text:GPIODirModeSet)
                  00001838    00000022                   : pwm.obj (.text:PWMGenConfigure)
                  0000185a    0000001c     rtsv7M4_T_le_v4SPD16_eabi.lib : copy_zero_init.c.obj (.text:decompress:ZI:__TI_zero_init_nomemset:__TI_zero_init_nomemset)
                  00001876    00000016     driverlib.lib : gpio.obj (.text:GPIOPinTypeADC)
                  0000188c    00000016                   : gpio.obj (.text:GPIOPinTypeGPIOInput)
                  000018a2    00000016                   : gpio.obj (.text:GPIOPinTypeI2C)
                  000018b8    00000016                   : gpio.obj (.text:GPIOPinTypeI2CSCL)
                  000018ce    00000016                   : gpio.obj (.text:GPIOPinTypePWM)
                  000018e4    00000016                   : gpio.obj (.text:GPIOPinTypeQEI)
                  000018fa    00000002     --HOLE-- [fill = 0]
                  000018fc    00000014                   : sysctl.obj (.text:SysCtlPWMClockSet)
                  00001910    00000012                   : pwm.obj (.text:PWMOutputFault)
                  00001922    00000012                   : pwm.obj (.text:PWMOutputInvert)
                  00001934    00000012                   : pwm.obj (.text:PWMOutputState)
                  00001946    00000010                   : i2c.obj (.text:I2CSlaveEnable)
                  00001956    00000010                   : interrupt.obj (.text:IntMasterEnable)
                  00001966    00000010                   : pwm.obj (.text:PWMDeadBandEnable)
                  00001976    00000010                   : pwm.obj (.text:PWMGenPeriodSet)
                  00001986    0000000e                   : adc.obj (.text:ADCIntDisable)
                  00001994    0000000e                   : adc.obj (.text:ADCSequenceDisable)
                  000019a2    0000000e                   : adc.obj (.text:ADCSequenceEnable)
                  000019b0    0000000e                   : gpio.obj (.text:GPIOIntStatus)
                  000019be    0000000e                   : i2c.obj (.text:I2CSlaveInit)
                  000019cc    0000000e                   : qei.obj (.text:QEIConfigure)
                  000019da    0000000e     rtsv7M4_T_le_v4SPD16_eabi.lib : copy_decompress_none.c.obj (.text:decompress:none:__TI_decompress_none)
                  000019e8    0000000c     driverlib.lib : cpu.obj (.text:CPUcpsie)
                  000019f4    0000000c                   : gpio.obj (.text:GPIOIntEnable)
                  00001a00    0000000c                   : i2c.obj (.text:I2CSlaveIntEnableEx)
                  00001a0c    0000000c                   : pwm.obj (.text:PWMDeadBandDisable)
                  00001a18    0000000c                   : pwm.obj (.text:PWMGenEnable)
                  00001a24    0000000c     tm4c123gh6pm_startup_ccs.obj (.text)
                  00001a30    0000000a     driverlib.lib : adc.obj (.text:ADCIntClear)
                  00001a3a    0000000a                   : pwm.obj (.text:PWMGenIntTrigEnable)
                  00001a44    0000000a                   : qei.obj (.text:QEIDisable)
                  00001a4e    0000000a                   : qei.obj (.text:QEIEnable)
                  00001a58    0000000a                   : qei.obj (.text:QEIIntDisable)
                  00001a62    00000008                   : i2c.obj (.text:I2CSlaveIntClear)
                  00001a6a    00000006                   : gpio.obj (.text:GPIOIntClear)
                  00001a70    00000006                   : gpio.obj (.text:GPIOPinRead)
                  00001a76    00000006                   : i2c.obj (.text:I2CSlaveDataGet)
                  00001a7c    00000006                   : i2c.obj (.text:I2CSlaveDataPut)
                  00001a82    00000006                   : i2c.obj (.text:I2CSlaveStatus)
                  00001a88    00000006                   : pwm.obj (.text:PWMGenIntClear)
                  00001a8e    00000006                   : sysctl.obj (.text:SysCtlDelay)
                  00001a94    00000004                   : pwm.obj (.text:PWMSyncTimeBase)
                  00001a98    00000004                   : pwm.obj (.text:PWMSyncUpdate)
                  00001a9c    00000004                   : qei.obj (.text:QEIPositionSet)
                  00001aa0    00000004     rtsv7M4_T_le_v4SPD16_eabi.lib : pre_init.c.obj (.text:_system_pre_init)
                  00001aa4    00000004                                   : exit.c.obj (.text:abort:abort)

.const     0    00001aa8    000000b8     
                  00001aa8    00000090     driverlib.lib : gpio.obj (.const:g_pui32GPIOBaseAddrs)
                  00001b38    00000014                   : interrupt.obj (.const:g_pui32Dii16Regs)
                  00001b4c    00000014                   : interrupt.obj (.const:g_pui32EnRegs)

.cinit     0    00001b60    00000060     
                  00001b60    0000003b     (.cinit..data.load) [load image, compression = lzss]
                  00001b9b    00000001     --HOLE-- [fill = 0]
                  00001b9c    0000000c     (__TI_handler_table)
                  00001ba8    00000008     (.cinit..bss.load) [load image, compression = zero_init]
                  00001bb0    00000010     (__TI_cinit_table)

.init_array 
*          0    00000000    00000000     UNINITIALIZED

.data      0    20000200    00000061     UNINITIALIZED
                  20000200    00000039     control.obj (.data)
                  20000239    00000018     main.obj (.data)
                  20000251    00000008     control.obj (.data:Hall_SequenceCCW)
                  20000259    00000008     control.obj (.data:Hall_SequenceCW)

.bss       0    20000264    00000034     UNINITIALIZED
                  20000264    00000018     (.common:return_vals)
                  2000027c    00000014     (.common:ADC0DataRaw)
                  20000290    00000004     (.common:motor_position)
                  20000294    00000002     control.obj (.bss)
                  20000296    00000001     (.common:Hall_Int_Status)
                  20000297    00000001     (.common:Halls)

.stack     0    20000000    00000200     UNINITIALIZED
                  20000000    00000004     rtsv7M4_T_le_v4SPD16_eabi.lib : boot_cortex_m.c.obj (.stack)
                  20000004    000001fc     --HOLE--

__llvm_prf_cnts 
*          0    20000000    00000000     UNINITIALIZED

MODULE SUMMARY

       Module                         code   ro data   rw data
       ------                         ----   -------   -------
    .\
       main.obj                       2492   0         52     
       control.obj                    804    0         77     
       tm4c123gh6pm_startup_ccs.obj   12     620       0      
       adc.obj                        384    0         20     
       qei.obj                        160    0         0      
    +--+------------------------------+------+---------+---------+
       Total:                         3852   620       149    
                                                              
    C:/ti/TivaWare_C_Series-2.2.0.295/driverlib/ccs/Debug/driverlib.lib
       gpio.obj                       742    144       0      
       sysctl.obj                     402    0         0      
       interrupt.obj                  224    40        0      
       adc.obj                        252    0         0      
       pwm.obj                        168    0         0      
       i2c.obj                        68     0         0      
       qei.obj                        48     0         0      
       cpu.obj                        12     0         0      
    +--+------------------------------+------+---------+---------+
       Total:                         1916   184       0      
                                                              
    C:\ti\ccs1010\ccs\tools\compiler\ti-cgt-arm_20.2.1.LTS\lib\rtsv7M4_T_le_v4SPD16_eabi.lib
       memcpy_t2.asm.obj              156    0         0      
       copy_decompress_lzss.c.obj     104    0         0      
       autoinit.c.obj                 68     0         0      
       boot_cortex_m.c.obj            52     0         0      
       copy_zero_init.c.obj           28     0         0      
       copy_decompress_none.c.obj     14     0         0      
       exit.c.obj                     4      0         0      
       pre_init.c.obj                 4      0         0      
    +--+------------------------------+------+---------+---------+
       Total:                         430    0         0      
                                                              
       Stack:                         0      0         512    
       Linker Generated:              0      95        0      
    +--+------------------------------+------+---------+---------+
       Grand Total:                   6198   899       661    


LINKER GENERATED COPY TABLES

__TI_cinit_table @ 00001bb0 records: 2, size/record: 8, table size: 16
	.data: load addr=00001b60, load size=0000003b bytes, run addr=20000200, run size=00000061 bytes, compression=lzss
	.bss: load addr=00001ba8, load size=00000008 bytes, run addr=20000264, run size=00000034 bytes, compression=zero_init


LINKER GENERATED HANDLER TABLE

__TI_handler_table @ 00001b9c records: 3, size/record: 4, table size: 12
	index: 0, handler: __TI_decompress_lzss
	index: 1, handler: __TI_decompress_none
	index: 2, handler: __TI_zero_init


GLOBAL SYMBOLS: SORTED ALPHABETICALLY BY Name 

address   name                          
-------   ----                          
2000027c  ADC0DataRaw                   
00000f4d  ADC0_Seq0_ISR                 
00001a31  ADCIntClear                   
00001987  ADCIntDisable                 
000016c5  ADCSequenceConfigure          
00001995  ADCSequenceDisable            
000019a3  ADCSequenceEnable             
00001469  ADCSequenceStepConfigure      
00001aa5  C$$EXIT                       
000019e9  CPUcpsie                      
0000180d  GPIODirModeSet                
00001a6b  GPIOIntClear                  
000019f5  GPIOIntEnable                 
000019b1  GPIOIntStatus                 
0000161d  GPIOIntTypeSet                
000010cd  GPIOPadConfigSet              
00001715  GPIOPinConfigure              
00001a71  GPIOPinRead                   
00001877  GPIOPinTypeADC                
0000188d  GPIOPinTypeGPIOInput          
000018a3  GPIOPinTypeI2C                
000018b9  GPIOPinTypeI2CSCL             
000018cf  GPIOPinTypePWM                
000018e5  GPIOPinTypeQEI                
20000296  Hall_Int_Status               
20000251  Hall_SequenceCCW              
20000259  Hall_SequenceCW               
2000023a  Hall_State_Unknown            
20000239  Hall_Stopped                  
20000297  Halls                         
00000325  I2C0SlaveIntHandler           
00001a77  I2CSlaveDataGet               
00001a7d  I2CSlaveDataPut               
00001947  I2CSlaveEnable                
000019bf  I2CSlaveInit                  
00001a63  I2CSlaveIntClear              
00001a01  I2CSlaveIntEnableEx           
00001a83  I2CSlaveStatus                
0000026d  InitI2C0                      
000014e5  IntDisable                    
0000154d  IntEnable                     
00001957  IntMasterEnable               
00000c6b  PORTA_ISR                     
00000d6b  PWM0_ISR                      
00000d87  PWM0_OutputUpdate             
00000d13  PWMClearDeadBand              
00001a0d  PWMDeadBandDisable            
00001967  PWMDeadBandEnable             
00001839  PWMGenConfigure               
00001a19  PWMGenEnable                  
00001a89  PWMGenIntClear                
00001a3b  PWMGenIntTrigEnable           
00001977  PWMGenPeriodSet               
00001911  PWMOutputFault                
00001923  PWMOutputInvert               
00000db7  PWMOutputOff                  
00001935  PWMOutputState                
00000ceb  PWMSetDeadBand                
00001a95  PWMSyncTimeBase               
00001a99  PWMSyncUpdate                 
000019cd  QEIConfigure                  
00001a45  QEIDisable                    
00001a4f  QEIEnable                     
00001a59  QEIIntDisable                 
00001a9d  QEIPositionSet                
00001a25  ResetISR                      
00000cb7  Start_Motor                   
00001239  SysCtlClockSet                
00001a8f  SysCtlDelay                   
000018fd  SysCtlPWMClockSet             
000017a5  SysCtlPeripheralEnable        
00001675  SysCtlPeripheralReset         
20000200  __STACK_END                   
00000200  __STACK_SIZE                  
20000200  __STACK_TOP                   
00001bb0  __TI_CINIT_Base               
00001bc0  __TI_CINIT_Limit              
00001b9c  __TI_Handler_Table_Base       
00001ba8  __TI_Handler_Table_Limit      
00001761  __TI_auto_init_nobinit_nopinit
000015b5  __TI_decompress_lzss          
000019db  __TI_decompress_none          
ffffffff  __TI_pprof_out_hndl           
ffffffff  __TI_prof_data_size           
ffffffff  __TI_prof_data_start          
00000000  __TI_static_base__            
0000185b  __TI_zero_init_nomemset       
000013cd  __aeabi_memcpy                
000013cd  __aeabi_memcpy4               
000013cd  __aeabi_memcpy8               
ffffffff  __binit__                     
ffffffff  __c_args__                    
UNDEFED   __mpu_init                    
20000000  __stack                       
20000000  __start___llvm_prf_cnts       
20000000  __stop___llvm_prf_cnts        
000017d9  _c_int00_noargs               
UNDEFED   _system_post_cinit            
00001aa1  _system_pre_init              
00001aa5  abort                         
2000023d  avg_input_power               
ffffffff  binit                         
2000024c  breaking_circuit_1            
2000024d  breaking_circuit_2            
2000021c  coeffK                        
20000214  coeffKd                       
20000210  coeffKi                       
20000218  coeffKo                       
2000020c  coeffKp                       
2000023b  dataRead                      
2000022c  deadBand                      
2000023f  encoder_1                     
20000240  encoder_2                     
20000250  func_test_result              
00000000  g_pfnVectors                  
0000139f  getQei0Position               
20000241  hall_sensor_1                 
20000242  hall_sensor_2                 
20000224  iMax                          
00000fd3  initADC                       
00000c29  initHW                        
00000de9  initPWM                       
0000132d  initQEI                       
20000220  integral                      
2000024f  loop_count                    
00000a7d  main                          
2000024a  mega_cap_1                    
2000024b  mega_cap_2                    
000013cd  memcpy                        
20000245  micro_controller_1            
20000246  micro_controller_2            
20000243  motor_1                       
20000244  motor_2                       
2000024e  motor_index                   
20000290  motor_position                
2000023e  power_generated               
20000247  power_supply_1                
20000248  power_supply_2                
20000249  power_supply_3                
20000264  return_vals                   
00000dd5  setMotor0_Direction           
00000d2f  setMotorPwm                   
0000138f  setQei0Position               
20000228  u                             
2000023c  update_stop_flag              
20000230  y                             
20000234  yDiv                          
20000200  ySetPoint                     
20000204  yStep1                        
20000208  yStep2                        


GLOBAL SYMBOLS: SORTED BY Symbol Address 

address   name                          
-------   ----                          
00000000  __TI_static_base__            
00000000  g_pfnVectors                  
00000200  __STACK_SIZE                  
0000026d  InitI2C0                      
00000325  I2C0SlaveIntHandler           
00000a7d  main                          
00000c29  initHW                        
00000c6b  PORTA_ISR                     
00000cb7  Start_Motor                   
00000ceb  PWMSetDeadBand                
00000d13  PWMClearDeadBand              
00000d2f  setMotorPwm                   
00000d6b  PWM0_ISR                      
00000d87  PWM0_OutputUpdate             
00000db7  PWMOutputOff                  
00000dd5  setMotor0_Direction           
00000de9  initPWM                       
00000f4d  ADC0_Seq0_ISR                 
00000fd3  initADC                       
000010cd  GPIOPadConfigSet              
00001239  SysCtlClockSet                
0000132d  initQEI                       
0000138f  setQei0Position               
0000139f  getQei0Position               
000013cd  __aeabi_memcpy                
000013cd  __aeabi_memcpy4               
000013cd  __aeabi_memcpy8               
000013cd  memcpy                        
00001469  ADCSequenceStepConfigure      
000014e5  IntDisable                    
0000154d  IntEnable                     
000015b5  __TI_decompress_lzss          
0000161d  GPIOIntTypeSet                
00001675  SysCtlPeripheralReset         
000016c5  ADCSequenceConfigure          
00001715  GPIOPinConfigure              
00001761  __TI_auto_init_nobinit_nopinit
000017a5  SysCtlPeripheralEnable        
000017d9  _c_int00_noargs               
0000180d  GPIODirModeSet                
00001839  PWMGenConfigure               
0000185b  __TI_zero_init_nomemset       
00001877  GPIOPinTypeADC                
0000188d  GPIOPinTypeGPIOInput          
000018a3  GPIOPinTypeI2C                
000018b9  GPIOPinTypeI2CSCL             
000018cf  GPIOPinTypePWM                
000018e5  GPIOPinTypeQEI                
000018fd  SysCtlPWMClockSet             
00001911  PWMOutputFault                
00001923  PWMOutputInvert               
00001935  PWMOutputState                
00001947  I2CSlaveEnable                
00001957  IntMasterEnable               
00001967  PWMDeadBandEnable             
00001977  PWMGenPeriodSet               
00001987  ADCIntDisable                 
00001995  ADCSequenceDisable            
000019a3  ADCSequenceEnable             
000019b1  GPIOIntStatus                 
000019bf  I2CSlaveInit                  
000019cd  QEIConfigure                  
000019db  __TI_decompress_none          
000019e9  CPUcpsie                      
000019f5  GPIOIntEnable                 
00001a01  I2CSlaveIntEnableEx           
00001a0d  PWMDeadBandDisable            
00001a19  PWMGenEnable                  
00001a25  ResetISR                      
00001a31  ADCIntClear                   
00001a3b  PWMGenIntTrigEnable           
00001a45  QEIDisable                    
00001a4f  QEIEnable                     
00001a59  QEIIntDisable                 
00001a63  I2CSlaveIntClear              
00001a6b  GPIOIntClear                  
00001a71  GPIOPinRead                   
00001a77  I2CSlaveDataGet               
00001a7d  I2CSlaveDataPut               
00001a83  I2CSlaveStatus                
00001a89  PWMGenIntClear                
00001a8f  SysCtlDelay                   
00001a95  PWMSyncTimeBase               
00001a99  PWMSyncUpdate                 
00001a9d  QEIPositionSet                
00001aa1  _system_pre_init              
00001aa5  C$$EXIT                       
00001aa5  abort                         
00001b9c  __TI_Handler_Table_Base       
00001ba8  __TI_Handler_Table_Limit      
00001bb0  __TI_CINIT_Base               
00001bc0  __TI_CINIT_Limit              
20000000  __stack                       
20000000  __start___llvm_prf_cnts       
20000000  __stop___llvm_prf_cnts        
20000200  __STACK_END                   
20000200  __STACK_TOP                   
20000200  ySetPoint                     
20000204  yStep1                        
20000208  yStep2                        
2000020c  coeffKp                       
20000210  coeffKi                       
20000214  coeffKd                       
20000218  coeffKo                       
2000021c  coeffK                        
20000220  integral                      
20000224  iMax                          
20000228  u                             
2000022c  deadBand                      
20000230  y                             
20000234  yDiv                          
20000239  Hall_Stopped                  
2000023a  Hall_State_Unknown            
2000023b  dataRead                      
2000023c  update_stop_flag              
2000023d  avg_input_power               
2000023e  power_generated               
2000023f  encoder_1                     
20000240  encoder_2                     
20000241  hall_sensor_1                 
20000242  hall_sensor_2                 
20000243  motor_1                       
20000244  motor_2                       
20000245  micro_controller_1            
20000246  micro_controller_2            
20000247  power_supply_1                
20000248  power_supply_2                
20000249  power_supply_3                
2000024a  mega_cap_1                    
2000024b  mega_cap_2                    
2000024c  breaking_circuit_1            
2000024d  breaking_circuit_2            
2000024e  motor_index                   
2000024f  loop_count                    
20000250  func_test_result              
20000251  Hall_SequenceCCW              
20000259  Hall_SequenceCW               
20000264  return_vals                   
2000027c  ADC0DataRaw                   
20000290  motor_position                
20000296  Hall_Int_Status               
20000297  Halls                         
ffffffff  __TI_pprof_out_hndl           
ffffffff  __TI_prof_data_size           
ffffffff  __TI_prof_data_start          
ffffffff  __binit__                     
ffffffff  __c_args__                    
ffffffff  binit                         
UNDEFED   __mpu_init                    
UNDEFED   _system_post_cinit            

[150 symbols]
