******************************************************************************
                  TI ARM Linker PC v20.2.1                     
******************************************************************************
>> Linked Wed Mar 31 13:57:13 2021

OUTPUT FILE NAME:   <Closed_Loop_Test_v1.0.out>
ENTRY POINT SYMBOL: "_c_int00_noargs"  address: 00001645


MEMORY CONFIGURATION

         name            origin    length      used     unused   attr    fill
----------------------  --------  ---------  --------  --------  ----  --------
  RAM                   00000020   ffffffe0  00002d39  ffffd2a7  RWIX


SEGMENT ALLOCATION MAP

run origin  load origin   length   init length attrs members
----------  ----------- ---------- ----------- ----- -------
00000020    00000020    000019c8   000019c8    r-x
  00000020    00000020    00001910   00001910    r-x .text
  00001930    00001930    000000b8   000000b8    r-- .const
000019e8    000019e8    00001098   00000000    rw-
  000019e8    000019e8    00000061   00000000    rw- .data
  00001a4c    00001a4c    00000034   00000000    rw- .bss
  00001a80    00001a80    00001000   00000000    rw- .stack
00002a80    00002a80    00000070   00000070    r--
  00002a80    00002a80    00000070   00000070    r-- .cinit
00002c00    00002c00    0000026c   00000000    rw-
  00002c00    00002c00    0000026c   00000000    rw- .vtable


SECTION ALLOCATION MAP

 output                                  attributes/
section   page    origin      length       input sections
--------  ----  ----------  ----------   ----------------
.text      0    00000020    00001910     
                  00000020    000009bc     main.obj (.text)
                  000009dc    0000033c     control.obj (.text)
                  00000d18    0000019c     adc.obj (.text)
                  00000eb4    0000016c     driverlib.lib : gpio.obj (.text:GPIOPadConfigSet)
                  00001020    000000f4                   : sysctl.obj (.text:SysCtlClockSet)
                  00001114    000000a0     qei.obj (.text)
                  000011b4    0000009c     rtsv7M4_T_le_v4SPD16_eabi.lib : memcpy_t2.asm.obj (.text)
                  00001250    0000007a     driverlib.lib : adc.obj (.text:ADCSequenceStepConfigure)
                  000012ca    00000002     --HOLE-- [fill = 0]
                  000012cc    00000068                   : interrupt.obj (.text:IntDisable)
                  00001334    00000068                   : interrupt.obj (.text:IntEnable)
                  0000139c    00000068     rtsv7M4_T_le_v4SPD16_eabi.lib : copy_decompress_lzss.c.obj (.text:decompress:lzss:__TI_decompress_lzss)
                  00001404    00000058     driverlib.lib : gpio.obj (.text:GPIOIntTypeSet)
                  0000145c    00000050                   : sysctl.obj (.text:SysCtlPeripheralReset)
                  000014ac    00000050                   : adc.obj (.text:_ADCIntNumberGet)
                  000014fc    0000004e                   : adc.obj (.text:ADCSequenceConfigure)
                  0000154a    00000002     --HOLE-- [fill = 0]
                  0000154c    0000004c                   : gpio.obj (.text:GPIOPinConfigure)
                  00001598    00000044     rtsv7M4_T_le_v4SPD16_eabi.lib : autoinit.c.obj (.text:__TI_auto_init_nobinit_nopinit:__TI_auto_init_nobinit_nopinit)
                  000015dc    00000034     driverlib.lib : interrupt.obj (.text:IntRegister)
                  00001610    00000034                   : sysctl.obj (.text:SysCtlPeripheralEnable)
                  00001644    00000034     rtsv7M4_T_le_v4SPD16_eabi.lib : boot_cortex_m.c.obj (.text:_c_int00_noargs:_c_int00_noargs)
                  00001678    0000002c     driverlib.lib : gpio.obj (.text:GPIODirModeSet)
                  000016a4    00000022                   : pwm.obj (.text:PWMGenConfigure)
                  000016c6    0000001c     rtsv7M4_T_le_v4SPD16_eabi.lib : copy_zero_init.c.obj (.text:decompress:ZI:__TI_zero_init_nomemset:__TI_zero_init_nomemset)
                  000016e2    00000018     driverlib.lib : adc.obj (.text:ADCIntRegister)
                  000016fa    00000016                   : gpio.obj (.text:GPIOPinTypeADC)
                  00001710    00000016                   : gpio.obj (.text:GPIOPinTypeGPIOInput)
                  00001726    00000016                   : gpio.obj (.text:GPIOPinTypeI2C)
                  0000173c    00000016                   : gpio.obj (.text:GPIOPinTypeI2CSCL)
                  00001752    00000016                   : gpio.obj (.text:GPIOPinTypePWM)
                  00001768    00000016                   : gpio.obj (.text:GPIOPinTypeQEI)
                  0000177e    00000002     --HOLE-- [fill = 0]
                  00001780    00000014                   : sysctl.obj (.text:SysCtlPWMClockSet)
                  00001794    00000012                   : pwm.obj (.text:PWMOutputFault)
                  000017a6    00000012                   : pwm.obj (.text:PWMOutputInvert)
                  000017b8    00000012                   : pwm.obj (.text:PWMOutputState)
                  000017ca    00000010                   : adc.obj (.text:ADCIntEnable)
                  000017da    00000010                   : i2c.obj (.text:I2CSlaveEnable)
                  000017ea    00000010                   : interrupt.obj (.text:IntMasterEnable)
                  000017fa    00000010                   : pwm.obj (.text:PWMDeadBandEnable)
                  0000180a    00000010                   : pwm.obj (.text:PWMGenPeriodSet)
                  0000181a    0000000e                   : adc.obj (.text:ADCIntDisable)
                  00001828    0000000e                   : adc.obj (.text:ADCSequenceDisable)
                  00001836    0000000e                   : adc.obj (.text:ADCSequenceEnable)
                  00001844    0000000e                   : gpio.obj (.text:GPIOIntStatus)
                  00001852    0000000e                   : i2c.obj (.text:I2CSlaveInit)
                  00001860    0000000e                   : qei.obj (.text:QEIConfigure)
                  0000186e    0000000e     rtsv7M4_T_le_v4SPD16_eabi.lib : copy_decompress_none.c.obj (.text:decompress:none:__TI_decompress_none)
                  0000187c    0000000c     driverlib.lib : cpu.obj (.text:CPUcpsie)
                  00001888    0000000c                   : gpio.obj (.text:GPIOIntEnable)
                  00001894    0000000c                   : i2c.obj (.text:I2CSlaveIntEnableEx)
                  000018a0    0000000c                   : pwm.obj (.text:PWMDeadBandDisable)
                  000018ac    0000000c                   : pwm.obj (.text:PWMGenEnable)
                  000018b8    0000000a                   : adc.obj (.text:ADCIntClear)
                  000018c2    0000000a                   : pwm.obj (.text:PWMGenIntTrigEnable)
                  000018cc    0000000a                   : qei.obj (.text:QEIDisable)
                  000018d6    0000000a                   : qei.obj (.text:QEIEnable)
                  000018e0    0000000a                   : qei.obj (.text:QEIIntDisable)
                  000018ea    00000008                   : i2c.obj (.text:I2CSlaveIntClear)
                  000018f2    00000006                   : gpio.obj (.text:GPIOIntClear)
                  000018f8    00000006                   : gpio.obj (.text:GPIOPinRead)
                  000018fe    00000006                   : i2c.obj (.text:I2CSlaveDataGet)
                  00001904    00000006                   : i2c.obj (.text:I2CSlaveDataPut)
                  0000190a    00000006                   : i2c.obj (.text:I2CSlaveStatus)
                  00001910    00000006                   : pwm.obj (.text:PWMGenIntClear)
                  00001916    00000006                   : sysctl.obj (.text:SysCtlDelay)
                  0000191c    00000004                   : pwm.obj (.text:PWMSyncTimeBase)
                  00001920    00000004                   : pwm.obj (.text:PWMSyncUpdate)
                  00001924    00000004                   : qei.obj (.text:QEIPositionSet)
                  00001928    00000004     rtsv7M4_T_le_v4SPD16_eabi.lib : pre_init.c.obj (.text:_system_pre_init)
                  0000192c    00000004                                   : exit.c.obj (.text:abort:abort)

.const     0    00001930    000000b8     
                  00001930    00000090     driverlib.lib : gpio.obj (.const:g_pui32GPIOBaseAddrs)
                  000019c0    00000014                   : interrupt.obj (.const:g_pui32Dii16Regs)
                  000019d4    00000014                   : interrupt.obj (.const:g_pui32EnRegs)

.data      0    000019e8    00000061     UNINITIALIZED
                  000019e8    00000039     control.obj (.data)
                  00001a21    00000018     main.obj (.data)
                  00001a39    00000008     control.obj (.data:Hall_SequenceCCW)
                  00001a41    00000008     control.obj (.data:Hall_SequenceCW)

.bss       0    00001a4c    00000034     UNINITIALIZED
                  00001a4c    00000018     (.common:return_vals)
                  00001a64    00000014     (.common:ADC0DataRaw)
                  00001a78    00000004     (.common:motor_position)
                  00001a7c    00000002     control.obj (.bss)
                  00001a7e    00000001     (.common:Hall_Int_Status)
                  00001a7f    00000001     (.common:Halls)

.cinit     0    00002a80    00000070     
                  00002a80    0000003b     (.cinit..data.load) [load image, compression = lzss]
                  00002abb    00000001     --HOLE-- [fill = 0]
                  00002abc    0000000c     (__TI_handler_table)
                  00002ac8    00000008     (.cinit..bss.load) [load image, compression = zero_init]
                  00002ad0    00000008     (.cinit..vtable.load) [load image, compression = zero_init]
                  00002ad8    00000018     (__TI_cinit_table)

.init_array 
*          0    00000020    00000000     UNINITIALIZED

__llvm_prf_cnts 
*          0    00000020    00000000     UNINITIALIZED

.stack     0    00001a80    00001000     UNINITIALIZED
                  00001a80    00000004     rtsv7M4_T_le_v4SPD16_eabi.lib : boot_cortex_m.c.obj (.stack)
                  00001a84    00000ffc     --HOLE--

.vtable    0    00002c00    0000026c     UNINITIALIZED
                  00002c00    0000026c     driverlib.lib : interrupt.obj (.vtable)

MODULE SUMMARY

       Module                       code   ro data   rw data
       ------                       ----   -------   -------
    .\
       main.obj                     2492   0         52     
       control.obj                  828    0         77     
       adc.obj                      412    0         20     
       qei.obj                      160    0         0      
    +--+----------------------------+------+---------+---------+
       Total:                       3892   0         149    
                                                            
    C:/ti/TivaWare_C_Series-2.2.0.295/driverlib/ccs/Debug/driverlib.lib
       interrupt.obj                276    40        620    
       gpio.obj                     742    144       0      
       sysctl.obj                   402    0         0      
       adc.obj                      372    0         0      
       pwm.obj                      168    0         0      
       i2c.obj                      68     0         0      
       qei.obj                      48     0         0      
       cpu.obj                      12     0         0      
    +--+----------------------------+------+---------+---------+
       Total:                       2088   184       620    
                                                            
    C:\ti\ccs1010\ccs\tools\compiler\ti-cgt-arm_20.2.1.LTS\lib\rtsv7M4_T_le_v4SPD16_eabi.lib
       memcpy_t2.asm.obj            156    0         0      
       copy_decompress_lzss.c.obj   104    0         0      
       autoinit.c.obj               68     0         0      
       boot_cortex_m.c.obj          52     0         0      
       copy_zero_init.c.obj         28     0         0      
       copy_decompress_none.c.obj   14     0         0      
       exit.c.obj                   4      0         0      
       pre_init.c.obj               4      0         0      
    +--+----------------------------+------+---------+---------+
       Total:                       430    0         0      
                                                            
       Stack:                       0      0         4096   
       Linker Generated:            0      111       0      
    +--+----------------------------+------+---------+---------+
       Grand Total:                 6410   295       4865   


LINKER GENERATED COPY TABLES

__TI_cinit_table @ 00002ad8 records: 3, size/record: 8, table size: 24
	.data: load addr=00002a80, load size=0000003b bytes, run addr=000019e8, run size=00000061 bytes, compression=lzss
	.bss: load addr=00002ac8, load size=00000008 bytes, run addr=00001a4c, run size=00000034 bytes, compression=zero_init
	.vtable: load addr=00002ad0, load size=00000008 bytes, run addr=00002c00, run size=0000026c bytes, compression=zero_init


LINKER GENERATED HANDLER TABLE

__TI_handler_table @ 00002abc records: 3, size/record: 4, table size: 12
	index: 0, handler: __TI_decompress_lzss
	index: 1, handler: __TI_decompress_none
	index: 2, handler: __TI_zero_init


GLOBAL SYMBOLS: SORTED ALPHABETICALLY BY Name 

address   name                          
-------   ----                          
00001a64  ADC0DataRaw                   
00000d19  ADC0_Seq0_ISR                 
000018b9  ADCIntClear                   
0000181b  ADCIntDisable                 
000017cb  ADCIntEnable                  
000016e3  ADCIntRegister                
000014fd  ADCSequenceConfigure          
00001829  ADCSequenceDisable            
00001837  ADCSequenceEnable             
00001251  ADCSequenceStepConfigure      
0000192d  C$$EXIT                       
0000187d  CPUcpsie                      
00001679  GPIODirModeSet                
000018f3  GPIOIntClear                  
00001889  GPIOIntEnable                 
00001845  GPIOIntStatus                 
00001405  GPIOIntTypeSet                
00000eb5  GPIOPadConfigSet              
0000154d  GPIOPinConfigure              
000018f9  GPIOPinRead                   
000016fb  GPIOPinTypeADC                
00001711  GPIOPinTypeGPIOInput          
00001727  GPIOPinTypeI2C                
0000173d  GPIOPinTypeI2CSCL             
00001753  GPIOPinTypePWM                
00001769  GPIOPinTypeQEI                
00001a7e  Hall_Int_Status               
00001a39  Hall_SequenceCCW              
00001a41  Hall_SequenceCW               
00001a22  Hall_State_Unknown            
00001a21  Hall_Stopped                  
00001a7f  Halls                         
000000d9  I2C0SlaveIntHandler           
000018ff  I2CSlaveDataGet               
00001905  I2CSlaveDataPut               
000017db  I2CSlaveEnable                
00001853  I2CSlaveInit                  
000018eb  I2CSlaveIntClear              
00001895  I2CSlaveIntEnableEx           
0000190b  I2CSlaveStatus                
00000021  InitI2C0                      
000012cd  IntDisable                    
00001335  IntEnable                     
000017eb  IntMasterEnable               
000015dd  IntRegister                   
00000a1f  PORTAISR                      
00000b1f  PWM0_ISR                      
00000b3b  PWM0_OutputUpdate             
00000ac7  PWMClearDeadBand              
000018a1  PWMDeadBandDisable            
000017fb  PWMDeadBandEnable             
000016a5  PWMGenConfigure               
000018ad  PWMGenEnable                  
00001911  PWMGenIntClear                
000018c3  PWMGenIntTrigEnable           
0000180b  PWMGenPeriodSet               
00001795  PWMOutputFault                
000017a7  PWMOutputInvert               
00000b6b  PWMOutputOff                  
000017b9  PWMOutputState                
00000a9f  PWMSetDeadBand                
0000191d  PWMSyncTimeBase               
00001921  PWMSyncUpdate                 
00001861  QEIConfigure                  
000018cd  QEIDisable                    
000018d7  QEIEnable                     
000018e1  QEIIntDisable                 
00001925  QEIPositionSet                
00000a6b  Start_Motor                   
00001021  SysCtlClockSet                
00001917  SysCtlDelay                   
00001781  SysCtlPWMClockSet             
00001611  SysCtlPeripheralEnable        
0000145d  SysCtlPeripheralReset         
00002a80  __STACK_END                   
00001000  __STACK_SIZE                  
00002ad8  __TI_CINIT_Base               
00002af0  __TI_CINIT_Limit              
00002abc  __TI_Handler_Table_Base       
00002ac8  __TI_Handler_Table_Limit      
00001599  __TI_auto_init_nobinit_nopinit
0000139d  __TI_decompress_lzss          
0000186f  __TI_decompress_none          
ffffffff  __TI_pprof_out_hndl           
ffffffff  __TI_prof_data_size           
ffffffff  __TI_prof_data_start          
00002a80  __TI_static_base__            
000016c7  __TI_zero_init_nomemset       
000011b5  __aeabi_memcpy                
000011b5  __aeabi_memcpy4               
000011b5  __aeabi_memcpy8               
ffffffff  __binit__                     
ffffffff  __c_args__                    
UNDEFED   __mpu_init                    
00001a80  __stack                       
00000020  __start___llvm_prf_cnts       
00000020  __stop___llvm_prf_cnts        
00001645  _c_int00_noargs               
UNDEFED   _system_post_cinit            
00001929  _system_pre_init              
0000192d  abort                         
00001a25  avg_input_power               
ffffffff  binit                         
00001a34  breaking_circuit_1            
00001a35  breaking_circuit_2            
00001a04  coeffK                        
000019fc  coeffKd                       
000019f8  coeffKi                       
00001a00  coeffKo                       
000019f4  coeffKp                       
00001a23  dataRead                      
00001a14  deadBand                      
00001a27  encoder_1                     
00001a28  encoder_2                     
00001a38  func_test_result              
00002c00  g_pfnRAMVectors               
00001187  getQei0Position               
00001a29  hall_sensor_1                 
00001a2a  hall_sensor_2                 
00001a0c  iMax                          
00000d9f  initADC                       
000009dd  initHW                        
00000b9d  initPWM                       
00001115  initQEI                       
00001a08  integral                      
00001a37  loop_count                    
00000831  main                          
00001a32  mega_cap_1                    
00001a33  mega_cap_2                    
000011b5  memcpy                        
00001a2d  micro_controller_1            
00001a2e  micro_controller_2            
00001a2b  motor_1                       
00001a2c  motor_2                       
00001a36  motor_index                   
00001a78  motor_position                
00001a26  power_generated               
00001a2f  power_supply_1                
00001a30  power_supply_2                
00001a31  power_supply_3                
00001a4c  return_vals                   
00000b89  setMotor0_Direction           
00000ae3  setMotorPwm                   
00001177  setQei0Position               
00001a10  u                             
00001a24  update_stop_flag              
00001a18  y                             
00001a1c  yDiv                          
000019e8  ySetPoint                     
000019ec  yStep1                        
000019f0  yStep2                        


GLOBAL SYMBOLS: SORTED BY Symbol Address 

address   name                          
-------   ----                          
00000020  __start___llvm_prf_cnts       
00000020  __stop___llvm_prf_cnts        
00000021  InitI2C0                      
000000d9  I2C0SlaveIntHandler           
00000831  main                          
000009dd  initHW                        
00000a1f  PORTAISR                      
00000a6b  Start_Motor                   
00000a9f  PWMSetDeadBand                
00000ac7  PWMClearDeadBand              
00000ae3  setMotorPwm                   
00000b1f  PWM0_ISR                      
00000b3b  PWM0_OutputUpdate             
00000b6b  PWMOutputOff                  
00000b89  setMotor0_Direction           
00000b9d  initPWM                       
00000d19  ADC0_Seq0_ISR                 
00000d9f  initADC                       
00000eb5  GPIOPadConfigSet              
00001000  __STACK_SIZE                  
00001021  SysCtlClockSet                
00001115  initQEI                       
00001177  setQei0Position               
00001187  getQei0Position               
000011b5  __aeabi_memcpy                
000011b5  __aeabi_memcpy4               
000011b5  __aeabi_memcpy8               
000011b5  memcpy                        
00001251  ADCSequenceStepConfigure      
000012cd  IntDisable                    
00001335  IntEnable                     
0000139d  __TI_decompress_lzss          
00001405  GPIOIntTypeSet                
0000145d  SysCtlPeripheralReset         
000014fd  ADCSequenceConfigure          
0000154d  GPIOPinConfigure              
00001599  __TI_auto_init_nobinit_nopinit
000015dd  IntRegister                   
00001611  SysCtlPeripheralEnable        
00001645  _c_int00_noargs               
00001679  GPIODirModeSet                
000016a5  PWMGenConfigure               
000016c7  __TI_zero_init_nomemset       
000016e3  ADCIntRegister                
000016fb  GPIOPinTypeADC                
00001711  GPIOPinTypeGPIOInput          
00001727  GPIOPinTypeI2C                
0000173d  GPIOPinTypeI2CSCL             
00001753  GPIOPinTypePWM                
00001769  GPIOPinTypeQEI                
00001781  SysCtlPWMClockSet             
00001795  PWMOutputFault                
000017a7  PWMOutputInvert               
000017b9  PWMOutputState                
000017cb  ADCIntEnable                  
000017db  I2CSlaveEnable                
000017eb  IntMasterEnable               
000017fb  PWMDeadBandEnable             
0000180b  PWMGenPeriodSet               
0000181b  ADCIntDisable                 
00001829  ADCSequenceDisable            
00001837  ADCSequenceEnable             
00001845  GPIOIntStatus                 
00001853  I2CSlaveInit                  
00001861  QEIConfigure                  
0000186f  __TI_decompress_none          
0000187d  CPUcpsie                      
00001889  GPIOIntEnable                 
00001895  I2CSlaveIntEnableEx           
000018a1  PWMDeadBandDisable            
000018ad  PWMGenEnable                  
000018b9  ADCIntClear                   
000018c3  PWMGenIntTrigEnable           
000018cd  QEIDisable                    
000018d7  QEIEnable                     
000018e1  QEIIntDisable                 
000018eb  I2CSlaveIntClear              
000018f3  GPIOIntClear                  
000018f9  GPIOPinRead                   
000018ff  I2CSlaveDataGet               
00001905  I2CSlaveDataPut               
0000190b  I2CSlaveStatus                
00001911  PWMGenIntClear                
00001917  SysCtlDelay                   
0000191d  PWMSyncTimeBase               
00001921  PWMSyncUpdate                 
00001925  QEIPositionSet                
00001929  _system_pre_init              
0000192d  C$$EXIT                       
0000192d  abort                         
000019e8  ySetPoint                     
000019ec  yStep1                        
000019f0  yStep2                        
000019f4  coeffKp                       
000019f8  coeffKi                       
000019fc  coeffKd                       
00001a00  coeffKo                       
00001a04  coeffK                        
00001a08  integral                      
00001a0c  iMax                          
00001a10  u                             
00001a14  deadBand                      
00001a18  y                             
00001a1c  yDiv                          
00001a21  Hall_Stopped                  
00001a22  Hall_State_Unknown            
00001a23  dataRead                      
00001a24  update_stop_flag              
00001a25  avg_input_power               
00001a26  power_generated               
00001a27  encoder_1                     
00001a28  encoder_2                     
00001a29  hall_sensor_1                 
00001a2a  hall_sensor_2                 
00001a2b  motor_1                       
00001a2c  motor_2                       
00001a2d  micro_controller_1            
00001a2e  micro_controller_2            
00001a2f  power_supply_1                
00001a30  power_supply_2                
00001a31  power_supply_3                
00001a32  mega_cap_1                    
00001a33  mega_cap_2                    
00001a34  breaking_circuit_1            
00001a35  breaking_circuit_2            
00001a36  motor_index                   
00001a37  loop_count                    
00001a38  func_test_result              
00001a39  Hall_SequenceCCW              
00001a41  Hall_SequenceCW               
00001a4c  return_vals                   
00001a64  ADC0DataRaw                   
00001a78  motor_position                
00001a7e  Hall_Int_Status               
00001a7f  Halls                         
00001a80  __stack                       
00002a80  __STACK_END                   
00002a80  __TI_static_base__            
00002abc  __TI_Handler_Table_Base       
00002ac8  __TI_Handler_Table_Limit      
00002ad8  __TI_CINIT_Base               
00002af0  __TI_CINIT_Limit              
00002c00  g_pfnRAMVectors               
ffffffff  __TI_pprof_out_hndl           
ffffffff  __TI_prof_data_size           
ffffffff  __TI_prof_data_start          
ffffffff  __binit__                     
ffffffff  __c_args__                    
ffffffff  binit                         
UNDEFED   __mpu_init                    
UNDEFED   _system_post_cinit            

[151 symbols]
